>> /usr/bin/mpirun -n 4 /opt/palace/bin/palace-x86_64.bin palace-3.json

_____________     _______
_____   __   \____ __   /____ ____________
____   /_/  /  __ ` /  /  __ ` /  ___/  _ \
___   _____/  /_/  /  /  /_/  /  /__/  ___/
  /__/     \___,__/__/\___,__/\_____\_____/

Git changeset ID: v0.14.0
Running with 4 MPI processes, 1 OpenMP thread
Device configuration: omp,cpu
Memory configuration: host-std
libCEED backend: /cpu/self/xsmm/blocked

Added 24948 boundary elements for material interfaces to the mesh
Finished partitioning mesh into 4 subdomains

Characteristic length and time scales:
 L₀ = 1.000e-03 m, t₀ = 3.336e-03 ns

Mesh curvature order: 1
Mesh bounding box:
 (Xmin, Ymin, Zmin) = (-1.055e-02, -3.305e-02, -1.035e-03) m
 (Xmax, Ymax, Zmax) = (+6.200e-03, -4.250e-03, +2.529e-03) m

Parallel Mesh Stats:

                minimum     average     maximum       total
 vertices         26980       29409       31457      117636
 edges           171070      179248      185647      716995
 faces           281287      287030      291224     1148123
 elements        137011      137182      137499      548728
 neighbors            2           2           3

            minimum     maximum
 h       0.00133915     1.09545
 kappa      1.06204     16360.2

Configuring Robin absorbing BC (order 1) at attributes:
 1000001

Configuring Robin impedance BC for lumped ports at attributes:
 100001: Rs = 1.526e+01 Ω/sq, n = (+0.0,+0.0,+1.0)
 100002: Rs = 3.022e+01 Ω/sq, n = (+0.0,+0.0,+1.0)
 100003: Rs = 7.909e+00 Ω/sq, n = (+0.0,+0.0,+1.0)
 100004: Rs = 3.022e+01 Ω/sq, n = (+0.0,+0.0,+1.0)

Configuring lumped port circuit properties:
 Index = 1: R = 5.000e+01 Ω
 Index = 2: R = 5.000e+01 Ω
 Index = 3: R = 5.000e+01 Ω
 Index = 4: R = 5.000e+01 Ω

Configuring lumped port excitation source term at attributes:
 100003: Index = 3

Configuring Dirichlet PEC BC at attributes:
 1000000

Computing frequency response for:
Excitation with index 3 has contributions from:
 Lumped port  3

Assembling system matrices, number of global unknowns:
 H1 (p = 1): 117636, ND (p = 1): 716995, RT (p = 1): 1148123
 Operator assembly level: Partial
 Mesh geometries:
  Tetrahedron: P = 6, Q = 4 (quadrature order = 2)

Assembling multigrid hierarchy:
 Level 0 (p = 1): 716995 unknowns
 Level 0 (auxiliary) (p = 1): 117636 unknowns

It 1/1: ω/2π = 4.000e-01 GHz (total elapsed time = 1.30e+01 s)

  Residual norms for GMRES solve
  0 (restart 0) KSP residual norm 2.657167e-02
  1 (restart 0) KSP residual norm 1.221377e-02
  2 (restart 0) KSP residual norm 4.030959e-03
  3 (restart 0) KSP residual norm 4.030073e-03
  4 (restart 0) KSP residual norm 7.574978e-04
  5 (restart 0) KSP residual norm 2.448380e-04
  6 (restart 0) KSP residual norm 8.901939e-05
  7 (restart 0) KSP residual norm 3.258666e-05
  8 (restart 0) KSP residual norm 1.898282e-05
  9 (restart 0) KSP residual norm 7.554617e-06
 10 (restart 0) KSP residual norm 2.037858e-06
 11 (restart 0) KSP residual norm 4.919355e-07
 12 (restart 0) KSP residual norm 3.621765e-07
 13 (restart 0) KSP residual norm 2.374007e-07
 14 (restart 0) KSP residual norm 9.414292e-08
 15 (restart 0) KSP residual norm 3.285598e-08
 16 (restart 0) KSP residual norm 8.724322e-09
 17 (restart 0) KSP residual norm 7.159529e-09
 18 (restart 0) KSP residual norm 2.740840e-09
 19 (restart 0) KSP residual norm 3.874597e-10
 20 (restart 0) KSP residual norm 2.805705e-10
 21 (restart 0) KSP residual norm 1.002197e-10
GMRES solver converged in 21 iterations (avg. reduction factor: 3.971e-01)
 Sol. ||E|| = 2.116588e+01 (||RHS|| = 2.657167e-02)
 Field energy E (1.875e-01 J) + H (1.276e-01 J) = 3.151e-01 J
 S[1][3] = +2.148e-01+1.217e-01i, |S[1][3]| = -1.215e+01, arg(S[1][3]) = +2.953e+01
 S[2][3] = +1.331e-01-1.113e-03i, |S[2][3]| = -1.751e+01, arg(S[2][3]) = -4.788e-01
 S[3][3] = -2.641e-01-1.507e-01i, |S[3][3]| = -1.034e+01, arg(S[3][3]) = -1.503e+02
 S[4][3] = +5.700e-01-6.965e-01i, |S[4][3]| = -9.151e-01, arg(S[4][3]) = -5.070e+01
 Updating solution error estimates

Completed 0 iterations of adaptive mesh refinement (AMR):
 Indicator norm = 6.645e-01, global unknowns = 716995
 Max. iterations = 0, tol. = 1.000e-02

Elapsed Time Report (s)           Min.        Max.        Avg.
==============================================================
Initialization                   0.317       0.337       0.328
  Mesh Preprocessing             5.278       5.279       5.278
Operator Construction            0.777       0.798       0.783
Linear Solve                     7.207       7.218       7.211
  Setup                         12.949      12.951      12.950
  Preconditioner                 5.273       5.278       5.276
Estimation                       0.412       0.511       0.472
  Construction                  13.804      13.809      13.806
  Solve                        142.993     143.066     143.028
Postprocessing                   0.716       0.825       0.784
Disk IO                          2.133       2.134       2.134
--------------------------------------------------------------
Total                          192.072     192.079     192.075

