>> /usr/bin/mpirun -n 2 /opt/palace/bin/palace-x86_64.bin palace-1.json

_____________     _______
_____   __   \____ __   /____ ____________
____   /_/  /  __ ` /  /  __ ` /  ___/  _ \
___   _____/  /_/  /  /  /_/  /  /__/  ___/
  /__/     \___,__/__/\___,__/\_____\_____/

Git changeset ID: v0.14.0
Running with 2 MPI processes, 1 OpenMP thread
Device configuration: omp,cpu
Memory configuration: host-std
libCEED backend: /cpu/self/xsmm/blocked

Added 1190 boundary elements for material interfaces to the mesh
Finished partitioning mesh into 2 subdomains

Characteristic length and time scales:
 L₀ = 1.000e-03 m, t₀ = 3.336e-03 ns

Mesh curvature order: 1
Mesh bounding box:
 (Xmin, Ymin, Zmin) = (-5.000e-03, -4.000e-03, -1.035e-03) m
 (Xmax, Ymax, Zmax) = (+5.000e-03, +4.000e-03, +1.940e-03) m

Parallel Mesh Stats:

                minimum     average     maximum       total
 vertices          2427        2499        2572        4999
 edges            13171       13321       13471       26642
 faces            19630       19660       19690       39320
 elements          8793        8839        8886       17679
 neighbors            1           1           1

            minimum     maximum
 h        0.0153244      1.0518
 kappa       1.0406     211.543

Configuring Robin absorbing BC (order 1) at attributes:
 1000001

Configuring Robin impedance BC for lumped ports at attributes:
 100001: Rs = 5.666e+00 Ω/sq, n = (+0.0,+0.0,-1.0)
 100002: Rs = 5.666e+00 Ω/sq, n = (+0.0,+0.0,-1.0)

Configuring lumped port circuit properties:
 Index = 1: R = 5.000e+01 Ω
 Index = 2: R = 5.000e+01 Ω

Configuring lumped port excitation source term at attributes:
 100001: Index = 1

Configuring Dirichlet PEC BC at attributes:
 1000000

Computing frequency response for:
Excitation with index 1 has contributions from:
 Lumped port  1

Assembling system matrices, number of global unknowns:
 H1 (p = 3): 97603, ND (p = 3): 368883, RT (p = 3): 448068
 Operator assembly level: Partial
 Mesh geometries:
  Tetrahedron: P = 45, Q = 24 (quadrature order = 6)

Assembling multigrid hierarchy:
 Level 0 (p = 3): 368883 unknowns
 Level 0 (auxiliary) (p = 3): 97603 unknowns

It 1/5: ω/2π = 1.000e-01 GHz (total elapsed time = 8.86e+00 s)

  Residual norms for GMRES solve

===================================================================================
=   BAD TERMINATION OF ONE OF YOUR APPLICATION PROCESSES
=   PID 22 RUNNING AT 437f4b532468
=   EXIT CODE: 9
=   CLEANING UP REMAINING PROCESSES
=   YOU CAN IGNORE THE BELOW CLEANUP MESSAGES
===================================================================================
YOUR APPLICATION TERMINATED WITH THE EXIT STRING: Killed (signal 9)
This typically refers to a problem with your application.
Please see the FAQ page for debugging suggestions
