>> /usr/bin/mpirun -n 8 /opt/palace/bin/palace-x86_64.bin palace-1.json

_____________     _______
_____   __   \____ __   /____ ____________
____   /_/  /  __ ` /  /  __ ` /  ___/  _ \
___   _____/  /_/  /  /  /_/  /  /__/  ___/
  /__/     \___,__/__/\___,__/\_____\_____/

Git changeset ID: v0.14.0
Running with 8 MPI processes, 1 OpenMP thread
Device configuration: omp,cpu
Memory configuration: host-std
libCEED backend: /cpu/self/xsmm/blocked

Added 34651 boundary elements for material interfaces to the mesh
Finished partitioning mesh into 8 subdomains

Characteristic length and time scales:
 L₀ = 1.000e-03 m, t₀ = 3.336e-03 ns

Mesh curvature order: 1
Mesh bounding box:
 (Xmin, Ymin, Zmin) = (-1.055e-02, -3.305e-02, -1.035e-03) m
 (Xmax, Ymax, Zmax) = (+6.200e-03, -4.250e-03, +2.529e-03) m

Parallel Mesh Stats:

                minimum     average     maximum       total
 vertices         25409       28338       33098      226710
 edges           169490      177971      192894     1423774
 faces           285207      290309      300477     2322472
 elements        139557      140671      141373     1125372
 neighbors            2           3           4

            minimum     maximum
 h       0.00119713    0.624677
 kappa      1.04118     10511.1

Configuring Robin absorbing BC (order 1) at attributes:
 1000001

Configuring Robin impedance BC for lumped ports at attributes:
 100001: Rs = 1.526e+01 Ω/sq, n = (+0.0,+0.0,+1.0)
 100002: Rs = 3.022e+01 Ω/sq, n = (+0.0,+0.0,+1.0)
 100003: Rs = 7.909e+00 Ω/sq, n = (+0.0,+0.0,+1.0)
 100004: Rs = 3.022e+01 Ω/sq, n = (+0.0,+0.0,+1.0)

Configuring lumped port circuit properties:
 Index = 1: R = 5.000e+01 Ω
 Index = 2: R = 5.000e+01 Ω
 Index = 3: R = 5.000e+01 Ω
 Index = 4: R = 5.000e+01 Ω

Configuring lumped port excitation source term at attributes:
 100001: Index = 1

Configuring Dirichlet PEC BC at attributes:
 1000000

Computing frequency response for:
Excitation with index 1 has contributions from:
 Lumped port  1

Assembling system matrices, number of global unknowns:
 H1 (p = 1): 226710, ND (p = 1): 1423774, RT (p = 1): 2322472
 Operator assembly level: Partial
 Mesh geometries:
  Tetrahedron: P = 6, Q = 4 (quadrature order = 2)

Assembling multigrid hierarchy:
 Level 0 (p = 1): 1423774 unknowns
 Level 0 (auxiliary) (p = 1): 226710 unknowns
 ** ERROR RETURN ** FROM DMUMPS INFO(1)=  -40
 ** INFO(2)=             987
 ** ERROR RETURN ** FROM DMUMPS INFO(1)=  -40
 ** INFO(2)=             987
 ** ERROR RETURN ** FROM DMUMPS INFO(1)=  -40
 ** INFO(2)=             987
 ** ERROR RETURN ** FROM DMUMPS INFO(1)=  -40
 ** INFO(2)=             987
 ** ERROR RETURN ** FROM DMUMPS INFO(1)=  -40
 ** INFO(2)=             987
 ** ERROR RETURN ** FROM DMUMPS INFO(1)=  -40
 ** INFO(2)=             987
 ** ERROR RETURN ** FROM DMUMPS INFO(1)=  -40
 ** INFO(2)=             987
 ** ERROR RETURN ** FROM DMUMPS INFO(1)=  -40
 ** INFO(2)=             987


MFEM abort: Error during MUMPS numerical factorization
 ... in function: virtual void mfem::MUMPSSolver::SetOperator(const mfem::Operator&)
 ... in file: /opt/palace-build/extern/mfem/linalg/mumps.cpp:277



MFEM abort: Error during MUMPS numerical factorization
 ... in function: virtual void mfem::MUMPSSolver::SetOperator(const mfem::Operator&)
 ... in file: /opt/palace-build/extern/mfem/linalg/mumps.cpp:277

Abort(1) on node 5 (rank 5 in comm 0): application called MPI_Abort(MPI_COMM_WORLD, 1) - process 5


MFEM abort: Error during MUMPS numerical factorization
 ... in function: virtual void mfem::MUMPSSolver::SetOperator(const mfem::Operator&)
 ... in file: /opt/palace-build/extern/mfem/linalg/mumps.cpp:277

Abort(1) on node 7 (rank 7 in comm 0): application called MPI_Abort(MPI_COMM_WORLD, 1) - process 7


MFEM abort: Error during MUMPS numerical factorization
 ... in function: virtual void mfem::MUMPSSolver::SetOperator(const mfem::Operator&)
 ... in file: /opt/palace-build/extern/mfem/linalg/mumps.cpp:277



MFEM abort: Error during MUMPS numerical factorization
 ... in function: virtual void mfem::MUMPSSolver::SetOperator(const mfem::Operator&)
 ... in file: /opt/palace-build/extern/mfem/linalg/mumps.cpp:277

Abort(1) on node 1 (rank 1 in comm 0): application called MPI_Abort(MPI_COMM_WORLD, 1) - process 1
Abort(1) on node 4 (rank 4 in comm 0): application called MPI_Abort(MPI_COMM_WORLD, 1) - process 4


MFEM abort: Error during MUMPS numerical factorization
 ... in function: virtual void mfem::MUMPSSolver::SetOperator(const mfem::Operator&)
 ... in file: /opt/palace-build/extern/mfem/linalg/mumps.cpp:277

Abort(1) on node 3 (rank 3 in comm 0): application called MPI_Abort(MPI_COMM_WORLD, 1) - process 3


MFEM abort: Error during MUMPS numerical factorization
 ... in function: virtual void mfem::MUMPSSolver::SetOperator(const mfem::Operator&)
 ... in file: /opt/palace-build/extern/mfem/linalg/mumps.cpp:277



MFEM abort: Error during MUMPS numerical factorization
 ... in function: virtual void mfem::MUMPSSolver::SetOperator(const mfem::Operator&)
 ... in file: /opt/palace-build/extern/mfem/linalg/mumps.cpp:277

Abort(1) on node 0 (rank 0 in comm 0): application called MPI_Abort(MPI_COMM_WORLD, 1) - process 0
Abort(1) on node 6 (rank 6 in comm 0): application called MPI_Abort(MPI_COMM_WORLD, 1) - process 6
 On return from DMUMPS, INFOG(1)=             -40
 On return from DMUMPS, INFOG(2)=             987
