>> /usr/bin/mpirun -n 2 /opt/palace/bin/palace-x86_64.bin palace.json

_____________     _______
_____   __   \____ __   /____ ____________
____   /_/  /  __ ` /  /  __ ` /  ___/  _ \
___   _____/  /_/  /  /  /_/  /  /__/  ___/
  /__/     \___,__/__/\___,__/\_____\_____/

Git changeset ID: v0.14.0
Running with 2 MPI processes, 1 OpenMP thread
Device configuration: omp,cpu
Memory configuration: host-std
libCEED backend: /cpu/self/xsmm/blocked


[38;2;255;255;000m--> Warning![0m
320 mesh faces with no associated boundary element exist on the domain boundary!

Added 320 boundary elements for exterior boundaries to the mesh
Finished partitioning mesh into 2 subdomains

Characteristic length and time scales:
 L₀ = 1.000e-03 m, t₀ = 3.336e-03 ns

Mesh curvature order: 1
Mesh bounding box:
 (Xmin, Ymin, Zmin) = (+0.000e+00, +0.000e+00, +0.000e+00) m
 (Xmax, Ymax, Zmax) = (+1.000e-02, +5.000e-03, +2.000e-04) m

Parallel Mesh Stats:

                minimum     average     maximum       total
 vertices          1045        1061        1078        2123
 edges             5134        5141        5149       10283
 faces             7075        7108        7141       14216
 elements          3003        3027        3052        6055
 neighbors            1           1           1

            minimum     maximum
 h         0.164105    0.271728
 kappa      1.33494     5.32182

Configuring Robin impedance BC for lumped ports at attributes:
 2001: Rs = 1.884e+02 Ω/sq, n = (-1.0,+0.0,+0.0)
 2002: Rs = 1.884e+02 Ω/sq, n = (+1.0,+0.0,+0.0)

Configuring lumped port circuit properties:
 Index = 1: R = 7.535e+00 Ω
 Index = 2: R = 7.535e+00 Ω

Configuring lumped port excitation source term at attributes:
 2001: Index = 1

Configuring Dirichlet PEC BC at attributes:
 2100

Computing frequency response for:
Excitation with index 1 has contributions from:
 Lumped port  1

Assembling system matrices, number of global unknowns:
 H1 (p = 1): 2123, ND (p = 1): 10283, RT (p = 1): 14216
 Operator assembly level: Partial
 Mesh geometries:
  Tetrahedron: P = 6, Q = 4 (quadrature order = 2)

Assembling multigrid hierarchy:
 Level 0 (p = 1): 10283 unknowns
 Level 0 (auxiliary) (p = 1): 2123 unknowns

It 1/5: ω/2π = 1.000e-01 GHz (total elapsed time = 2.56e-02 s)

  Residual norms for GMRES solve
  0 (restart 0) KSP residual norm 9.046214e+00
  1 (restart 0) KSP residual norm 1.471582e-01
  2 (restart 0) KSP residual norm 3.686661e-09
  3 (restart 0) KSP residual norm 1.054726e-10
GMRES solver converged in 3 iterations (avg. reduction factor: 2.268e-04)
 Sol. ||E|| = 8.854942e+00 (||RHS|| = 4.927589e-03)
 Field energy E (3.336e-02 J) + H (3.336e-02 J) = 6.671e-02 J
 S[1][1] = +1.053e-10+2.519e-09i, |S[1][1]| = -1.720e+02, arg(S[1][1]) = +8.761e+01
 S[2][1] = +9.991e-01-4.190e-02i, |S[2][1]| = -2.199e-13, arg(S[2][1]) = -2.402e+00
 Updating solution error estimates

It 2/5: ω/2π = 4.000e-01 GHz (total elapsed time = 2.55e-01 s)

  Residual norms for GMRES solve
  0 (restart 0) KSP residual norm 6.985556e-01
  1 (restart 0) KSP residual norm 3.641245e-01
  2 (restart 0) KSP residual norm 1.489361e-03
  3 (restart 0) KSP residual norm 1.802069e-07
  4 (restart 0) KSP residual norm 5.420216e-10
GMRES solver converged in 4 iterations (avg. reduction factor: 2.734e-03)
 Sol. ||E|| = 8.854939e+00 (||RHS|| = 1.971035e-02)
 Field energy E (3.336e-02 J) + H (3.336e-02 J) = 6.671e-02 J
 S[1][1] = +2.694e-08+1.598e-07i, |S[1][1]| = -1.358e+02, arg(S[1][1]) = +8.043e+01
 S[2][1] = +9.860e-01-1.669e-01i, |S[2][1]| = -3.304e-11, arg(S[2][1]) = -9.607e+00
 Updating solution error estimates

It 3/5: ω/2π = 1.000e+00 GHz (total elapsed time = 4.14e-01 s)

  Residual norms for GMRES solve
  0 (restart 0) KSP residual norm 1.667212e+00
  1 (restart 0) KSP residual norm 6.391714e-01
  2 (restart 0) KSP residual norm 2.017956e-02
  3 (restart 0) KSP residual norm 2.494916e-06
  4 (restart 0) KSP residual norm 1.715752e-08
  5 (restart 0) KSP residual norm 2.188259e-09
  6 (restart 0) KSP residual norm 3.819656e-10
GMRES solver converged in 6 iterations (avg. reduction factor: 1.794e-02)
 Sol. ||E|| = 8.854924e+00 (||RHS|| = 4.927589e-02)
 Field energy E (3.336e-02 J) + H (3.336e-02 J) = 6.671e-02 J
 S[1][1] = +1.002e-06+2.258e-06i, |S[1][1]| = -1.121e+02, arg(S[1][1]) = +6.607e+01
 S[2][1] = +9.134e-01-4.070e-01i, |S[2][1]| = -1.969e-10, arg(S[2][1]) = -2.402e+01
 Updating solution error estimates

It 4/5: ω/2π = 2.000e+00 GHz (total elapsed time = 5.99e-01 s)

  Residual norms for GMRES solve
  0 (restart 0) KSP residual norm 4.366299e+00
  1 (restart 0) KSP residual norm 9.222759e-01
  2 (restart 0) KSP residual norm 1.248756e-01
  3 (restart 0) KSP residual norm 1.668820e-05
  4 (restart 0) KSP residual norm 1.985079e-07
  5 (restart 0) KSP residual norm 3.002757e-08
  6 (restart 0) KSP residual norm 7.832726e-09
  7 (restart 0) KSP residual norm 4.221007e-10
GMRES solver converged in 7 iterations (avg. reduction factor: 3.054e-02)
 Sol. ||E|| = 8.854899e+00 (||RHS|| = 9.855177e-02)
 Field energy E (3.336e-02 J) + H (3.336e-02 J) = 6.671e-02 J
 S[1][1] = +1.336e-05+1.209e-05i, |S[1][1]| = -9.488e+01, arg(S[1][1]) = +4.215e+01
 S[2][1] = +6.687e-01-7.435e-01i, |S[2][1]| = -4.120e-09, arg(S[2][1]) = -4.803e+01
 Updating solution error estimates

It 5/5: ω/2π = 5.000e+00 GHz (total elapsed time = 8.06e-01 s)

  Residual norms for GMRES solve
  0 (restart 0) KSP residual norm 1.894178e+01
  1 (restart 0) KSP residual norm 2.796021e+00
  2 (restart 0) KSP residual norm 1.038133e+00
  3 (restart 0) KSP residual norm 1.506336e-04
  4 (restart 0) KSP residual norm 2.779979e-06
  5 (restart 0) KSP residual norm 7.062895e-07
  6 (restart 0) KSP residual norm 2.007049e-07
  7 (restart 0) KSP residual norm 1.816628e-08
  8 (restart 0) KSP residual norm 8.108292e-09
  9 (restart 0) KSP residual norm 3.100362e-09
 10 (restart 0) KSP residual norm 2.111237e-10
GMRES solver converged in 10 iterations (avg. reduction factor: 7.966e-02)
 Sol. ||E|| = 8.855197e+00 (||RHS|| = 2.463794e-01)
 Field energy E (3.336e-02 J) + H (3.336e-02 J) = 6.672e-02 J
 S[1][1] = +1.122e-04-6.334e-05i, |S[1][1]| = -7.780e+01, arg(S[1][1]) = -2.945e+01
 S[2][1] = -5.013e-01-8.653e-01i, |S[2][1]| = -1.784e-07, arg(S[2][1]) = -1.201e+02
 Updating solution error estimates

Completed 0 iterations of adaptive mesh refinement (AMR):
 Indicator norm = 7.187e-03, global unknowns = 10283
 Max. iterations = 0, tol. = 1.000e-02

Elapsed Time Report (s)           Min.        Max.        Avg.
==============================================================
Initialization                   0.008       0.009       0.008
  Mesh Preprocessing             0.060       0.060       0.060
Operator Construction            0.039       0.040       0.039
Linear Solve                     0.174       0.184       0.179
  Setup                          0.114       0.115       0.114
  Preconditioner                 0.319       0.329       0.324
Estimation                       0.022       0.023       0.023
  Construction                   0.229       0.229       0.229
  Solve                          0.323       0.325       0.324
Postprocessing                   0.036       0.038       0.037
Disk IO                          0.019       0.019       0.019
--------------------------------------------------------------
Total                            1.401       1.403       1.402

