>> /usr/bin/mpirun -n 4 /opt/palace/bin/palace-x86_64.bin palace-1.json

_____________     _______
_____   __   \____ __   /____ ____________
____   /_/  /  __ ` /  /  __ ` /  ___/  _ \
___   _____/  /_/  /  /  /_/  /  /__/  ___/
  /__/     \___,__/__/\___,__/\_____\_____/

Git changeset ID: v0.14.0
Running with 4 MPI processes, 1 OpenMP thread
Device configuration: omp,cpu
Memory configuration: host-std
libCEED backend: /cpu/self/xsmm/blocked

Added 29869 boundary elements for material interfaces to the mesh
Finished partitioning mesh into 4 subdomains

Characteristic length and time scales:
 L₀ = 1.000e-03 m, t₀ = 3.336e-03 ns

Mesh curvature order: 1
Mesh bounding box:
 (Xmin, Ymin, Zmin) = (-1.055e-02, -3.305e-02, -1.035e-03) m
 (Xmax, Ymax, Zmax) = (+6.200e-03, -4.250e-03, +2.529e-03) m

Parallel Mesh Stats:

                minimum     average     maximum       total
 vertices         37968       41474       43874      165897
 edges           245331      256783      264364     1027135
 faces           407555      415548      420961     1662194
 elements        200074      200230      200458      800920
 neighbors            2           2           3

            minimum     maximum
 h        0.0012246    0.747864
 kappa      1.02514     12237.3

Configuring Robin absorbing BC (order 1) at attributes:
 1000001

Configuring Robin impedance BC for lumped ports at attributes:
 100001: Rs = 1.526e+01 Ω/sq, n = (+0.0,+0.0,+1.0)
 100002: Rs = 3.022e+01 Ω/sq, n = (+0.0,+0.0,+1.0)
 100003: Rs = 7.909e+00 Ω/sq, n = (+0.0,+0.0,+1.0)
 100004: Rs = 3.022e+01 Ω/sq, n = (+0.0,+0.0,+1.0)

Configuring lumped port circuit properties:
 Index = 1: R = 5.000e+01 Ω
 Index = 2: R = 5.000e+01 Ω
 Index = 3: R = 5.000e+01 Ω
 Index = 4: R = 5.000e+01 Ω

Configuring lumped port excitation source term at attributes:
 100001: Index = 1

Configuring Dirichlet PEC BC at attributes:
 1000000

Computing frequency response for:
Excitation with index 1 has contributions from:
 Lumped port  1

Assembling system matrices, number of global unknowns:
 H1 (p = 1): 165897, ND (p = 1): 1027135, RT (p = 1): 1662194
 Operator assembly level: Partial
 Mesh geometries:
  Tetrahedron: P = 6, Q = 4 (quadrature order = 2)

Assembling multigrid hierarchy:
 Level 0 (p = 1): 1027135 unknowns
 Level 0 (auxiliary) (p = 1): 165897 unknowns

It 1/1: ω/2π = 4.000e-01 GHz (total elapsed time = 2.27e+00 s)

   Residual norms for GMRES solve
   0 (restart 0) KSP residual norm 3.537827e-01
   1 (restart 0) KSP residual norm 2.065401e-01
   2 (restart 0) KSP residual norm 1.353562e-01
   3 (restart 0) KSP residual norm 1.349444e-01
   4 (restart 0) KSP residual norm 1.295721e-01
   5 (restart 0) KSP residual norm 1.273667e-01
   6 (restart 0) KSP residual norm 1.184480e-01
   7 (restart 0) KSP residual norm 1.169928e-01
   8 (restart 0) KSP residual norm 1.129694e-01
   9 (restart 0) KSP residual norm 1.021406e-01
  10 (restart 0) KSP residual norm 9.968355e-02
  11 (restart 0) KSP residual norm 9.642753e-02
  12 (restart 0) KSP residual norm 9.541033e-02
  13 (restart 0) KSP residual norm 9.389866e-02
  14 (restart 0) KSP residual norm 9.279932e-02
  15 (restart 0) KSP residual norm 9.259682e-02
  16 (restart 0) KSP residual norm 9.208001e-02
  17 (restart 0) KSP residual norm 9.191700e-02
  18 (restart 0) KSP residual norm 9.166295e-02
  19 (restart 0) KSP residual norm 8.977573e-02
  20 (restart 0) KSP residual norm 8.864665e-02
  21 (restart 0) KSP residual norm 8.860743e-02
  22 (restart 0) KSP residual norm 8.820432e-02
  23 (restart 0) KSP residual norm 8.806807e-02
  24 (restart 0) KSP residual norm 8.796886e-02
  25 (restart 0) KSP residual norm 8.779238e-02
  26 (restart 0) KSP residual norm 8.751587e-02
  27 (restart 0) KSP residual norm 8.695988e-02
  28 (restart 0) KSP residual norm 8.682737e-02
  29 (restart 0) KSP residual norm 8.650589e-02
  30 (restart 0) KSP residual norm 8.643768e-02
  31 (restart 0) KSP residual norm 8.590835e-02
  32 (restart 0) KSP residual norm 8.420757e-02
  33 (restart 0) KSP residual norm 8.383445e-02
  34 (restart 0) KSP residual norm 8.303684e-02
  35 (restart 0) KSP residual norm 8.251689e-02
  36 (restart 0) KSP residual norm 8.117643e-02
  37 (restart 0) KSP residual norm 8.032570e-02
  38 (restart 0) KSP residual norm 7.816542e-02
  39 (restart 0) KSP residual norm 7.754161e-02
  40 (restart 0) KSP residual norm 7.720012e-02
  41 (restart 0) KSP residual norm 7.335364e-02
  42 (restart 0) KSP residual norm 7.333313e-02
  43 (restart 0) KSP residual norm 7.168726e-02
  44 (restart 0) KSP residual norm 7.000295e-02
  45 (restart 0) KSP residual norm 6.778230e-02
  46 (restart 0) KSP residual norm 6.552018e-02
  47 (restart 0) KSP residual norm 5.824952e-02
  48 (restart 0) KSP residual norm 5.711461e-02
  49 (restart 0) KSP residual norm 5.614105e-02
  50 (restart 0) KSP residual norm 4.741935e-02
  51 (restart 0) KSP residual norm 4.711884e-02
  52 (restart 0) KSP residual norm 4.390338e-02
  53 (restart 0) KSP residual norm 3.891790e-02
  54 (restart 0) KSP residual norm 3.642110e-02
  55 (restart 0) KSP residual norm 3.255050e-02
  56 (restart 0) KSP residual norm 3.089716e-02
  57 (restart 0) KSP residual norm 2.880047e-02
  58 (restart 0) KSP residual norm 2.720004e-02
  59 (restart 0) KSP residual norm 2.555323e-02
  60 (restart 0) KSP residual norm 2.509079e-02
  61 (restart 0) KSP residual norm 2.472512e-02
  62 (restart 0) KSP residual norm 2.385260e-02
  63 (restart 0) KSP residual norm 2.377306e-02
  64 (restart 0) KSP residual norm 2.318592e-02
  65 (restart 0) KSP residual norm 2.280725e-02
  66 (restart 0) KSP residual norm 2.270421e-02
  67 (restart 0) KSP residual norm 2.232192e-02
  68 (restart 0) KSP residual norm 2.206738e-02
  69 (restart 0) KSP residual norm 2.201132e-02
  70 (restart 0) KSP residual norm 2.193042e-02
  71 (restart 0) KSP residual norm 2.162432e-02
  72 (restart 0) KSP residual norm 2.148880e-02
  73 (restart 0) KSP residual norm 2.127606e-02
  74 (restart 0) KSP residual norm 2.107432e-02
  75 (restart 0) KSP residual norm 2.079331e-02
  76 (restart 0) KSP residual norm 2.068869e-02
  77 (restart 0) KSP residual norm 2.037140e-02
  78 (restart 0) KSP residual norm 2.022705e-02
  79 (restart 0) KSP residual norm 2.016675e-02
  80 (restart 0) KSP residual norm 1.988138e-02
  81 (restart 0) KSP residual norm 1.974596e-02
  82 (restart 0) KSP residual norm 1.960007e-02
  83 (restart 0) KSP residual norm 1.933053e-02
  84 (restart 0) KSP residual norm 1.889323e-02
  85 (restart 0) KSP residual norm 1.862033e-02
  86 (restart 0) KSP residual norm 1.837074e-02
  87 (restart 0) KSP residual norm 1.814763e-02
  88 (restart 0) KSP residual norm 1.806852e-02
  89 (restart 0) KSP residual norm 1.769490e-02
  90 (restart 0) KSP residual norm 1.756882e-02
  91 (restart 0) KSP residual norm 1.737431e-02
  92 (restart 0) KSP residual norm 1.705906e-02
  93 (restart 0) KSP residual norm 1.638731e-02
  94 (restart 0) KSP residual norm 1.618192e-02
  95 (restart 0) KSP residual norm 1.592747e-02
  96 (restart 0) KSP residual norm 1.560323e-02
  97 (restart 0) KSP residual norm 1.560052e-02
  98 (restart 0) KSP residual norm 1.530663e-02
  99 (restart 0) KSP residual norm 1.513333e-02
 100 (restart 0) KSP residual norm 1.502650e-02
 101 (restart 0) KSP residual norm 1.491832e-02
 102 (restart 0) KSP residual norm 1.456845e-02
 103 (restart 0) KSP residual norm 1.447344e-02
 104 (restart 0) KSP residual norm 1.427729e-02
 105 (restart 0) KSP residual norm 1.412714e-02
 106 (restart 0) KSP residual norm 1.393113e-02
 107 (restart 0) KSP residual norm 1.387471e-02
 108 (restart 0) KSP residual norm 1.368536e-02
 109 (restart 0) KSP residual norm 1.363793e-02
 110 (restart 0) KSP residual norm 1.357433e-02
 111 (restart 0) KSP residual norm 1.345007e-02
 112 (restart 0) KSP residual norm 1.332231e-02
 113 (restart 0) KSP residual norm 1.325520e-02
 114 (restart 0) KSP residual norm 1.317683e-02
 115 (restart 0) KSP residual norm 1.310542e-02
 116 (restart 0) KSP residual norm 1.307287e-02
 117 (restart 0) KSP residual norm 1.303262e-02
 118 (restart 0) KSP residual norm 1.291635e-02
 119 (restart 0) KSP residual norm 1.289935e-02
 120 (restart 0) KSP residual norm 1.284935e-02
 121 (restart 0) KSP residual norm 1.262416e-02
 122 (restart 0) KSP residual norm 1.236723e-02
 123 (restart 0) KSP residual norm 1.227545e-02
 124 (restart 0) KSP residual norm 1.195581e-02
 125 (restart 0) KSP residual norm 1.170167e-02
 126 (restart 0) KSP residual norm 1.168186e-02
 127 (restart 0) KSP residual norm 1.082868e-02
 128 (restart 0) KSP residual norm 1.021100e-02
 129 (restart 0) KSP residual norm 9.878910e-03
 130 (restart 0) KSP residual norm 9.465092e-03
 131 (restart 0) KSP residual norm 8.362369e-03
 132 (restart 0) KSP residual norm 8.327512e-03
 133 (restart 0) KSP residual norm 7.155734e-03
 134 (restart 0) KSP residual norm 6.978314e-03
 135 (restart 0) KSP residual norm 6.861739e-03
 136 (restart 0) KSP residual norm 6.482336e-03
 137 (restart 0) KSP residual norm 6.090631e-03
 138 (restart 0) KSP residual norm 6.080960e-03
 139 (restart 0) KSP residual norm 5.936124e-03
 140 (restart 0) KSP residual norm 5.872533e-03
 141 (restart 0) KSP residual norm 5.841602e-03
 142 (restart 0) KSP residual norm 5.808659e-03
 143 (restart 0) KSP residual norm 5.708344e-03
 144 (restart 0) KSP residual norm 5.680424e-03
 145 (restart 0) KSP residual norm 5.650399e-03
 146 (restart 0) KSP residual norm 5.596740e-03
 147 (restart 0) KSP residual norm 5.572602e-03
 148 (restart 0) KSP residual norm 5.553051e-03
 149 (restart 0) KSP residual norm 5.539959e-03
 150 (restart 0) KSP residual norm 5.505232e-03
 151 (restart 0) KSP residual norm 5.441231e-03
 152 (restart 0) KSP residual norm 5.417099e-03
 153 (restart 0) KSP residual norm 5.232960e-03
 154 (restart 0) KSP residual norm 5.223527e-03
 155 (restart 0) KSP residual norm 5.165644e-03
 156 (restart 0) KSP residual norm 5.053733e-03
 157 (restart 0) KSP residual norm 4.852451e-03
 158 (restart 0) KSP residual norm 4.824415e-03
 159 (restart 0) KSP residual norm 4.457027e-03
 160 (restart 0) KSP residual norm 4.390275e-03
 161 (restart 0) KSP residual norm 4.358078e-03
 162 (restart 0) KSP residual norm 4.204358e-03
 163 (restart 0) KSP residual norm 3.889831e-03
 164 (restart 0) KSP residual norm 3.879924e-03
 165 (restart 0) KSP residual norm 3.710495e-03
 166 (restart 0) KSP residual norm 3.599906e-03
 167 (restart 0) KSP residual norm 3.569983e-03
 168 (restart 0) KSP residual norm 3.456327e-03
 169 (restart 0) KSP residual norm 3.350041e-03
 170 (restart 0) KSP residual norm 3.343710e-03
 171 (restart 0) KSP residual norm 3.319776e-03
 172 (restart 0) KSP residual norm 3.246682e-03
 173 (restart 0) KSP residual norm 3.234015e-03
 174 (restart 0) KSP residual norm 3.208570e-03
 175 (restart 0) KSP residual norm 3.176059e-03
 176 (restart 0) KSP residual norm 3.169214e-03
 177 (restart 0) KSP residual norm 3.166876e-03
 178 (restart 0) KSP residual norm 3.148641e-03
 179 (restart 0) KSP residual norm 3.146516e-03
 180 (restart 0) KSP residual norm 3.145105e-03
 181 (restart 0) KSP residual norm 3.143030e-03
 182 (restart 0) KSP residual norm 3.140868e-03
 183 (restart 0) KSP residual norm 3.140052e-03
 184 (restart 0) KSP residual norm 3.139282e-03
 185 (restart 0) KSP residual norm 3.136537e-03
 186 (restart 0) KSP residual norm 3.136179e-03
 187 (restart 0) KSP residual norm 3.135398e-03
 188 (restart 0) KSP residual norm 3.129673e-03
 189 (restart 0) KSP residual norm 3.123619e-03
 190 (restart 0) KSP residual norm 3.119137e-03
 191 (restart 0) KSP residual norm 3.096394e-03
 192 (restart 0) KSP residual norm 3.091335e-03
 193 (restart 0) KSP residual norm 3.088817e-03
 194 (restart 0) KSP residual norm 3.043024e-03
 195 (restart 0) KSP residual norm 3.023903e-03
 196 (restart 0) KSP residual norm 3.007553e-03
 197 (restart 0) KSP residual norm 2.974845e-03
 198 (restart 0) KSP residual norm 2.932087e-03
 199 (restart 0) KSP residual norm 2.926939e-03
 200 (restart 1) KSP residual norm 2.829168e-03
 201 (restart 1) KSP residual norm 2.822588e-03
 202 (restart 1) KSP residual norm 2.820574e-03
 203 (restart 1) KSP residual norm 2.818727e-03
 204 (restart 1) KSP residual norm 2.804276e-03
 205 (restart 1) KSP residual norm 2.802542e-03
 206 (restart 1) KSP residual norm 2.792863e-03
 207 (restart 1) KSP residual norm 2.782733e-03
 208 (restart 1) KSP residual norm 2.774426e-03
 209 (restart 1) KSP residual norm 2.772497e-03
 210 (restart 1) KSP residual norm 2.771092e-03
 211 (restart 1) KSP residual norm 2.760467e-03
 212 (restart 1) KSP residual norm 2.755515e-03
 213 (restart 1) KSP residual norm 2.747090e-03
 214 (restart 1) KSP residual norm 2.736478e-03
 215 (restart 1) KSP residual norm 2.730910e-03
 216 (restart 1) KSP residual norm 2.729310e-03
 217 (restart 1) KSP residual norm 2.710180e-03
 218 (restart 1) KSP residual norm 2.709118e-03
 219 (restart 1) KSP residual norm 2.706684e-03
 220 (restart 1) KSP residual norm 2.699438e-03
 221 (restart 1) KSP residual norm 2.696417e-03
 222 (restart 1) KSP residual norm 2.693873e-03
 223 (restart 1) KSP residual norm 2.691261e-03
 224 (restart 1) KSP residual norm 2.684343e-03
 225 (restart 1) KSP residual norm 2.681140e-03
 226 (restart 1) KSP residual norm 2.678408e-03
 227 (restart 1) KSP residual norm 2.674320e-03
 228 (restart 1) KSP residual norm 2.673217e-03
 229 (restart 1) KSP residual norm 2.672459e-03
 230 (restart 1) KSP residual norm 2.671728e-03
 231 (restart 1) KSP residual norm 2.671543e-03
 232 (restart 1) KSP residual norm 2.671162e-03
 233 (restart 1) KSP residual norm 2.669997e-03
 234 (restart 1) KSP residual norm 2.669590e-03
 235 (restart 1) KSP residual norm 2.667841e-03
 236 (restart 1) KSP residual norm 2.665172e-03
 237 (restart 1) KSP residual norm 2.664751e-03
 238 (restart 1) KSP residual norm 2.663048e-03
 239 (restart 1) KSP residual norm 2.663031e-03
 240 (restart 1) KSP residual norm 2.662711e-03
 241 (restart 1) KSP residual norm 2.658377e-03
 242 (restart 1) KSP residual norm 2.658165e-03
 243 (restart 1) KSP residual norm 2.653554e-03
 244 (restart 1) KSP residual norm 2.651939e-03
 245 (restart 1) KSP residual norm 2.651621e-03
 246 (restart 1) KSP residual norm 2.640727e-03
 247 (restart 1) KSP residual norm 2.637946e-03
 248 (restart 1) KSP residual norm 2.633332e-03
 249 (restart 1) KSP residual norm 2.627245e-03
 250 (restart 1) KSP residual norm 2.616597e-03
 251 (restart 1) KSP residual norm 2.613942e-03
 252 (restart 1) KSP residual norm 2.600061e-03
 253 (restart 1) KSP residual norm 2.584001e-03
 254 (restart 1) KSP residual norm 2.582914e-03
 255 (restart 1) KSP residual norm 2.537599e-03
 256 (restart 1) KSP residual norm 2.535170e-03
 257 (restart 1) KSP residual norm 2.528789e-03
 258 (restart 1) KSP residual norm 2.498620e-03
 259 (restart 1) KSP residual norm 2.487449e-03
 260 (restart 1) KSP residual norm 2.469022e-03
 261 (restart 1) KSP residual norm 2.460035e-03
 262 (restart 1) KSP residual norm 2.452589e-03
 263 (restart 1) KSP residual norm 2.446218e-03
 264 (restart 1) KSP residual norm 2.437699e-03
 265 (restart 1) KSP residual norm 2.436920e-03
 266 (restart 1) KSP residual norm 2.433862e-03
 267 (restart 1) KSP residual norm 2.427728e-03
 268 (restart 1) KSP residual norm 2.427579e-03
 269 (restart 1) KSP residual norm 2.424218e-03
 270 (restart 1) KSP residual norm 2.422350e-03
 271 (restart 1) KSP residual norm 2.420498e-03
 272 (restart 1) KSP residual norm 2.419114e-03
 273 (restart 1) KSP residual norm 2.414289e-03
 274 (restart 1) KSP residual norm 2.412795e-03
 275 (restart 1) KSP residual norm 2.411755e-03
 276 (restart 1) KSP residual norm 2.407017e-03
 277 (restart 1) KSP residual norm 2.405535e-03
 278 (restart 1) KSP residual norm 2.402178e-03
 279 (restart 1) KSP residual norm 2.398724e-03
 280 (restart 1) KSP residual norm 2.394099e-03
 281 (restart 1) KSP residual norm 2.391605e-03
 282 (restart 1) KSP residual norm 2.386590e-03
 283 (restart 1) KSP residual norm 2.382368e-03
 284 (restart 1) KSP residual norm 2.376009e-03
 285 (restart 1) KSP residual norm 2.362204e-03
 286 (restart 1) KSP residual norm 2.344516e-03
 287 (restart 1) KSP residual norm 2.327696e-03
 288 (restart 1) KSP residual norm 2.296355e-03
 289 (restart 1) KSP residual norm 2.254412e-03
 290 (restart 1) KSP residual norm 2.247261e-03
 291 (restart 1) KSP residual norm 2.180796e-03
 292 (restart 1) KSP residual norm 2.173990e-03
 293 (restart 1) KSP residual norm 2.163577e-03
 294 (restart 1) KSP residual norm 2.128050e-03
 295 (restart 1) KSP residual norm 2.070093e-03
 296 (restart 1) KSP residual norm 2.052417e-03
 297 (restart 1) KSP residual norm 2.023400e-03
 298 (restart 1) KSP residual norm 2.009244e-03
 299 (restart 1) KSP residual norm 2.008181e-03
 300 (restart 1) KSP residual norm 1.986303e-03
 301 (restart 1) KSP residual norm 1.971103e-03
 302 (restart 1) KSP residual norm 1.961379e-03
 303 (restart 1) KSP residual norm 1.954685e-03
 304 (restart 1) KSP residual norm 1.940007e-03
 305 (restart 1) KSP residual norm 1.935248e-03
 306 (restart 1) KSP residual norm 1.931988e-03
 307 (restart 1) KSP residual norm 1.922400e-03
 308 (restart 1) KSP residual norm 1.917214e-03
 309 (restart 1) KSP residual norm 1.915335e-03
 310 (restart 1) KSP residual norm 1.896791e-03
 311 (restart 1) KSP residual norm 1.892842e-03
 312 (restart 1) KSP residual norm 1.885477e-03
 313 (restart 1) KSP residual norm 1.875712e-03
 314 (restart 1) KSP residual norm 1.863353e-03
 315 (restart 1) KSP residual norm 1.860959e-03
 316 (restart 1) KSP residual norm 1.833581e-03
 317 (restart 1) KSP residual norm 1.826012e-03
 318 (restart 1) KSP residual norm 1.822231e-03
 319 (restart 1) KSP residual norm 1.800461e-03
 320 (restart 1) KSP residual norm 1.767654e-03
 321 (restart 1) KSP residual norm 1.759734e-03
 322 (restart 1) KSP residual norm 1.735628e-03
 323 (restart 1) KSP residual norm 1.716868e-03
 324 (restart 1) KSP residual norm 1.711204e-03
 325 (restart 1) KSP residual norm 1.664761e-03
 326 (restart 1) KSP residual norm 1.639853e-03
 327 (restart 1) KSP residual norm 1.630497e-03
 328 (restart 1) KSP residual norm 1.622475e-03
 329 (restart 1) KSP residual norm 1.586273e-03
 330 (restart 1) KSP residual norm 1.582386e-03
 331 (restart 1) KSP residual norm 1.538638e-03
 332 (restart 1) KSP residual norm 1.500326e-03
 333 (restart 1) KSP residual norm 1.483333e-03
 334 (restart 1) KSP residual norm 1.465811e-03
 335 (restart 1) KSP residual norm 1.418850e-03
 336 (restart 1) KSP residual norm 1.417926e-03
 337 (restart 1) KSP residual norm 1.395973e-03
 338 (restart 1) KSP residual norm 1.384054e-03
 339 (restart 1) KSP residual norm 1.377535e-03
 340 (restart 1) KSP residual norm 1.372071e-03
 341 (restart 1) KSP residual norm 1.358936e-03
 342 (restart 1) KSP residual norm 1.357725e-03
 343 (restart 1) KSP residual norm 1.355070e-03
 344 (restart 1) KSP residual norm 1.353036e-03
 345 (restart 1) KSP residual norm 1.341790e-03
 346 (restart 1) KSP residual norm 1.338758e-03
 347 (restart 1) KSP residual norm 1.323247e-03
 348 (restart 1) KSP residual norm 1.316196e-03
 349 (restart 1) KSP residual norm 1.310341e-03
 350 (restart 1) KSP residual norm 1.298545e-03
 351 (restart 1) KSP residual norm 1.281541e-03
 352 (restart 1) KSP residual norm 1.277870e-03
 353 (restart 1) KSP residual norm 1.259459e-03
 354 (restart 1) KSP residual norm 1.237704e-03
 355 (restart 1) KSP residual norm 1.231150e-03
 356 (restart 1) KSP residual norm 1.199346e-03
 357 (restart 1) KSP residual norm 1.151640e-03
 358 (restart 1) KSP residual norm 1.147626e-03
 359 (restart 1) KSP residual norm 1.135752e-03
 360 (restart 1) KSP residual norm 1.052055e-03
 361 (restart 1) KSP residual norm 1.028055e-03
 362 (restart 1) KSP residual norm 9.376958e-04
 363 (restart 1) KSP residual norm 8.667354e-04
 364 (restart 1) KSP residual norm 8.376598e-04
 365 (restart 1) KSP residual norm 8.254236e-04
 366 (restart 1) KSP residual norm 7.135828e-04
 367 (restart 1) KSP residual norm 6.899857e-04
 368 (restart 1) KSP residual norm 6.324291e-04
 369 (restart 1) KSP residual norm 6.004372e-04
 370 (restart 1) KSP residual norm 5.463040e-04
 371 (restart 1) KSP residual norm 5.406956e-04
 372 (restart 1) KSP residual norm 4.514156e-04
 373 (restart 1) KSP residual norm 4.260115e-04
 374 (restart 1) KSP residual norm 4.023611e-04
 375 (restart 1) KSP residual norm 3.813327e-04
 376 (restart 1) KSP residual norm 3.280565e-04
 377 (restart 1) KSP residual norm 3.271076e-04
 378 (restart 1) KSP residual norm 2.843564e-04
 379 (restart 1) KSP residual norm 2.753332e-04
 380 (restart 1) KSP residual norm 2.687496e-04
 381 (restart 1) KSP residual norm 2.558979e-04
 382 (restart 1) KSP residual norm 2.355740e-04
 383 (restart 1) KSP residual norm 2.352124e-04
 384 (restart 1) KSP residual norm 2.260841e-04
 385 (restart 1) KSP residual norm 2.229302e-04
 386 (restart 1) KSP residual norm 2.198729e-04
 387 (restart 1) KSP residual norm 2.181471e-04
 388 (restart 1) KSP residual norm 2.105836e-04
 389 (restart 1) KSP residual norm 2.093571e-04
 390 (restart 1) KSP residual norm 2.067011e-04
 391 (restart 1) KSP residual norm 2.041225e-04
 392 (restart 1) KSP residual norm 2.016471e-04
 393 (restart 1) KSP residual norm 2.013126e-04
 394 (restart 1) KSP residual norm 1.980343e-04
 395 (restart 1) KSP residual norm 1.968450e-04
 396 (restart 1) KSP residual norm 1.964505e-04
 397 (restart 1) KSP residual norm 1.954949e-04
 398 (restart 1) KSP residual norm 1.926981e-04
 399 (restart 1) KSP residual norm 1.925142e-04
 400 (restart 2) KSP residual norm 1.900459e-04
 401 (restart 2) KSP residual norm 1.900014e-04
 402 (restart 2) KSP residual norm 1.899182e-04
 403 (restart 2) KSP residual norm 1.898385e-04
 404 (restart 2) KSP residual norm 1.895602e-04
 405 (restart 2) KSP residual norm 1.894876e-04
 406 (restart 2) KSP residual norm 1.892585e-04
 407 (restart 2) KSP residual norm 1.891230e-04
 408 (restart 2) KSP residual norm 1.890024e-04
 409 (restart 2) KSP residual norm 1.889900e-04
 410 (restart 2) KSP residual norm 1.889452e-04
 411 (restart 2) KSP residual norm 1.887767e-04
 412 (restart 2) KSP residual norm 1.885771e-04
 413 (restart 2) KSP residual norm 1.882597e-04
 414 (restart 2) KSP residual norm 1.880346e-04
 415 (restart 2) KSP residual norm 1.875846e-04
 416 (restart 2) KSP residual norm 1.874959e-04
 417 (restart 2) KSP residual norm 1.869708e-04
 418 (restart 2) KSP residual norm 1.866981e-04
 419 (restart 2) KSP residual norm 1.864857e-04
 420 (restart 2) KSP residual norm 1.858538e-04
 421 (restart 2) KSP residual norm 1.853674e-04
 422 (restart 2) KSP residual norm 1.850028e-04
 423 (restart 2) KSP residual norm 1.844996e-04
 424 (restart 2) KSP residual norm 1.833623e-04
 425 (restart 2) KSP residual norm 1.829597e-04
 426 (restart 2) KSP residual norm 1.816093e-04
 427 (restart 2) KSP residual norm 1.805654e-04
 428 (restart 2) KSP residual norm 1.804749e-04
 429 (restart 2) KSP residual norm 1.771576e-04
 430 (restart 2) KSP residual norm 1.763135e-04
 431 (restart 2) KSP residual norm 1.754356e-04
 432 (restart 2) KSP residual norm 1.739193e-04
 433 (restart 2) KSP residual norm 1.723585e-04
 434 (restart 2) KSP residual norm 1.712800e-04
 435 (restart 2) KSP residual norm 1.701118e-04
 436 (restart 2) KSP residual norm 1.687130e-04
 437 (restart 2) KSP residual norm 1.669880e-04
 438 (restart 2) KSP residual norm 1.637752e-04
 439 (restart 2) KSP residual norm 1.625579e-04
 440 (restart 2) KSP residual norm 1.610967e-04
 441 (restart 2) KSP residual norm 1.564939e-04
 442 (restart 2) KSP residual norm 1.553342e-04
 443 (restart 2) KSP residual norm 1.518675e-04
 444 (restart 2) KSP residual norm 1.472298e-04
 445 (restart 2) KSP residual norm 1.468659e-04
 446 (restart 2) KSP residual norm 1.371713e-04
 447 (restart 2) KSP residual norm 1.358256e-04
 448 (restart 2) KSP residual norm 1.342539e-04
 449 (restart 2) KSP residual norm 1.284418e-04
 450 (restart 2) KSP residual norm 1.250450e-04
 451 (restart 2) KSP residual norm 1.221658e-04
 452 (restart 2) KSP residual norm 1.208711e-04
 453 (restart 2) KSP residual norm 1.191538e-04
 454 (restart 2) KSP residual norm 1.185558e-04
 455 (restart 2) KSP residual norm 1.168734e-04
 456 (restart 2) KSP residual norm 1.166401e-04
 457 (restart 2) KSP residual norm 1.163858e-04
 458 (restart 2) KSP residual norm 1.143248e-04
 459 (restart 2) KSP residual norm 1.140471e-04
 460 (restart 2) KSP residual norm 1.128437e-04
 461 (restart 2) KSP residual norm 1.120457e-04
 462 (restart 2) KSP residual norm 1.111495e-04
 463 (restart 2) KSP residual norm 1.102409e-04
 464 (restart 2) KSP residual norm 1.084736e-04
 465 (restart 2) KSP residual norm 1.078982e-04
 466 (restart 2) KSP residual norm 1.074562e-04
 467 (restart 2) KSP residual norm 1.060565e-04
 468 (restart 2) KSP residual norm 1.058779e-04
 469 (restart 2) KSP residual norm 1.047245e-04
 470 (restart 2) KSP residual norm 1.044494e-04
 471 (restart 2) KSP residual norm 1.042446e-04
 472 (restart 2) KSP residual norm 1.035808e-04
 473 (restart 2) KSP residual norm 1.034041e-04
 474 (restart 2) KSP residual norm 1.029124e-04
 475 (restart 2) KSP residual norm 1.024089e-04
 476 (restart 2) KSP residual norm 1.017343e-04
 477 (restart 2) KSP residual norm 1.008099e-04
 478 (restart 2) KSP residual norm 1.003589e-04
 479 (restart 2) KSP residual norm 1.002331e-04
 480 (restart 2) KSP residual norm 9.908183e-05
 481 (restart 2) KSP residual norm 9.904725e-05
 482 (restart 2) KSP residual norm 9.846336e-05
 483 (restart 2) KSP residual norm 9.793451e-05
 484 (restart 2) KSP residual norm 9.734991e-05
 485 (restart 2) KSP residual norm 9.642654e-05
 486 (restart 2) KSP residual norm 9.522702e-05
 487 (restart 2) KSP residual norm 9.519857e-05
 488 (restart 2) KSP residual norm 9.482850e-05
 489 (restart 2) KSP residual norm 9.237410e-05
 490 (restart 2) KSP residual norm 9.230235e-05
 491 (restart 2) KSP residual norm 8.807229e-05
 492 (restart 2) KSP residual norm 8.729468e-05
 493 (restart 2) KSP residual norm 8.636915e-05
 494 (restart 2) KSP residual norm 8.358433e-05
 495 (restart 2) KSP residual norm 8.240498e-05
 496 (restart 2) KSP residual norm 8.208186e-05
 497 (restart 2) KSP residual norm 8.139944e-05
 498 (restart 2) KSP residual norm 8.054098e-05
 499 (restart 2) KSP residual norm 8.026804e-05
 500 (restart 2) KSP residual norm 7.857534e-05
 501 (restart 2) KSP residual norm 7.777485e-05
 502 (restart 2) KSP residual norm 7.739604e-05
 503 (restart 2) KSP residual norm 7.698697e-05
 504 (restart 2) KSP residual norm 7.653661e-05
 505 (restart 2) KSP residual norm 7.648169e-05
 506 (restart 2) KSP residual norm 7.618673e-05
 507 (restart 2) KSP residual norm 7.599345e-05
 508 (restart 2) KSP residual norm 7.565176e-05
 509 (restart 2) KSP residual norm 7.553741e-05
 510 (restart 2) KSP residual norm 7.449099e-05
 511 (restart 2) KSP residual norm 7.408476e-05
 512 (restart 2) KSP residual norm 7.372765e-05
 513 (restart 2) KSP residual norm 7.329909e-05
 514 (restart 2) KSP residual norm 7.264684e-05
 515 (restart 2) KSP residual norm 7.255135e-05
 516 (restart 2) KSP residual norm 7.173048e-05
 517 (restart 2) KSP residual norm 7.096692e-05
 518 (restart 2) KSP residual norm 7.060637e-05
 519 (restart 2) KSP residual norm 6.886326e-05
 520 (restart 2) KSP residual norm 6.718627e-05
 521 (restart 2) KSP residual norm 6.688880e-05
 522 (restart 2) KSP residual norm 6.628726e-05
 523 (restart 2) KSP residual norm 6.252696e-05
 524 (restart 2) KSP residual norm 6.229969e-05
 525 (restart 2) KSP residual norm 5.957339e-05
 526 (restart 2) KSP residual norm 5.843538e-05
 527 (restart 2) KSP residual norm 5.753835e-05
 528 (restart 2) KSP residual norm 5.680093e-05
 529 (restart 2) KSP residual norm 5.449398e-05
 530 (restart 2) KSP residual norm 5.441994e-05
 531 (restart 2) KSP residual norm 5.374672e-05
 532 (restart 2) KSP residual norm 5.330318e-05
 533 (restart 2) KSP residual norm 5.300355e-05
 534 (restart 2) KSP residual norm 5.281016e-05
 535 (restart 2) KSP residual norm 5.250567e-05
 536 (restart 2) KSP residual norm 5.246540e-05
 537 (restart 2) KSP residual norm 5.239533e-05
 538 (restart 2) KSP residual norm 5.218414e-05
 539 (restart 2) KSP residual norm 5.212335e-05
 540 (restart 2) KSP residual norm 5.206762e-05
 541 (restart 2) KSP residual norm 5.205897e-05
 542 (restart 2) KSP residual norm 5.203618e-05
 543 (restart 2) KSP residual norm 5.201497e-05
 544 (restart 2) KSP residual norm 5.199699e-05
 545 (restart 2) KSP residual norm 5.182838e-05
 546 (restart 2) KSP residual norm 5.178287e-05
 547 (restart 2) KSP residual norm 5.155973e-05
 548 (restart 2) KSP residual norm 5.122954e-05
 549 (restart 2) KSP residual norm 5.089098e-05
 550 (restart 2) KSP residual norm 5.051279e-05
 551 (restart 2) KSP residual norm 4.886254e-05
 552 (restart 2) KSP residual norm 4.865529e-05
 553 (restart 2) KSP residual norm 4.848328e-05
 554 (restart 2) KSP residual norm 4.533703e-05
 555 (restart 2) KSP residual norm 4.455977e-05
 556 (restart 2) KSP residual norm 4.283911e-05
 557 (restart 2) KSP residual norm 4.206875e-05
 558 (restart 2) KSP residual norm 4.118145e-05
 559 (restart 2) KSP residual norm 4.100975e-05
 560 (restart 2) KSP residual norm 3.975392e-05
 561 (restart 2) KSP residual norm 3.965420e-05
 562 (restart 2) KSP residual norm 3.939072e-05
 563 (restart 2) KSP residual norm 3.921609e-05
 564 (restart 2) KSP residual norm 3.894256e-05
 565 (restart 2) KSP residual norm 3.889694e-05
 566 (restart 2) KSP residual norm 3.868237e-05
 567 (restart 2) KSP residual norm 3.866311e-05
 568 (restart 2) KSP residual norm 3.864322e-05
 569 (restart 2) KSP residual norm 3.859154e-05
 570 (restart 2) KSP residual norm 3.857707e-05
 571 (restart 2) KSP residual norm 3.856089e-05
 572 (restart 2) KSP residual norm 3.855688e-05
 573 (restart 2) KSP residual norm 3.854207e-05
 574 (restart 2) KSP residual norm 3.852395e-05
 575 (restart 2) KSP residual norm 3.852169e-05
 576 (restart 2) KSP residual norm 3.843854e-05
 577 (restart 2) KSP residual norm 3.839066e-05
 578 (restart 2) KSP residual norm 3.833803e-05
 579 (restart 2) KSP residual norm 3.825426e-05
 580 (restart 2) KSP residual norm 3.792106e-05
 581 (restart 2) KSP residual norm 3.789153e-05
 582 (restart 2) KSP residual norm 3.717632e-05
 583 (restart 2) KSP residual norm 3.697957e-05
 584 (restart 2) KSP residual norm 3.677986e-05
 585 (restart 2) KSP residual norm 3.622804e-05
 586 (restart 2) KSP residual norm 3.498786e-05
 587 (restart 2) KSP residual norm 3.496508e-05
 588 (restart 2) KSP residual norm 3.338235e-05
 589 (restart 2) KSP residual norm 3.276201e-05
 590 (restart 2) KSP residual norm 3.219106e-05
 591 (restart 2) KSP residual norm 3.098754e-05
 592 (restart 2) KSP residual norm 2.880098e-05
 593 (restart 2) KSP residual norm 2.879297e-05
 594 (restart 2) KSP residual norm 2.778370e-05
 595 (restart 2) KSP residual norm 2.671702e-05
 596 (restart 2) KSP residual norm 2.580868e-05
 597 (restart 2) KSP residual norm 2.508947e-05
 598 (restart 2) KSP residual norm 2.314653e-05
 599 (restart 2) KSP residual norm 2.304103e-05
 600 (restart 3) KSP residual norm 2.281591e-05
 601 (restart 3) KSP residual norm 2.272648e-05
 602 (restart 3) KSP residual norm 2.271510e-05
 603 (restart 3) KSP residual norm 2.234432e-05
 604 (restart 3) KSP residual norm 2.211744e-05
 605 (restart 3) KSP residual norm 2.204177e-05
 606 (restart 3) KSP residual norm 2.198548e-05
 607 (restart 3) KSP residual norm 2.180328e-05
 608 (restart 3) KSP residual norm 2.159780e-05
 609 (restart 3) KSP residual norm 2.137192e-05
 610 (restart 3) KSP residual norm 2.129987e-05
 611 (restart 3) KSP residual norm 2.090952e-05
 612 (restart 3) KSP residual norm 2.085923e-05
 613 (restart 3) KSP residual norm 2.057650e-05
 614 (restart 3) KSP residual norm 2.050988e-05
 615 (restart 3) KSP residual norm 2.049019e-05
 616 (restart 3) KSP residual norm 2.021027e-05
 617 (restart 3) KSP residual norm 2.006308e-05
 618 (restart 3) KSP residual norm 1.996778e-05
 619 (restart 3) KSP residual norm 1.988567e-05
 620 (restart 3) KSP residual norm 1.966233e-05
 621 (restart 3) KSP residual norm 1.964798e-05
 622 (restart 3) KSP residual norm 1.962165e-05
 623 (restart 3) KSP residual norm 1.952471e-05
 624 (restart 3) KSP residual norm 1.951576e-05
 625 (restart 3) KSP residual norm 1.946979e-05
 626 (restart 3) KSP residual norm 1.944925e-05
 627 (restart 3) KSP residual norm 1.944859e-05
 628 (restart 3) KSP residual norm 1.942783e-05
 629 (restart 3) KSP residual norm 1.942678e-05
 630 (restart 3) KSP residual norm 1.942301e-05
 631 (restart 3) KSP residual norm 1.941828e-05
 632 (restart 3) KSP residual norm 1.941804e-05
 633 (restart 3) KSP residual norm 1.940340e-05
 634 (restart 3) KSP residual norm 1.940166e-05
 635 (restart 3) KSP residual norm 1.940010e-05
 636 (restart 3) KSP residual norm 1.939323e-05
 637 (restart 3) KSP residual norm 1.939189e-05
 638 (restart 3) KSP residual norm 1.938137e-05
 639 (restart 3) KSP residual norm 1.937752e-05
 640 (restart 3) KSP residual norm 1.937611e-05
 641 (restart 3) KSP residual norm 1.936657e-05
 642 (restart 3) KSP residual norm 1.936047e-05
 643 (restart 3) KSP residual norm 1.933338e-05
 644 (restart 3) KSP residual norm 1.931724e-05
 645 (restart 3) KSP residual norm 1.930864e-05
 646 (restart 3) KSP residual norm 1.926551e-05
 647 (restart 3) KSP residual norm 1.926235e-05
 648 (restart 3) KSP residual norm 1.925859e-05
 649 (restart 3) KSP residual norm 1.922353e-05
 650 (restart 3) KSP residual norm 1.920699e-05
 651 (restart 3) KSP residual norm 1.913905e-05
 652 (restart 3) KSP residual norm 1.909262e-05
 653 (restart 3) KSP residual norm 1.904322e-05
 654 (restart 3) KSP residual norm 1.897532e-05
 655 (restart 3) KSP residual norm 1.889015e-05
 656 (restart 3) KSP residual norm 1.886065e-05
 657 (restart 3) KSP residual norm 1.881286e-05
 658 (restart 3) KSP residual norm 1.862984e-05
 659 (restart 3) KSP residual norm 1.862381e-05
 660 (restart 3) KSP residual norm 1.852086e-05
 661 (restart 3) KSP residual norm 1.841864e-05
 662 (restart 3) KSP residual norm 1.837639e-05
 663 (restart 3) KSP residual norm 1.820542e-05
 664 (restart 3) KSP residual norm 1.808047e-05
 665 (restart 3) KSP residual norm 1.801475e-05
 666 (restart 3) KSP residual norm 1.792604e-05
 667 (restart 3) KSP residual norm 1.755795e-05
 668 (restart 3) KSP residual norm 1.753493e-05
 669 (restart 3) KSP residual norm 1.737997e-05
 670 (restart 3) KSP residual norm 1.688517e-05
 671 (restart 3) KSP residual norm 1.681207e-05
 672 (restart 3) KSP residual norm 1.625704e-05
 673 (restart 3) KSP residual norm 1.605530e-05
 674 (restart 3) KSP residual norm 1.589935e-05
 675 (restart 3) KSP residual norm 1.555057e-05
 676 (restart 3) KSP residual norm 1.526658e-05
 677 (restart 3) KSP residual norm 1.521391e-05
 678 (restart 3) KSP residual norm 1.514904e-05
 679 (restart 3) KSP residual norm 1.469852e-05
 680 (restart 3) KSP residual norm 1.469000e-05
 681 (restart 3) KSP residual norm 1.439075e-05
 682 (restart 3) KSP residual norm 1.427556e-05
 683 (restart 3) KSP residual norm 1.424248e-05
 684 (restart 3) KSP residual norm 1.407558e-05
 685 (restart 3) KSP residual norm 1.405161e-05
 686 (restart 3) KSP residual norm 1.400054e-05
 687 (restart 3) KSP residual norm 1.398182e-05
 688 (restart 3) KSP residual norm 1.394805e-05
 689 (restart 3) KSP residual norm 1.390616e-05
 690 (restart 3) KSP residual norm 1.389948e-05
 691 (restart 3) KSP residual norm 1.382573e-05
 692 (restart 3) KSP residual norm 1.378818e-05
 693 (restart 3) KSP residual norm 1.377953e-05
 694 (restart 3) KSP residual norm 1.355833e-05
 695 (restart 3) KSP residual norm 1.352959e-05
 696 (restart 3) KSP residual norm 1.340703e-05
 697 (restart 3) KSP residual norm 1.327930e-05
 698 (restart 3) KSP residual norm 1.304738e-05
 699 (restart 3) KSP residual norm 1.297676e-05
 700 (restart 3) KSP residual norm 1.250919e-05
 701 (restart 3) KSP residual norm 1.245604e-05
 702 (restart 3) KSP residual norm 1.239560e-05
 703 (restart 3) KSP residual norm 1.191874e-05
 704 (restart 3) KSP residual norm 1.177188e-05
 705 (restart 3) KSP residual norm 1.162172e-05
 706 (restart 3) KSP residual norm 1.146725e-05
 707 (restart 3) KSP residual norm 1.128185e-05
 708 (restart 3) KSP residual norm 1.127746e-05
 709 (restart 3) KSP residual norm 1.101579e-05
 710 (restart 3) KSP residual norm 1.097059e-05
 711 (restart 3) KSP residual norm 1.092622e-05
 712 (restart 3) KSP residual norm 1.088306e-05
 713 (restart 3) KSP residual norm 1.082334e-05
 714 (restart 3) KSP residual norm 1.082151e-05
 715 (restart 3) KSP residual norm 1.078207e-05
 716 (restart 3) KSP residual norm 1.074826e-05
 717 (restart 3) KSP residual norm 1.073720e-05
 718 (restart 3) KSP residual norm 1.072677e-05
 719 (restart 3) KSP residual norm 1.067109e-05
 720 (restart 3) KSP residual norm 1.065580e-05
 721 (restart 3) KSP residual norm 1.061107e-05
 722 (restart 3) KSP residual norm 1.057354e-05
 723 (restart 3) KSP residual norm 1.049496e-05
 724 (restart 3) KSP residual norm 1.045897e-05
 725 (restart 3) KSP residual norm 1.028347e-05
 726 (restart 3) KSP residual norm 1.026862e-05
 727 (restart 3) KSP residual norm 1.023226e-05
 728 (restart 3) KSP residual norm 9.980500e-06
 729 (restart 3) KSP residual norm 9.821324e-06
 730 (restart 3) KSP residual norm 9.713909e-06
 731 (restart 3) KSP residual norm 9.559483e-06
 732 (restart 3) KSP residual norm 9.370804e-06
 733 (restart 3) KSP residual norm 9.359402e-06
 734 (restart 3) KSP residual norm 8.976220e-06
 735 (restart 3) KSP residual norm 8.811219e-06
 736 (restart 3) KSP residual norm 8.733537e-06
 737 (restart 3) KSP residual norm 8.654823e-06
 738 (restart 3) KSP residual norm 8.455381e-06
 739 (restart 3) KSP residual norm 8.452861e-06
 740 (restart 3) KSP residual norm 8.264345e-06
 741 (restart 3) KSP residual norm 8.208763e-06
 742 (restart 3) KSP residual norm 8.163157e-06
 743 (restart 3) KSP residual norm 8.102741e-06
 744 (restart 3) KSP residual norm 8.010727e-06
 745 (restart 3) KSP residual norm 8.007567e-06
 746 (restart 3) KSP residual norm 7.962407e-06
 747 (restart 3) KSP residual norm 7.933041e-06
 748 (restart 3) KSP residual norm 7.924919e-06
 749 (restart 3) KSP residual norm 7.907819e-06
 750 (restart 3) KSP residual norm 7.900286e-06
 751 (restart 3) KSP residual norm 7.895409e-06
 752 (restart 3) KSP residual norm 7.893004e-06
 753 (restart 3) KSP residual norm 7.889645e-06
 754 (restart 3) KSP residual norm 7.867591e-06
 755 (restart 3) KSP residual norm 7.866054e-06
 756 (restart 3) KSP residual norm 7.840039e-06
 757 (restart 3) KSP residual norm 7.829889e-06
 758 (restart 3) KSP residual norm 7.822008e-06
 759 (restart 3) KSP residual norm 7.779196e-06
 760 (restart 3) KSP residual norm 7.711901e-06
 761 (restart 3) KSP residual norm 7.707523e-06
 762 (restart 3) KSP residual norm 7.652664e-06
 763 (restart 3) KSP residual norm 7.558197e-06
 764 (restart 3) KSP residual norm 7.535619e-06
 765 (restart 3) KSP residual norm 7.362000e-06
 766 (restart 3) KSP residual norm 7.197011e-06
 767 (restart 3) KSP residual norm 7.173337e-06
 768 (restart 3) KSP residual norm 7.141031e-06
 769 (restart 3) KSP residual norm 6.838178e-06
 770 (restart 3) KSP residual norm 6.806498e-06
 771 (restart 3) KSP residual norm 6.550963e-06
 772 (restart 3) KSP residual norm 6.389288e-06
 773 (restart 3) KSP residual norm 6.297088e-06
 774 (restart 3) KSP residual norm 6.246656e-06
 775 (restart 3) KSP residual norm 5.904437e-06
 776 (restart 3) KSP residual norm 5.860916e-06
 777 (restart 3) KSP residual norm 5.691112e-06
 778 (restart 3) KSP residual norm 5.603278e-06
 779 (restart 3) KSP residual norm 5.453521e-06
 780 (restart 3) KSP residual norm 5.432283e-06
 781 (restart 3) KSP residual norm 5.212735e-06
 782 (restart 3) KSP residual norm 5.161248e-06
 783 (restart 3) KSP residual norm 5.102832e-06
 784 (restart 3) KSP residual norm 5.045241e-06
 785 (restart 3) KSP residual norm 4.954619e-06
 786 (restart 3) KSP residual norm 4.948035e-06
 787 (restart 3) KSP residual norm 4.898244e-06
 788 (restart 3) KSP residual norm 4.894514e-06
 789 (restart 3) KSP residual norm 4.891026e-06
 790 (restart 3) KSP residual norm 4.883560e-06
 791 (restart 3) KSP residual norm 4.871357e-06
 792 (restart 3) KSP residual norm 4.864361e-06
 793 (restart 3) KSP residual norm 4.857690e-06
 794 (restart 3) KSP residual norm 4.843163e-06
 795 (restart 3) KSP residual norm 4.824765e-06
 796 (restart 3) KSP residual norm 4.819740e-06
 797 (restart 3) KSP residual norm 4.775495e-06
 798 (restart 3) KSP residual norm 4.742207e-06
 799 (restart 3) KSP residual norm 4.724172e-06
 800 (restart 4) KSP residual norm 4.708715e-06
 801 (restart 4) KSP residual norm 4.707402e-06
 802 (restart 4) KSP residual norm 4.705763e-06
 803 (restart 4) KSP residual norm 4.703906e-06
 804 (restart 4) KSP residual norm 4.697000e-06
 805 (restart 4) KSP residual norm 4.695519e-06
 806 (restart 4) KSP residual norm 4.693282e-06
 807 (restart 4) KSP residual norm 4.691215e-06
 808 (restart 4) KSP residual norm 4.689884e-06
 809 (restart 4) KSP residual norm 4.688799e-06
 810 (restart 4) KSP residual norm 4.688790e-06
 811 (restart 4) KSP residual norm 4.687271e-06
 812 (restart 4) KSP residual norm 4.687140e-06
 813 (restart 4) KSP residual norm 4.686383e-06
 814 (restart 4) KSP residual norm 4.685788e-06
 815 (restart 4) KSP residual norm 4.684693e-06
 816 (restart 4) KSP residual norm 4.683254e-06
 817 (restart 4) KSP residual norm 4.680799e-06
 818 (restart 4) KSP residual norm 4.677109e-06
 819 (restart 4) KSP residual norm 4.673736e-06
 820 (restart 4) KSP residual norm 4.667807e-06
 821 (restart 4) KSP residual norm 4.659184e-06
 822 (restart 4) KSP residual norm 4.654474e-06
 823 (restart 4) KSP residual norm 4.649954e-06
 824 (restart 4) KSP residual norm 4.634955e-06
 825 (restart 4) KSP residual norm 4.632534e-06
 826 (restart 4) KSP residual norm 4.620710e-06
 827 (restart 4) KSP residual norm 4.603600e-06
 828 (restart 4) KSP residual norm 4.598435e-06
 829 (restart 4) KSP residual norm 4.559669e-06
 830 (restart 4) KSP residual norm 4.546087e-06
 831 (restart 4) KSP residual norm 4.530140e-06
 832 (restart 4) KSP residual norm 4.511583e-06
 833 (restart 4) KSP residual norm 4.498074e-06
 834 (restart 4) KSP residual norm 4.482285e-06
 835 (restart 4) KSP residual norm 4.461274e-06
 836 (restart 4) KSP residual norm 4.444070e-06
 837 (restart 4) KSP residual norm 4.423597e-06
 838 (restart 4) KSP residual norm 4.398747e-06
 839 (restart 4) KSP residual norm 4.386205e-06
 840 (restart 4) KSP residual norm 4.374499e-06
 841 (restart 4) KSP residual norm 4.357065e-06
 842 (restart 4) KSP residual norm 4.349593e-06
 843 (restart 4) KSP residual norm 4.320571e-06
 844 (restart 4) KSP residual norm 4.294059e-06
 845 (restart 4) KSP residual norm 4.286978e-06
 846 (restart 4) KSP residual norm 4.209748e-06
 847 (restart 4) KSP residual norm 4.196976e-06
 848 (restart 4) KSP residual norm 4.177833e-06
 849 (restart 4) KSP residual norm 4.135606e-06
 850 (restart 4) KSP residual norm 4.110626e-06
 851 (restart 4) KSP residual norm 4.093500e-06
 852 (restart 4) KSP residual norm 4.070941e-06
 853 (restart 4) KSP residual norm 4.037718e-06
 854 (restart 4) KSP residual norm 4.034079e-06
 855 (restart 4) KSP residual norm 3.981881e-06
 856 (restart 4) KSP residual norm 3.973213e-06
 857 (restart 4) KSP residual norm 3.967128e-06
 858 (restart 4) KSP residual norm 3.935425e-06
 859 (restart 4) KSP residual norm 3.934492e-06
 860 (restart 4) KSP residual norm 3.928342e-06
 861 (restart 4) KSP residual norm 3.921745e-06
 862 (restart 4) KSP residual norm 3.912267e-06
 863 (restart 4) KSP residual norm 3.907074e-06
 864 (restart 4) KSP residual norm 3.886043e-06
 865 (restart 4) KSP residual norm 3.882358e-06
 866 (restart 4) KSP residual norm 3.881768e-06
 867 (restart 4) KSP residual norm 3.846453e-06
 868 (restart 4) KSP residual norm 3.845175e-06
 869 (restart 4) KSP residual norm 3.834670e-06
 870 (restart 4) KSP residual norm 3.824172e-06
 871 (restart 4) KSP residual norm 3.817106e-06
 872 (restart 4) KSP residual norm 3.809387e-06
 873 (restart 4) KSP residual norm 3.803042e-06
 874 (restart 4) KSP residual norm 3.796504e-06
 875 (restart 4) KSP residual norm 3.791915e-06
 876 (restart 4) KSP residual norm 3.787505e-06
 877 (restart 4) KSP residual norm 3.776993e-06
 878 (restart 4) KSP residual norm 3.774772e-06
 879 (restart 4) KSP residual norm 3.773226e-06
 880 (restart 4) KSP residual norm 3.752804e-06
 881 (restart 4) KSP residual norm 3.751327e-06
 882 (restart 4) KSP residual norm 3.730240e-06
 883 (restart 4) KSP residual norm 3.717909e-06
 884 (restart 4) KSP residual norm 3.706525e-06
 885 (restart 4) KSP residual norm 3.663549e-06
 886 (restart 4) KSP residual norm 3.647454e-06
 887 (restart 4) KSP residual norm 3.635506e-06
 888 (restart 4) KSP residual norm 3.621887e-06
 889 (restart 4) KSP residual norm 3.602446e-06
 890 (restart 4) KSP residual norm 3.600927e-06
 891 (restart 4) KSP residual norm 3.581174e-06
 892 (restart 4) KSP residual norm 3.572907e-06
 893 (restart 4) KSP residual norm 3.568123e-06
 894 (restart 4) KSP residual norm 3.551526e-06
 895 (restart 4) KSP residual norm 3.539586e-06
 896 (restart 4) KSP residual norm 3.537804e-06
 897 (restart 4) KSP residual norm 3.530318e-06
 898 (restart 4) KSP residual norm 3.522937e-06
 899 (restart 4) KSP residual norm 3.519088e-06
 900 (restart 4) KSP residual norm 3.504062e-06
 901 (restart 4) KSP residual norm 3.496701e-06
 902 (restart 4) KSP residual norm 3.491861e-06
 903 (restart 4) KSP residual norm 3.488050e-06
 904 (restart 4) KSP residual norm 3.479482e-06
 905 (restart 4) KSP residual norm 3.477016e-06
 906 (restart 4) KSP residual norm 3.473815e-06
 907 (restart 4) KSP residual norm 3.469460e-06
 908 (restart 4) KSP residual norm 3.463313e-06
 909 (restart 4) KSP residual norm 3.462826e-06
 910 (restart 4) KSP residual norm 3.448197e-06
 911 (restart 4) KSP residual norm 3.443032e-06
 912 (restart 4) KSP residual norm 3.437867e-06
 913 (restart 4) KSP residual norm 3.429698e-06
 914 (restart 4) KSP residual norm 3.405110e-06
 915 (restart 4) KSP residual norm 3.404272e-06
 916 (restart 4) KSP residual norm 3.370553e-06
 917 (restart 4) KSP residual norm 3.356117e-06
 918 (restart 4) KSP residual norm 3.343966e-06
 919 (restart 4) KSP residual norm 3.302721e-06
 920 (restart 4) KSP residual norm 3.247373e-06
 921 (restart 4) KSP residual norm 3.244364e-06
 922 (restart 4) KSP residual norm 3.223967e-06
 923 (restart 4) KSP residual norm 3.184592e-06
 924 (restart 4) KSP residual norm 3.180186e-06
 925 (restart 4) KSP residual norm 3.153408e-06
 926 (restart 4) KSP residual norm 3.144399e-06
 927 (restart 4) KSP residual norm 3.139002e-06
 928 (restart 4) KSP residual norm 3.135911e-06
 929 (restart 4) KSP residual norm 3.126168e-06
 930 (restart 4) KSP residual norm 3.125782e-06
 931 (restart 4) KSP residual norm 3.123074e-06
 932 (restart 4) KSP residual norm 3.121995e-06
 933 (restart 4) KSP residual norm 3.120933e-06
 934 (restart 4) KSP residual norm 3.119815e-06
 935 (restart 4) KSP residual norm 3.119235e-06
 936 (restart 4) KSP residual norm 3.118427e-06
 937 (restart 4) KSP residual norm 3.118064e-06
 938 (restart 4) KSP residual norm 3.117796e-06
 939 (restart 4) KSP residual norm 3.113595e-06
 940 (restart 4) KSP residual norm 3.113435e-06
 941 (restart 4) KSP residual norm 3.108704e-06
 942 (restart 4) KSP residual norm 3.105546e-06
 943 (restart 4) KSP residual norm 3.101334e-06
 944 (restart 4) KSP residual norm 3.095381e-06
 945 (restart 4) KSP residual norm 3.078937e-06
 946 (restart 4) KSP residual norm 3.078571e-06
 947 (restart 4) KSP residual norm 3.072385e-06
 948 (restart 4) KSP residual norm 3.050881e-06
 949 (restart 4) KSP residual norm 3.025402e-06
 950 (restart 4) KSP residual norm 3.000038e-06
 951 (restart 4) KSP residual norm 2.945655e-06
 952 (restart 4) KSP residual norm 2.936219e-06
 953 (restart 4) KSP residual norm 2.933632e-06
 954 (restart 4) KSP residual norm 2.868790e-06
 955 (restart 4) KSP residual norm 2.847214e-06
 956 (restart 4) KSP residual norm 2.822372e-06
 957 (restart 4) KSP residual norm 2.801293e-06
 958 (restart 4) KSP residual norm 2.775072e-06
 959 (restart 4) KSP residual norm 2.774359e-06
 960 (restart 4) KSP residual norm 2.711087e-06
 961 (restart 4) KSP residual norm 2.694272e-06
 962 (restart 4) KSP residual norm 2.673975e-06
 963 (restart 4) KSP residual norm 2.660221e-06
 964 (restart 4) KSP residual norm 2.634474e-06
 965 (restart 4) KSP residual norm 2.632822e-06
 966 (restart 4) KSP residual norm 2.610876e-06
 967 (restart 4) KSP residual norm 2.606267e-06
 968 (restart 4) KSP residual norm 2.601941e-06
 969 (restart 4) KSP residual norm 2.593293e-06
 970 (restart 4) KSP residual norm 2.588343e-06
 971 (restart 4) KSP residual norm 2.587236e-06
 972 (restart 4) KSP residual norm 2.585846e-06
 973 (restart 4) KSP residual norm 2.585047e-06
 974 (restart 4) KSP residual norm 2.584551e-06
 975 (restart 4) KSP residual norm 2.584457e-06
 976 (restart 4) KSP residual norm 2.583947e-06
 977 (restart 4) KSP residual norm 2.583477e-06
 978 (restart 4) KSP residual norm 2.583211e-06
 979 (restart 4) KSP residual norm 2.582129e-06
 980 (restart 4) KSP residual norm 2.577843e-06
 981 (restart 4) KSP residual norm 2.577659e-06
 982 (restart 4) KSP residual norm 2.569928e-06
 983 (restart 4) KSP residual norm 2.567057e-06
 984 (restart 4) KSP residual norm 2.564712e-06
 985 (restart 4) KSP residual norm 2.559306e-06
 986 (restart 4) KSP residual norm 2.543063e-06
 987 (restart 4) KSP residual norm 2.542906e-06
 988 (restart 4) KSP residual norm 2.522524e-06
 989 (restart 4) KSP residual norm 2.515690e-06
 990 (restart 4) KSP residual norm 2.508715e-06
 991 (restart 4) KSP residual norm 2.492158e-06
 992 (restart 4) KSP residual norm 2.458386e-06
 993 (restart 4) KSP residual norm 2.458172e-06
 994 (restart 4) KSP residual norm 2.446977e-06
 995 (restart 4) KSP residual norm 2.437438e-06
 996 (restart 4) KSP residual norm 2.432046e-06
 997 (restart 4) KSP residual norm 2.428112e-06
 998 (restart 4) KSP residual norm 2.412975e-06
 999 (restart 4) KSP residual norm 2.411603e-06
1000 (restart 5) KSP residual norm 2.408365e-06
1001 (restart 5) KSP residual norm 2.407788e-06
1002 (restart 5) KSP residual norm 2.407722e-06
1003 (restart 5) KSP residual norm 2.404920e-06
1004 (restart 5) KSP residual norm 2.403828e-06
1005 (restart 5) KSP residual norm 2.403611e-06
1006 (restart 5) KSP residual norm 2.403430e-06
1007 (restart 5) KSP residual norm 2.401876e-06
1008 (restart 5) KSP residual norm 2.400784e-06
1009 (restart 5) KSP residual norm 2.400140e-06
1010 (restart 5) KSP residual norm 2.400033e-06
1011 (restart 5) KSP residual norm 2.397615e-06
1012 (restart 5) KSP residual norm 2.397480e-06
1013 (restart 5) KSP residual norm 2.396397e-06
1014 (restart 5) KSP residual norm 2.395646e-06
1015 (restart 5) KSP residual norm 2.395482e-06
1016 (restart 5) KSP residual norm 2.393994e-06
1017 (restart 5) KSP residual norm 2.393442e-06
1018 (restart 5) KSP residual norm 2.392316e-06
1019 (restart 5) KSP residual norm 2.391961e-06
1020 (restart 5) KSP residual norm 2.390720e-06
1021 (restart 5) KSP residual norm 2.390482e-06
1022 (restart 5) KSP residual norm 2.390355e-06
1023 (restart 5) KSP residual norm 2.389807e-06
1024 (restart 5) KSP residual norm 2.389123e-06
1025 (restart 5) KSP residual norm 2.388443e-06
1026 (restart 5) KSP residual norm 2.387946e-06
1027 (restart 5) KSP residual norm 2.387633e-06
1028 (restart 5) KSP residual norm 2.387257e-06
1029 (restart 5) KSP residual norm 2.386798e-06
1030 (restart 5) KSP residual norm 2.386408e-06
1031 (restart 5) KSP residual norm 2.385988e-06
1032 (restart 5) KSP residual norm 2.385135e-06
1033 (restart 5) KSP residual norm 2.384709e-06
1034 (restart 5) KSP residual norm 2.383663e-06
1035 (restart 5) KSP residual norm 2.382974e-06
1036 (restart 5) KSP residual norm 2.382781e-06
1037 (restart 5) KSP residual norm 2.380949e-06
1038 (restart 5) KSP residual norm 2.380379e-06
1039 (restart 5) KSP residual norm 2.379518e-06
1040 (restart 5) KSP residual norm 2.377866e-06
1041 (restart 5) KSP residual norm 2.376667e-06
1042 (restart 5) KSP residual norm 2.374955e-06
1043 (restart 5) KSP residual norm 2.373543e-06
1044 (restart 5) KSP residual norm 2.371981e-06
1045 (restart 5) KSP residual norm 2.369867e-06
1046 (restart 5) KSP residual norm 2.364531e-06
1047 (restart 5) KSP residual norm 2.364184e-06
1048 (restart 5) KSP residual norm 2.362518e-06
1049 (restart 5) KSP residual norm 2.355592e-06
1050 (restart 5) KSP residual norm 2.354523e-06
1051 (restart 5) KSP residual norm 2.346128e-06
1052 (restart 5) KSP residual norm 2.342098e-06
1053 (restart 5) KSP residual norm 2.337506e-06
1054 (restart 5) KSP residual norm 2.332507e-06
1055 (restart 5) KSP residual norm 2.320664e-06
1056 (restart 5) KSP residual norm 2.318001e-06
1057 (restart 5) KSP residual norm 2.316232e-06
1058 (restart 5) KSP residual norm 2.300050e-06
1059 (restart 5) KSP residual norm 2.298735e-06
1060 (restart 5) KSP residual norm 2.290999e-06
1061 (restart 5) KSP residual norm 2.284973e-06
1062 (restart 5) KSP residual norm 2.280972e-06
1063 (restart 5) KSP residual norm 2.274579e-06
1064 (restart 5) KSP residual norm 2.272281e-06
1065 (restart 5) KSP residual norm 2.270043e-06
1066 (restart 5) KSP residual norm 2.268546e-06
1067 (restart 5) KSP residual norm 2.266501e-06
1068 (restart 5) KSP residual norm 2.266019e-06
1069 (restart 5) KSP residual norm 2.265489e-06
1070 (restart 5) KSP residual norm 2.263711e-06
1071 (restart 5) KSP residual norm 2.263291e-06
1072 (restart 5) KSP residual norm 2.262027e-06
1073 (restart 5) KSP residual norm 2.260944e-06
1074 (restart 5) KSP residual norm 2.260420e-06
1075 (restart 5) KSP residual norm 2.259925e-06
1076 (restart 5) KSP residual norm 2.257849e-06
1077 (restart 5) KSP residual norm 2.256858e-06
1078 (restart 5) KSP residual norm 2.255047e-06
1079 (restart 5) KSP residual norm 2.249249e-06
1080 (restart 5) KSP residual norm 2.245918e-06
1081 (restart 5) KSP residual norm 2.242373e-06
1082 (restart 5) KSP residual norm 2.237486e-06
1083 (restart 5) KSP residual norm 2.230872e-06
1084 (restart 5) KSP residual norm 2.228991e-06
1085 (restart 5) KSP residual norm 2.218199e-06
1086 (restart 5) KSP residual norm 2.216983e-06
1087 (restart 5) KSP residual norm 2.213537e-06
1088 (restart 5) KSP residual norm 2.206947e-06
1089 (restart 5) KSP residual norm 2.205719e-06
1090 (restart 5) KSP residual norm 2.200813e-06
1091 (restart 5) KSP residual norm 2.198691e-06
1092 (restart 5) KSP residual norm 2.197442e-06
1093 (restart 5) KSP residual norm 2.196802e-06
1094 (restart 5) KSP residual norm 2.191110e-06
1095 (restart 5) KSP residual norm 2.190155e-06
1096 (restart 5) KSP residual norm 2.187292e-06
1097 (restart 5) KSP residual norm 2.184589e-06
1098 (restart 5) KSP residual norm 2.182327e-06
1099 (restart 5) KSP residual norm 2.181630e-06
1100 (restart 5) KSP residual norm 2.175307e-06
1101 (restart 5) KSP residual norm 2.174632e-06
1102 (restart 5) KSP residual norm 2.173000e-06
1103 (restart 5) KSP residual norm 2.167692e-06
1104 (restart 5) KSP residual norm 2.165885e-06
1105 (restart 5) KSP residual norm 2.164044e-06
1106 (restart 5) KSP residual norm 2.162167e-06
1107 (restart 5) KSP residual norm 2.161195e-06
1108 (restart 5) KSP residual norm 2.160703e-06
1109 (restart 5) KSP residual norm 2.159129e-06
1110 (restart 5) KSP residual norm 2.158178e-06
1111 (restart 5) KSP residual norm 2.157827e-06
1112 (restart 5) KSP residual norm 2.156816e-06
1113 (restart 5) KSP residual norm 2.154143e-06
1114 (restart 5) KSP residual norm 2.151413e-06
1115 (restart 5) KSP residual norm 2.145682e-06
1116 (restart 5) KSP residual norm 2.139449e-06
1117 (restart 5) KSP residual norm 2.133144e-06
1118 (restart 5) KSP residual norm 2.131774e-06
1119 (restart 5) KSP residual norm 2.101743e-06
1120 (restart 5) KSP residual norm 2.095681e-06
1121 (restart 5) KSP residual norm 2.082576e-06
1122 (restart 5) KSP residual norm 2.068892e-06
1123 (restart 5) KSP residual norm 2.045121e-06
1124 (restart 5) KSP residual norm 2.040062e-06
1125 (restart 5) KSP residual norm 2.011839e-06
1126 (restart 5) KSP residual norm 2.008460e-06
1127 (restart 5) KSP residual norm 2.007254e-06
1128 (restart 5) KSP residual norm 1.990985e-06
1129 (restart 5) KSP residual norm 1.984687e-06
1130 (restart 5) KSP residual norm 1.981227e-06
1131 (restart 5) KSP residual norm 1.978375e-06
1132 (restart 5) KSP residual norm 1.975836e-06
1133 (restart 5) KSP residual norm 1.975730e-06
1134 (restart 5) KSP residual norm 1.972525e-06
1135 (restart 5) KSP residual norm 1.972086e-06
1136 (restart 5) KSP residual norm 1.970647e-06
1137 (restart 5) KSP residual norm 1.970401e-06
1138 (restart 5) KSP residual norm 1.970184e-06
1139 (restart 5) KSP residual norm 1.969198e-06
1140 (restart 5) KSP residual norm 1.968887e-06
1141 (restart 5) KSP residual norm 1.967912e-06
1142 (restart 5) KSP residual norm 1.967374e-06
1143 (restart 5) KSP residual norm 1.967306e-06
1144 (restart 5) KSP residual norm 1.961828e-06
1145 (restart 5) KSP residual norm 1.958779e-06
1146 (restart 5) KSP residual norm 1.955740e-06
1147 (restart 5) KSP residual norm 1.952634e-06
1148 (restart 5) KSP residual norm 1.938256e-06
1149 (restart 5) KSP residual norm 1.937334e-06
1150 (restart 5) KSP residual norm 1.912828e-06
1151 (restart 5) KSP residual norm 1.907911e-06
1152 (restart 5) KSP residual norm 1.902146e-06
1153 (restart 5) KSP residual norm 1.890296e-06
1154 (restart 5) KSP residual norm 1.874049e-06
1155 (restart 5) KSP residual norm 1.871692e-06
1156 (restart 5) KSP residual norm 1.860985e-06
1157 (restart 5) KSP residual norm 1.858731e-06
1158 (restart 5) KSP residual norm 1.858120e-06
1159 (restart 5) KSP residual norm 1.852728e-06
1160 (restart 5) KSP residual norm 1.846102e-06
1161 (restart 5) KSP residual norm 1.844804e-06
1162 (restart 5) KSP residual norm 1.841221e-06
1163 (restart 5) KSP residual norm 1.838515e-06
1164 (restart 5) KSP residual norm 1.838029e-06
1165 (restart 5) KSP residual norm 1.834840e-06
1166 (restart 5) KSP residual norm 1.833540e-06
1167 (restart 5) KSP residual norm 1.832704e-06
1168 (restart 5) KSP residual norm 1.831368e-06
1169 (restart 5) KSP residual norm 1.829670e-06
1170 (restart 5) KSP residual norm 1.827536e-06
1171 (restart 5) KSP residual norm 1.825447e-06
1172 (restart 5) KSP residual norm 1.822879e-06
1173 (restart 5) KSP residual norm 1.821439e-06
1174 (restart 5) KSP residual norm 1.821091e-06
1175 (restart 5) KSP residual norm 1.815903e-06
1176 (restart 5) KSP residual norm 1.811377e-06
1177 (restart 5) KSP residual norm 1.808897e-06
1178 (restart 5) KSP residual norm 1.802742e-06
1179 (restart 5) KSP residual norm 1.795349e-06
1180 (restart 5) KSP residual norm 1.795028e-06
1181 (restart 5) KSP residual norm 1.780360e-06
1182 (restart 5) KSP residual norm 1.771216e-06
1183 (restart 5) KSP residual norm 1.768945e-06
1184 (restart 5) KSP residual norm 1.765991e-06
1185 (restart 5) KSP residual norm 1.749634e-06
1186 (restart 5) KSP residual norm 1.748186e-06
1187 (restart 5) KSP residual norm 1.734294e-06
1188 (restart 5) KSP residual norm 1.727555e-06
1189 (restart 5) KSP residual norm 1.724567e-06
1190 (restart 5) KSP residual norm 1.722986e-06
1191 (restart 5) KSP residual norm 1.709162e-06
1192 (restart 5) KSP residual norm 1.707531e-06
1193 (restart 5) KSP residual norm 1.702633e-06
1194 (restart 5) KSP residual norm 1.699873e-06
1195 (restart 5) KSP residual norm 1.697134e-06
1196 (restart 5) KSP residual norm 1.696757e-06
1197 (restart 5) KSP residual norm 1.691803e-06
1198 (restart 5) KSP residual norm 1.690433e-06
1199 (restart 5) KSP residual norm 1.689114e-06
1200 (restart 6) KSP residual norm 1.687869e-06
GMRES solver did NOT converge in 1200 iterations (avg. reduction factor: 9.898e-01)

[38;2;255;255;000m--> Warning![0m
Linear solver did not converge, norm(Ax-b)/norm(b) = 4.771e-06 (norm(b) = 3.538e-01)!

 Sol. ||E|| = 2.359244e+01 (||RHS|| = 2.657167e-02)
 Field energy E (1.819e-01 J) + H (1.241e-01 J) = 3.060e-01 J
 S[1][1] = -2.050e-01-1.451e-01i, |S[1][1]| = -1.200e+01, arg(S[1][1]) = -1.447e+02
 S[2][1] = +6.130e-01-6.883e-01i, |S[2][1]| = -7.084e-01, arg(S[2][1]) = -4.831e+01
 S[3][1] = +1.998e-01+1.286e-01i, |S[3][1]| = -1.248e+01, arg(S[3][1]) = +3.277e+01
 S[4][1] = +1.120e-01+1.221e-02i, |S[4][1]| = -1.896e+01, arg(S[4][1]) = +6.222e+00
 Updating solution error estimates
