>> /usr/bin/mpirun -n 2 /opt/palace/bin/palace-x86_64.bin palace.json

_____________     _______
_____   __   \____ __   /____ ____________
____   /_/  /  __ ` /  /  __ ` /  ___/  _ \
___   _____/  /_/  /  /  /_/  /  /__/  ___/
  /__/     \___,__/__/\___,__/\_____\_____/

Git changeset ID: v0.14.0
Running with 2 MPI processes, 1 OpenMP thread
Device configuration: omp,cpu
Memory configuration: host-std
libCEED backend: /cpu/self/xsmm/blocked


[38;2;255;255;000m--> Warning![0m
644 mesh faces with no associated boundary element exist on the domain boundary!

Added 644 boundary elements for exterior boundaries to the mesh
Finished partitioning mesh into 2 subdomains

Characteristic length and time scales:
 L₀ = 1.000e-03 m, t₀ = 3.336e-03 ns

Mesh curvature order: 1
Mesh bounding box:
 (Xmin, Ymin, Zmin) = (+0.000e+00, +0.000e+00, +0.000e+00) m
 (Xmax, Ymax, Zmax) = (+1.000e-02, +5.000e-03, +2.000e-04) m

Parallel Mesh Stats:

                minimum     average     maximum       total
 vertices          3888        3939        3991        7879
 edges            19231       19349       19468       38699
 faces            26803       26890       26977       53780
 elements         11460       11479       11499       22959
 neighbors            1           1           1

            minimum     maximum
 h         0.103883    0.184946
 kappa      1.02062     4.78031

Configuring Robin impedance BC for lumped ports at attributes:
 2001: Rs = 1.884e+02 Ω/sq, n = (-1.0,+0.0,+0.0)
 2002: Rs = 1.884e+02 Ω/sq, n = (+1.0,+0.0,+0.0)

Configuring lumped port circuit properties:
 Index = 1: R = 7.535e+00 Ω
 Index = 2: R = 7.535e+00 Ω

Configuring lumped port excitation source term at attributes:
 2001: Index = 1

Configuring Dirichlet PEC BC at attributes:
 2100

Computing frequency response for:
Excitation with index 1 has contributions from:
 Lumped port  1

Assembling system matrices, number of global unknowns:
 H1 (p = 1): 7879, ND (p = 1): 38699, RT (p = 1): 53780
 Operator assembly level: Partial
 Mesh geometries:
  Tetrahedron: P = 6, Q = 4 (quadrature order = 2)

Assembling multigrid hierarchy:
 Level 0 (p = 1): 38699 unknowns
 Level 0 (auxiliary) (p = 1): 7879 unknowns

It 1/5: ω/2π = 1.000e-01 GHz (total elapsed time = 7.47e-02 s)

  Residual norms for GMRES solve
  0 (restart 0) KSP residual norm 1.740134e+01
  1 (restart 0) KSP residual norm 2.788094e-01
  2 (restart 0) KSP residual norm 7.881216e-10
GMRES solver converged in 2 iterations (avg. reduction factor: 6.730e-06)
 Sol. ||E|| = 1.703285e+01 (||RHS|| = 4.650606e-03)
 Field energy E (3.336e-02 J) + H (3.336e-02 J) = 6.671e-02 J
 S[1][1] = +5.171e-11+1.231e-09i, |S[1][1]| = -1.782e+02, arg(S[1][1]) = +8.759e+01
 S[2][1] = +9.991e-01-4.190e-02i, |S[2][1]| = +1.527e-12, arg(S[2][1]) = -2.402e+00
 Updating solution error estimates

It 2/5: ω/2π = 4.000e-01 GHz (total elapsed time = 1.04e+00 s)

  Residual norms for GMRES solve
  0 (restart 0) KSP residual norm 1.340531e+00
  1 (restart 0) KSP residual norm 6.907338e-01
  2 (restart 0) KSP residual norm 2.773861e-03
  3 (restart 0) KSP residual norm 4.288777e-08
  4 (restart 0) KSP residual norm 1.024269e-10
GMRES solver converged in 4 iterations (avg. reduction factor: 1.531e-03)
 Sol. ||E|| = 1.703285e+01 (||RHS|| = 1.860242e-02)
 Field energy E (3.336e-02 J) + H (3.336e-02 J) = 6.671e-02 J
 S[1][1] = +1.330e-08+7.872e-08i, |S[1][1]| = -1.420e+02, arg(S[1][1]) = +8.041e+01
 S[2][1] = +9.860e-01-1.669e-01i, |S[2][1]| = +3.394e-13, arg(S[2][1]) = -9.607e+00
 Updating solution error estimates

It 3/5: ω/2π = 1.000e+00 GHz (total elapsed time = 1.83e+00 s)

  Residual norms for GMRES solve
  0 (restart 0) KSP residual norm 3.205413e+00
  1 (restart 0) KSP residual norm 1.211280e+00
  2 (restart 0) KSP residual norm 3.757716e-02
  3 (restart 0) KSP residual norm 5.905948e-07
  4 (restart 0) KSP residual norm 3.139788e-09
  5 (restart 0) KSP residual norm 6.150428e-10
GMRES solver converged in 5 iterations (avg. reduction factor: 7.748e-03)
 Sol. ||E|| = 1.703284e+01 (||RHS|| = 4.650606e-02)
 Field energy E (3.336e-02 J) + H (3.336e-02 J) = 6.671e-02 J
 S[1][1] = +4.951e-07+1.114e-06i, |S[1][1]| = -1.183e+02, arg(S[1][1]) = +6.603e+01
 S[2][1] = +9.134e-01-4.070e-01i, |S[2][1]| = -1.353e-11, arg(S[2][1]) = -2.402e+01
 Updating solution error estimates

It 4/5: ω/2π = 2.000e+00 GHz (total elapsed time = 2.52e+00 s)

  Residual norms for GMRES solve
  0 (restart 0) KSP residual norm 8.412306e+00
  1 (restart 0) KSP residual norm 1.747212e+00
  2 (restart 0) KSP residual norm 2.325281e-01
  3 (restart 0) KSP residual norm 3.930933e-06
  4 (restart 0) KSP residual norm 3.478814e-08
  5 (restart 0) KSP residual norm 8.324943e-09
  6 (restart 0) KSP residual norm 2.404465e-09
GMRES solver converged in 6 iterations (avg. reduction factor: 2.046e-02)
 Sol. ||E|| = 1.703284e+01 (||RHS|| = 9.301212e-02)
 Field energy E (3.336e-02 J) + H (3.336e-02 J) = 6.671e-02 J
 S[1][1] = +6.626e-06+5.981e-06i, |S[1][1]| = -1.010e+02, arg(S[1][1]) = +4.207e+01
 S[2][1] = +6.687e-01-7.435e-01i, |S[2][1]| = -4.287e-10, arg(S[2][1]) = -4.803e+01
 Updating solution error estimates

It 5/5: ω/2π = 5.000e+00 GHz (total elapsed time = 3.18e+00 s)

  Residual norms for GMRES solve
  0 (restart 0) KSP residual norm 3.654231e+01
  1 (restart 0) KSP residual norm 5.309123e+00
  2 (restart 0) KSP residual norm 1.932277e+00
  3 (restart 0) KSP residual norm 3.458880e-05
  4 (restart 0) KSP residual norm 6.223109e-07
  5 (restart 0) KSP residual norm 1.980852e-07
  6 (restart 0) KSP residual norm 9.752999e-08
  7 (restart 0) KSP residual norm 1.199749e-08
  8 (restart 0) KSP residual norm 1.367577e-09
GMRES solver converged in 8 iterations (avg. reduction factor: 4.923e-02)
 Sol. ||E|| = 1.703330e+01 (||RHS|| = 2.325303e-01)
 Field energy E (3.336e-02 J) + H (3.336e-02 J) = 6.672e-02 J
 S[1][1] = +5.761e-05-3.296e-05i, |S[1][1]| = -8.356e+01, arg(S[1][1]) = -2.977e+01
 S[2][1] = -5.013e-01-8.653e-01i, |S[2][1]| = -2.256e-08, arg(S[2][1]) = -1.201e+02
 Updating solution error estimates

Completed 0 iterations of adaptive mesh refinement (AMR):
 Indicator norm = 4.510e-03, global unknowns = 38699
 Max. iterations = 0, tol. = 1.000e-02

Elapsed Time Report (s)           Min.        Max.        Avg.
==============================================================
Initialization                   0.026       0.027       0.026
  Mesh Preprocessing             0.277       0.277       0.277
Operator Construction            0.128       0.129       0.129
Linear Solve                     0.539       0.551       0.545
  Setup                          0.398       0.399       0.399
  Preconditioner                 1.422       1.434       1.428
Estimation                       0.079       0.080       0.080
  Construction                   0.566       0.566       0.566
  Solve                          1.241       1.243       1.242
Postprocessing                   0.103       0.105       0.104
Disk IO                          0.092       0.092       0.092
--------------------------------------------------------------
Total                            4.914       4.917       4.915

