>> /usr/bin/mpirun -n 2 /opt/palace/bin/palace-x86_64.bin palace-1.json

_____________     _______
_____   __   \____ __   /____ ____________
____   /_/  /  __ ` /  /  __ ` /  ___/  _ \
___   _____/  /_/  /  /  /_/  /  /__/  ___/
  /__/     \___,__/__/\___,__/\_____\_____/

Git changeset ID: v0.14.0
Running with 2 MPI processes, 1 OpenMP thread
Device configuration: omp,cpu
Memory configuration: host-std
libCEED backend: /cpu/self/xsmm/blocked

Added 30022 boundary elements for material interfaces to the mesh
Finished partitioning mesh into 2 subdomains

Characteristic length and time scales:
 L₀ = 1.000e-03 m, t₀ = 3.336e-03 ns

Mesh curvature order: 1
Mesh bounding box:
 (Xmin, Ymin, Zmin) = (-1.055e-02, -3.305e-02, -1.035e-03) m
 (Xmax, Ymax, Zmax) = (+6.200e-03, -4.250e-03, +2.529e-03) m

Parallel Mesh Stats:

                minimum     average     maximum       total
 vertices         81732       83088       84445      166177
 edges           510485      514849      519213     1029698
 faces           830244      833250      836256     1666500
 elements        401469      401471      401474      802943
 neighbors            1           1           1

            minimum     maximum
 h       0.00010321    0.748498
 kappa      1.02498      851027

Configuring Robin absorbing BC (order 1) at attributes:
 1000001

Configuring Robin impedance BC for lumped ports at attributes:
 100001: Rs = 1.514e+01 Ω/sq, n = (+0.0,+0.0,+1.0)
 100002: Rs = 2.974e+01 Ω/sq, n = (+0.0,+0.0,+1.0)
 100003: Rs = 7.876e+00 Ω/sq, n = (+0.0,+0.0,+1.0)
 100004: Rs = 2.974e+01 Ω/sq, n = (+0.0,+0.0,+1.0)

Configuring lumped port circuit properties:
 Index = 1: R = 5.000e+01 Ω
 Index = 2: R = 5.000e+01 Ω
 Index = 3: R = 5.000e+01 Ω
 Index = 4: R = 5.000e+01 Ω

Configuring lumped port excitation source term at attributes:
 100001: Index = 1

Configuring Dirichlet PEC BC at attributes:
 1000000

Computing frequency response for:
Excitation with index 1 has contributions from:
 Lumped port  1

Assembling system matrices, number of global unknowns:
 H1 (p = 1): 166177, ND (p = 1): 1029698, RT (p = 1): 1666500
 Operator assembly level: Partial
 Mesh geometries:
  Tetrahedron: P = 6, Q = 4 (quadrature order = 2)

Assembling multigrid hierarchy:
 Level 0 (p = 1): 1029698 unknowns
 Level 0 (auxiliary) (p = 1): 166177 unknowns

It 1/1: ω/2π = 4.000e-01 GHz (total elapsed time = 4.74e+00 s)

   Residual norms for GMRES solve
   0 (restart 0) KSP residual norm 6.169192e-01
   1 (restart 0) KSP residual norm 1.785899e-01
   2 (restart 0) KSP residual norm 1.001003e-01
   3 (restart 0) KSP residual norm 9.945741e-02
   4 (restart 0) KSP residual norm 9.860935e-02
   5 (restart 0) KSP residual norm 9.691178e-02
   6 (restart 0) KSP residual norm 9.555734e-02
   7 (restart 0) KSP residual norm 9.458273e-02
   8 (restart 0) KSP residual norm 9.081926e-02
   9 (restart 0) KSP residual norm 8.816848e-02
  10 (restart 0) KSP residual norm 8.775012e-02
  11 (restart 0) KSP residual norm 8.612734e-02
  12 (restart 0) KSP residual norm 8.562239e-02
  13 (restart 0) KSP residual norm 8.538870e-02
  14 (restart 0) KSP residual norm 8.350881e-02
  15 (restart 0) KSP residual norm 8.246717e-02
  16 (restart 0) KSP residual norm 8.164618e-02
  17 (restart 0) KSP residual norm 8.138887e-02
  18 (restart 0) KSP residual norm 8.041952e-02
  19 (restart 0) KSP residual norm 8.023008e-02
  20 (restart 0) KSP residual norm 8.005708e-02
  21 (restart 0) KSP residual norm 7.990397e-02
  22 (restart 0) KSP residual norm 7.963173e-02
  23 (restart 0) KSP residual norm 7.958455e-02
  24 (restart 0) KSP residual norm 7.930689e-02
  25 (restart 0) KSP residual norm 7.911459e-02
  26 (restart 0) KSP residual norm 7.859517e-02
  27 (restart 0) KSP residual norm 7.828282e-02
  28 (restart 0) KSP residual norm 7.815624e-02
  29 (restart 0) KSP residual norm 7.728633e-02
  30 (restart 0) KSP residual norm 7.634468e-02
  31 (restart 0) KSP residual norm 7.633215e-02
  32 (restart 0) KSP residual norm 7.627125e-02
  33 (restart 0) KSP residual norm 7.579172e-02
  34 (restart 0) KSP residual norm 7.553775e-02
  35 (restart 0) KSP residual norm 7.552692e-02
  36 (restart 0) KSP residual norm 7.490813e-02
  37 (restart 0) KSP residual norm 7.322451e-02
  38 (restart 0) KSP residual norm 7.316665e-02
  39 (restart 0) KSP residual norm 7.232437e-02
  40 (restart 0) KSP residual norm 7.226220e-02
  41 (restart 0) KSP residual norm 7.217949e-02
  42 (restart 0) KSP residual norm 7.098384e-02
  43 (restart 0) KSP residual norm 7.096357e-02
  44 (restart 0) KSP residual norm 7.043093e-02
  45 (restart 0) KSP residual norm 6.978407e-02
  46 (restart 0) KSP residual norm 6.902109e-02
  47 (restart 0) KSP residual norm 6.802775e-02
  48 (restart 0) KSP residual norm 6.746124e-02
  49 (restart 0) KSP residual norm 6.661988e-02
  50 (restart 0) KSP residual norm 6.563930e-02
  51 (restart 0) KSP residual norm 6.410721e-02
  52 (restart 0) KSP residual norm 6.362353e-02
  53 (restart 0) KSP residual norm 6.302157e-02
  54 (restart 0) KSP residual norm 6.251882e-02
  55 (restart 0) KSP residual norm 6.235517e-02
  56 (restart 0) KSP residual norm 6.057265e-02
  57 (restart 0) KSP residual norm 6.018676e-02
  58 (restart 0) KSP residual norm 5.782179e-02
  59 (restart 0) KSP residual norm 5.586703e-02
  60 (restart 0) KSP residual norm 5.569172e-02
  61 (restart 0) KSP residual norm 5.195513e-02
  62 (restart 0) KSP residual norm 5.078110e-02
  63 (restart 0) KSP residual norm 4.979847e-02
  64 (restart 0) KSP residual norm 4.594962e-02
  65 (restart 0) KSP residual norm 4.391750e-02
  66 (restart 0) KSP residual norm 4.078528e-02
  67 (restart 0) KSP residual norm 3.954687e-02
  68 (restart 0) KSP residual norm 3.739691e-02
  69 (restart 0) KSP residual norm 3.692357e-02
  70 (restart 0) KSP residual norm 3.517705e-02
  71 (restart 0) KSP residual norm 3.495171e-02
  72 (restart 0) KSP residual norm 3.490264e-02
  73 (restart 0) KSP residual norm 3.397647e-02
  74 (restart 0) KSP residual norm 3.388568e-02
  75 (restart 0) KSP residual norm 3.342108e-02
  76 (restart 0) KSP residual norm 3.327839e-02
  77 (restart 0) KSP residual norm 3.321472e-02
  78 (restart 0) KSP residual norm 3.259719e-02
  79 (restart 0) KSP residual norm 3.253416e-02
  80 (restart 0) KSP residual norm 3.205579e-02
  81 (restart 0) KSP residual norm 3.193085e-02
  82 (restart 0) KSP residual norm 3.183109e-02
  83 (restart 0) KSP residual norm 3.131778e-02
  84 (restart 0) KSP residual norm 3.114215e-02
  85 (restart 0) KSP residual norm 3.074482e-02
  86 (restart 0) KSP residual norm 3.052987e-02
  87 (restart 0) KSP residual norm 3.021861e-02
  88 (restart 0) KSP residual norm 2.883543e-02
  89 (restart 0) KSP residual norm 2.838255e-02
  90 (restart 0) KSP residual norm 2.593216e-02
  91 (restart 0) KSP residual norm 2.560090e-02
  92 (restart 0) KSP residual norm 2.528667e-02
  93 (restart 0) KSP residual norm 2.227976e-02
  94 (restart 0) KSP residual norm 2.181643e-02
  95 (restart 0) KSP residual norm 2.052088e-02
  96 (restart 0) KSP residual norm 2.001940e-02
  97 (restart 0) KSP residual norm 1.914889e-02
  98 (restart 0) KSP residual norm 1.884748e-02
  99 (restart 0) KSP residual norm 1.659927e-02
 100 (restart 0) KSP residual norm 1.645675e-02
 101 (restart 0) KSP residual norm 1.620618e-02
 102 (restart 0) KSP residual norm 1.523819e-02
 103 (restart 0) KSP residual norm 1.492191e-02
 104 (restart 0) KSP residual norm 1.426447e-02
 105 (restart 0) KSP residual norm 1.391777e-02
 106 (restart 0) KSP residual norm 1.363225e-02
 107 (restart 0) KSP residual norm 1.357875e-02
 108 (restart 0) KSP residual norm 1.325684e-02
 109 (restart 0) KSP residual norm 1.302592e-02
 110 (restart 0) KSP residual norm 1.285113e-02
 111 (restart 0) KSP residual norm 1.260307e-02
 112 (restart 0) KSP residual norm 1.217328e-02
 113 (restart 0) KSP residual norm 1.217156e-02
 114 (restart 0) KSP residual norm 1.193427e-02
 115 (restart 0) KSP residual norm 1.174534e-02
 116 (restart 0) KSP residual norm 1.168058e-02
 117 (restart 0) KSP residual norm 1.163413e-02
 118 (restart 0) KSP residual norm 1.133453e-02
 119 (restart 0) KSP residual norm 1.126224e-02
 120 (restart 0) KSP residual norm 1.091750e-02
 121 (restart 0) KSP residual norm 1.061971e-02
 122 (restart 0) KSP residual norm 1.044547e-02
 123 (restart 0) KSP residual norm 1.027669e-02
 124 (restart 0) KSP residual norm 1.010213e-02
 125 (restart 0) KSP residual norm 1.003530e-02
 126 (restart 0) KSP residual norm 1.000982e-02
 127 (restart 0) KSP residual norm 9.866162e-03
 128 (restart 0) KSP residual norm 9.812868e-03
 129 (restart 0) KSP residual norm 9.800312e-03
 130 (restart 0) KSP residual norm 9.646139e-03
 131 (restart 0) KSP residual norm 9.558362e-03
 132 (restart 0) KSP residual norm 9.529283e-03
 133 (restart 0) KSP residual norm 9.339129e-03
 134 (restart 0) KSP residual norm 9.292210e-03
 135 (restart 0) KSP residual norm 9.287466e-03
 136 (restart 0) KSP residual norm 9.255197e-03
 137 (restart 0) KSP residual norm 9.181968e-03
 138 (restart 0) KSP residual norm 9.113063e-03
 139 (restart 0) KSP residual norm 8.949455e-03
 140 (restart 0) KSP residual norm 8.804807e-03
 141 (restart 0) KSP residual norm 8.693664e-03
 142 (restart 0) KSP residual norm 8.650458e-03
 143 (restart 0) KSP residual norm 8.364894e-03
 144 (restart 0) KSP residual norm 8.273021e-03
 145 (restart 0) KSP residual norm 8.140570e-03
 146 (restart 0) KSP residual norm 8.082075e-03
 147 (restart 0) KSP residual norm 7.920555e-03
 148 (restart 0) KSP residual norm 7.903319e-03
 149 (restart 0) KSP residual norm 7.778208e-03
 150 (restart 0) KSP residual norm 7.752246e-03
 151 (restart 0) KSP residual norm 7.720238e-03
 152 (restart 0) KSP residual norm 7.672591e-03
 153 (restart 0) KSP residual norm 7.635382e-03
 154 (restart 0) KSP residual norm 7.621538e-03
 155 (restart 0) KSP residual norm 7.612525e-03
 156 (restart 0) KSP residual norm 7.582364e-03
 157 (restart 0) KSP residual norm 7.561078e-03
 158 (restart 0) KSP residual norm 7.549824e-03
 159 (restart 0) KSP residual norm 7.289923e-03
 160 (restart 0) KSP residual norm 7.272894e-03
 161 (restart 0) KSP residual norm 7.159328e-03
 162 (restart 0) KSP residual norm 7.081464e-03
 163 (restart 0) KSP residual norm 6.900372e-03
 164 (restart 0) KSP residual norm 6.876280e-03
 165 (restart 0) KSP residual norm 6.353272e-03
 166 (restart 0) KSP residual norm 6.244675e-03
 167 (restart 0) KSP residual norm 6.139260e-03
 168 (restart 0) KSP residual norm 5.898076e-03
 169 (restart 0) KSP residual norm 5.358347e-03
 170 (restart 0) KSP residual norm 5.348676e-03
 171 (restart 0) KSP residual norm 4.875067e-03
 172 (restart 0) KSP residual norm 4.779311e-03
 173 (restart 0) KSP residual norm 4.685018e-03
 174 (restart 0) KSP residual norm 4.500603e-03
 175 (restart 0) KSP residual norm 4.261423e-03
 176 (restart 0) KSP residual norm 4.255515e-03
 177 (restart 0) KSP residual norm 4.204852e-03
 178 (restart 0) KSP residual norm 4.150645e-03
 179 (restart 0) KSP residual norm 4.128313e-03
 180 (restart 0) KSP residual norm 4.096090e-03
 181 (restart 0) KSP residual norm 4.091240e-03
 182 (restart 0) KSP residual norm 4.053792e-03
 183 (restart 0) KSP residual norm 4.037458e-03
 184 (restart 0) KSP residual norm 4.030363e-03
 185 (restart 0) KSP residual norm 3.912816e-03
 186 (restart 0) KSP residual norm 3.903640e-03
 187 (restart 0) KSP residual norm 3.789075e-03
 188 (restart 0) KSP residual norm 3.711379e-03
 189 (restart 0) KSP residual norm 3.607232e-03
 190 (restart 0) KSP residual norm 3.548234e-03
 191 (restart 0) KSP residual norm 3.235126e-03
 192 (restart 0) KSP residual norm 3.210786e-03
 193 (restart 0) KSP residual norm 3.075377e-03
 194 (restart 0) KSP residual norm 2.958978e-03
 195 (restart 0) KSP residual norm 2.816427e-03
 196 (restart 0) KSP residual norm 2.786705e-03
 197 (restart 0) KSP residual norm 2.565979e-03
 198 (restart 0) KSP residual norm 2.541470e-03
 199 (restart 0) KSP residual norm 2.502807e-03
 200 (restart 1) KSP residual norm 2.429366e-03
 201 (restart 1) KSP residual norm 2.428643e-03
 202 (restart 1) KSP residual norm 2.428007e-03
 203 (restart 1) KSP residual norm 2.424461e-03
 204 (restart 1) KSP residual norm 2.415638e-03
 205 (restart 1) KSP residual norm 2.414319e-03
 206 (restart 1) KSP residual norm 2.402500e-03
 207 (restart 1) KSP residual norm 2.399922e-03
 208 (restart 1) KSP residual norm 2.388142e-03
 209 (restart 1) KSP residual norm 2.387603e-03
 210 (restart 1) KSP residual norm 2.386415e-03
 211 (restart 1) KSP residual norm 2.382541e-03
 212 (restart 1) KSP residual norm 2.382235e-03
 213 (restart 1) KSP residual norm 2.381720e-03
 214 (restart 1) KSP residual norm 2.381711e-03
 215 (restart 1) KSP residual norm 2.381136e-03
 216 (restart 1) KSP residual norm 2.380301e-03
 217 (restart 1) KSP residual norm 2.380269e-03
 218 (restart 1) KSP residual norm 2.378810e-03
 219 (restart 1) KSP residual norm 2.376773e-03
 220 (restart 1) KSP residual norm 2.376678e-03
 221 (restart 1) KSP residual norm 2.375550e-03
 222 (restart 1) KSP residual norm 2.374755e-03
 223 (restart 1) KSP residual norm 2.374510e-03
 224 (restart 1) KSP residual norm 2.373561e-03
 225 (restart 1) KSP residual norm 2.371045e-03
 226 (restart 1) KSP residual norm 2.369031e-03
 227 (restart 1) KSP residual norm 2.367716e-03
 228 (restart 1) KSP residual norm 2.365845e-03
 229 (restart 1) KSP residual norm 2.362108e-03
 230 (restart 1) KSP residual norm 2.361325e-03
 231 (restart 1) KSP residual norm 2.358235e-03
 232 (restart 1) KSP residual norm 2.354741e-03
 233 (restart 1) KSP residual norm 2.351745e-03
 234 (restart 1) KSP residual norm 2.341575e-03
 235 (restart 1) KSP residual norm 2.337877e-03
 236 (restart 1) KSP residual norm 2.329699e-03
 237 (restart 1) KSP residual norm 2.319742e-03
 238 (restart 1) KSP residual norm 2.317846e-03
 239 (restart 1) KSP residual norm 2.310078e-03
 240 (restart 1) KSP residual norm 2.305477e-03
 241 (restart 1) KSP residual norm 2.302525e-03
 242 (restart 1) KSP residual norm 2.299409e-03
 243 (restart 1) KSP residual norm 2.290600e-03
 244 (restart 1) KSP residual norm 2.285225e-03
 245 (restart 1) KSP residual norm 2.280196e-03
 246 (restart 1) KSP residual norm 2.269983e-03
 247 (restart 1) KSP residual norm 2.269004e-03
 248 (restart 1) KSP residual norm 2.249127e-03
 249 (restart 1) KSP residual norm 2.237636e-03
 250 (restart 1) KSP residual norm 2.234646e-03
 251 (restart 1) KSP residual norm 2.215665e-03
 252 (restart 1) KSP residual norm 2.209963e-03
 253 (restart 1) KSP residual norm 2.202215e-03
 254 (restart 1) KSP residual norm 2.192253e-03
 255 (restart 1) KSP residual norm 2.181662e-03
 256 (restart 1) KSP residual norm 2.170144e-03
 257 (restart 1) KSP residual norm 2.163744e-03
 258 (restart 1) KSP residual norm 2.156656e-03
 259 (restart 1) KSP residual norm 2.146482e-03
 260 (restart 1) KSP residual norm 2.142407e-03
 261 (restart 1) KSP residual norm 2.137294e-03
 262 (restart 1) KSP residual norm 2.130223e-03
 263 (restart 1) KSP residual norm 2.126431e-03
 264 (restart 1) KSP residual norm 2.118578e-03
 265 (restart 1) KSP residual norm 2.101630e-03
 266 (restart 1) KSP residual norm 2.095551e-03
 267 (restart 1) KSP residual norm 2.087826e-03
 268 (restart 1) KSP residual norm 2.079982e-03
 269 (restart 1) KSP residual norm 2.072214e-03
 270 (restart 1) KSP residual norm 2.069060e-03
 271 (restart 1) KSP residual norm 2.041649e-03
 272 (restart 1) KSP residual norm 2.037873e-03
 273 (restart 1) KSP residual norm 2.030844e-03
 274 (restart 1) KSP residual norm 2.020002e-03
 275 (restart 1) KSP residual norm 2.015671e-03
 276 (restart 1) KSP residual norm 2.005639e-03
 277 (restart 1) KSP residual norm 2.002997e-03
 278 (restart 1) KSP residual norm 1.995905e-03
 279 (restart 1) KSP residual norm 1.980875e-03
 280 (restart 1) KSP residual norm 1.978291e-03
 281 (restart 1) KSP residual norm 1.959536e-03
 282 (restart 1) KSP residual norm 1.953197e-03
 283 (restart 1) KSP residual norm 1.948894e-03
 284 (restart 1) KSP residual norm 1.938946e-03
 285 (restart 1) KSP residual norm 1.936274e-03
 286 (restart 1) KSP residual norm 1.927881e-03
 287 (restart 1) KSP residual norm 1.926177e-03
 288 (restart 1) KSP residual norm 1.920974e-03
 289 (restart 1) KSP residual norm 1.903436e-03
 290 (restart 1) KSP residual norm 1.902587e-03
 291 (restart 1) KSP residual norm 1.872358e-03
 292 (restart 1) KSP residual norm 1.863959e-03
 293 (restart 1) KSP residual norm 1.850369e-03
 294 (restart 1) KSP residual norm 1.818352e-03
 295 (restart 1) KSP residual norm 1.776025e-03
 296 (restart 1) KSP residual norm 1.766058e-03
 297 (restart 1) KSP residual norm 1.714438e-03
 298 (restart 1) KSP residual norm 1.680440e-03
 299 (restart 1) KSP residual norm 1.672581e-03
 300 (restart 1) KSP residual norm 1.604407e-03
 301 (restart 1) KSP residual norm 1.584492e-03
 302 (restart 1) KSP residual norm 1.561838e-03
 303 (restart 1) KSP residual norm 1.548212e-03
 304 (restart 1) KSP residual norm 1.501414e-03
 305 (restart 1) KSP residual norm 1.499827e-03
 306 (restart 1) KSP residual norm 1.428617e-03
 307 (restart 1) KSP residual norm 1.414223e-03
 308 (restart 1) KSP residual norm 1.404996e-03
 309 (restart 1) KSP residual norm 1.369533e-03
 310 (restart 1) KSP residual norm 1.319340e-03
 311 (restart 1) KSP residual norm 1.315421e-03
 312 (restart 1) KSP residual norm 1.282171e-03
 313 (restart 1) KSP residual norm 1.253878e-03
 314 (restart 1) KSP residual norm 1.244682e-03
 315 (restart 1) KSP residual norm 1.229914e-03
 316 (restart 1) KSP residual norm 1.211903e-03
 317 (restart 1) KSP residual norm 1.207539e-03
 318 (restart 1) KSP residual norm 1.202231e-03
 319 (restart 1) KSP residual norm 1.183688e-03
 320 (restart 1) KSP residual norm 1.179392e-03
 321 (restart 1) KSP residual norm 1.175925e-03
 322 (restart 1) KSP residual norm 1.172966e-03
 323 (restart 1) KSP residual norm 1.171422e-03
 324 (restart 1) KSP residual norm 1.168270e-03
 325 (restart 1) KSP residual norm 1.159272e-03
 326 (restart 1) KSP residual norm 1.144527e-03
 327 (restart 1) KSP residual norm 1.142008e-03
 328 (restart 1) KSP residual norm 1.137766e-03
 329 (restart 1) KSP residual norm 1.120865e-03
 330 (restart 1) KSP residual norm 1.116195e-03
 331 (restart 1) KSP residual norm 1.096379e-03
 332 (restart 1) KSP residual norm 1.080385e-03
 333 (restart 1) KSP residual norm 1.073127e-03
 334 (restart 1) KSP residual norm 1.070148e-03
 335 (restart 1) KSP residual norm 1.054119e-03
 336 (restart 1) KSP residual norm 1.049966e-03
 337 (restart 1) KSP residual norm 1.041721e-03
 338 (restart 1) KSP residual norm 1.030393e-03
 339 (restart 1) KSP residual norm 1.017842e-03
 340 (restart 1) KSP residual norm 1.015673e-03
 341 (restart 1) KSP residual norm 1.000775e-03
 342 (restart 1) KSP residual norm 9.933217e-04
 343 (restart 1) KSP residual norm 9.849446e-04
 344 (restart 1) KSP residual norm 9.781950e-04
 345 (restart 1) KSP residual norm 9.698590e-04
 346 (restart 1) KSP residual norm 9.684146e-04
 347 (restart 1) KSP residual norm 9.662697e-04
 348 (restart 1) KSP residual norm 9.626525e-04
 349 (restart 1) KSP residual norm 9.599722e-04
 350 (restart 1) KSP residual norm 9.587279e-04
 351 (restart 1) KSP residual norm 9.446408e-04
 352 (restart 1) KSP residual norm 9.433116e-04
 353 (restart 1) KSP residual norm 9.402347e-04
 354 (restart 1) KSP residual norm 9.365934e-04
 355 (restart 1) KSP residual norm 9.179623e-04
 356 (restart 1) KSP residual norm 9.148540e-04
 357 (restart 1) KSP residual norm 8.752513e-04
 358 (restart 1) KSP residual norm 8.691161e-04
 359 (restart 1) KSP residual norm 8.611480e-04
 360 (restart 1) KSP residual norm 8.438559e-04
 361 (restart 1) KSP residual norm 8.203779e-04
 362 (restart 1) KSP residual norm 8.188819e-04
 363 (restart 1) KSP residual norm 7.877387e-04
 364 (restart 1) KSP residual norm 7.823755e-04
 365 (restart 1) KSP residual norm 7.775037e-04
 366 (restart 1) KSP residual norm 7.598990e-04
 367 (restart 1) KSP residual norm 7.315511e-04
 368 (restart 1) KSP residual norm 7.312611e-04
 369 (restart 1) KSP residual norm 7.151066e-04
 370 (restart 1) KSP residual norm 7.070526e-04
 371 (restart 1) KSP residual norm 7.027953e-04
 372 (restart 1) KSP residual norm 6.933681e-04
 373 (restart 1) KSP residual norm 6.886097e-04
 374 (restart 1) KSP residual norm 6.870946e-04
 375 (restart 1) KSP residual norm 6.869637e-04
 376 (restart 1) KSP residual norm 6.857029e-04
 377 (restart 1) KSP residual norm 6.831274e-04
 378 (restart 1) KSP residual norm 6.820929e-04
 379 (restart 1) KSP residual norm 6.709015e-04
 380 (restart 1) KSP residual norm 6.660342e-04
 381 (restart 1) KSP residual norm 6.587187e-04
 382 (restart 1) KSP residual norm 6.455379e-04
 383 (restart 1) KSP residual norm 6.005300e-04
 384 (restart 1) KSP residual norm 5.994448e-04
 385 (restart 1) KSP residual norm 5.776152e-04
 386 (restart 1) KSP residual norm 5.641670e-04
 387 (restart 1) KSP residual norm 5.508563e-04
 388 (restart 1) KSP residual norm 5.368109e-04
 389 (restart 1) KSP residual norm 4.945332e-04
 390 (restart 1) KSP residual norm 4.938534e-04
 391 (restart 1) KSP residual norm 4.889580e-04
 392 (restart 1) KSP residual norm 4.698367e-04
 393 (restart 1) KSP residual norm 4.523157e-04
 394 (restart 1) KSP residual norm 4.477819e-04
 395 (restart 1) KSP residual norm 4.297369e-04
 396 (restart 1) KSP residual norm 4.253655e-04
 397 (restart 1) KSP residual norm 4.219280e-04
 398 (restart 1) KSP residual norm 4.036561e-04
 399 (restart 1) KSP residual norm 3.944066e-04
 400 (restart 2) KSP residual norm 3.936270e-04
 401 (restart 2) KSP residual norm 3.936207e-04
 402 (restart 2) KSP residual norm 3.935808e-04
 403 (restart 2) KSP residual norm 3.931317e-04
 404 (restart 2) KSP residual norm 3.923974e-04
 405 (restart 2) KSP residual norm 3.923500e-04
 406 (restart 2) KSP residual norm 3.920262e-04
 407 (restart 2) KSP residual norm 3.919383e-04
 408 (restart 2) KSP residual norm 3.918696e-04
 409 (restart 2) KSP residual norm 3.917651e-04
 410 (restart 2) KSP residual norm 3.917142e-04
 411 (restart 2) KSP residual norm 3.916789e-04
 412 (restart 2) KSP residual norm 3.916194e-04
 413 (restart 2) KSP residual norm 3.916007e-04
 414 (restart 2) KSP residual norm 3.915040e-04
 415 (restart 2) KSP residual norm 3.912354e-04
 416 (restart 2) KSP residual norm 3.911114e-04
 417 (restart 2) KSP residual norm 3.909025e-04
 418 (restart 2) KSP residual norm 3.906886e-04
 419 (restart 2) KSP residual norm 3.905258e-04
 420 (restart 2) KSP residual norm 3.901209e-04
 421 (restart 2) KSP residual norm 3.899456e-04
 422 (restart 2) KSP residual norm 3.898826e-04
 423 (restart 2) KSP residual norm 3.895835e-04
 424 (restart 2) KSP residual norm 3.884453e-04
 425 (restart 2) KSP residual norm 3.883432e-04
 426 (restart 2) KSP residual norm 3.863017e-04
 427 (restart 2) KSP residual norm 3.857009e-04
 428 (restart 2) KSP residual norm 3.856501e-04
 429 (restart 2) KSP residual norm 3.839732e-04
 430 (restart 2) KSP residual norm 3.838719e-04
 431 (restart 2) KSP residual norm 3.833200e-04
 432 (restart 2) KSP residual norm 3.830757e-04
 433 (restart 2) KSP residual norm 3.829396e-04
 434 (restart 2) KSP residual norm 3.818774e-04
 435 (restart 2) KSP residual norm 3.818182e-04
 436 (restart 2) KSP residual norm 3.814671e-04
 437 (restart 2) KSP residual norm 3.808069e-04
 438 (restart 2) KSP residual norm 3.806219e-04
 439 (restart 2) KSP residual norm 3.796483e-04
 440 (restart 2) KSP residual norm 3.794012e-04
 441 (restart 2) KSP residual norm 3.792446e-04
 442 (restart 2) KSP residual norm 3.778220e-04
 443 (restart 2) KSP residual norm 3.777400e-04
 444 (restart 2) KSP residual norm 3.771538e-04
 445 (restart 2) KSP residual norm 3.765553e-04
 446 (restart 2) KSP residual norm 3.763862e-04
 447 (restart 2) KSP residual norm 3.746313e-04
 448 (restart 2) KSP residual norm 3.743422e-04
 449 (restart 2) KSP residual norm 3.738315e-04
 450 (restart 2) KSP residual norm 3.733706e-04
 451 (restart 2) KSP residual norm 3.730828e-04
 452 (restart 2) KSP residual norm 3.712165e-04
 453 (restart 2) KSP residual norm 3.711565e-04
 454 (restart 2) KSP residual norm 3.697278e-04
 455 (restart 2) KSP residual norm 3.683305e-04
 456 (restart 2) KSP residual norm 3.681636e-04
 457 (restart 2) KSP residual norm 3.670479e-04
 458 (restart 2) KSP residual norm 3.669455e-04
 459 (restart 2) KSP residual norm 3.667961e-04
 460 (restart 2) KSP residual norm 3.660331e-04
 461 (restart 2) KSP residual norm 3.656308e-04
 462 (restart 2) KSP residual norm 3.643372e-04
 463 (restart 2) KSP residual norm 3.638928e-04
 464 (restart 2) KSP residual norm 3.638093e-04
 465 (restart 2) KSP residual norm 3.634481e-04
 466 (restart 2) KSP residual norm 3.624686e-04
 467 (restart 2) KSP residual norm 3.618998e-04
 468 (restart 2) KSP residual norm 3.608910e-04
 469 (restart 2) KSP residual norm 3.602785e-04
 470 (restart 2) KSP residual norm 3.596389e-04
 471 (restart 2) KSP residual norm 3.581697e-04
 472 (restart 2) KSP residual norm 3.548957e-04
 473 (restart 2) KSP residual norm 3.547342e-04
 474 (restart 2) KSP residual norm 3.541073e-04
 475 (restart 2) KSP residual norm 3.494592e-04
 476 (restart 2) KSP residual norm 3.491113e-04
 477 (restart 2) KSP residual norm 3.430540e-04
 478 (restart 2) KSP residual norm 3.418713e-04
 479 (restart 2) KSP residual norm 3.405414e-04
 480 (restart 2) KSP residual norm 3.355852e-04
 481 (restart 2) KSP residual norm 3.344605e-04
 482 (restart 2) KSP residual norm 3.271947e-04
 483 (restart 2) KSP residual norm 3.266982e-04
 484 (restart 2) KSP residual norm 3.244913e-04
 485 (restart 2) KSP residual norm 3.133970e-04
 486 (restart 2) KSP residual norm 3.086086e-04
 487 (restart 2) KSP residual norm 2.993571e-04
 488 (restart 2) KSP residual norm 2.954575e-04
 489 (restart 2) KSP residual norm 2.874410e-04
 490 (restart 2) KSP residual norm 2.862638e-04
 491 (restart 2) KSP residual norm 2.719248e-04
 492 (restart 2) KSP residual norm 2.698976e-04
 493 (restart 2) KSP residual norm 2.674552e-04
 494 (restart 2) KSP residual norm 2.611417e-04
 495 (restart 2) KSP residual norm 2.522606e-04
 496 (restart 2) KSP residual norm 2.501968e-04
 497 (restart 2) KSP residual norm 2.414391e-04
 498 (restart 2) KSP residual norm 2.380249e-04
 499 (restart 2) KSP residual norm 2.378734e-04
 500 (restart 2) KSP residual norm 2.304385e-04
 501 (restart 2) KSP residual norm 2.290310e-04
 502 (restart 2) KSP residual norm 2.260896e-04
 503 (restart 2) KSP residual norm 2.241215e-04
 504 (restart 2) KSP residual norm 2.224094e-04
 505 (restart 2) KSP residual norm 2.222295e-04
 506 (restart 2) KSP residual norm 2.154457e-04
 507 (restart 2) KSP residual norm 2.147837e-04
 508 (restart 2) KSP residual norm 2.132713e-04
 509 (restart 2) KSP residual norm 2.112924e-04
 510 (restart 2) KSP residual norm 2.074658e-04
 511 (restart 2) KSP residual norm 2.067077e-04
 512 (restart 2) KSP residual norm 2.041399e-04
 513 (restart 2) KSP residual norm 2.024458e-04
 514 (restart 2) KSP residual norm 2.024122e-04
 515 (restart 2) KSP residual norm 2.008792e-04
 516 (restart 2) KSP residual norm 2.005657e-04
 517 (restart 2) KSP residual norm 2.001403e-04
 518 (restart 2) KSP residual norm 1.985354e-04
 519 (restart 2) KSP residual norm 1.978470e-04
 520 (restart 2) KSP residual norm 1.960650e-04
 521 (restart 2) KSP residual norm 1.953063e-04
 522 (restart 2) KSP residual norm 1.924853e-04
 523 (restart 2) KSP residual norm 1.905314e-04
 524 (restart 2) KSP residual norm 1.904401e-04
 525 (restart 2) KSP residual norm 1.844828e-04
 526 (restart 2) KSP residual norm 1.815295e-04
 527 (restart 2) KSP residual norm 1.799583e-04
 528 (restart 2) KSP residual norm 1.772838e-04
 529 (restart 2) KSP residual norm 1.735388e-04
 530 (restart 2) KSP residual norm 1.733094e-04
 531 (restart 2) KSP residual norm 1.671082e-04
 532 (restart 2) KSP residual norm 1.644631e-04
 533 (restart 2) KSP residual norm 1.634513e-04
 534 (restart 2) KSP residual norm 1.623233e-04
 535 (restart 2) KSP residual norm 1.571705e-04
 536 (restart 2) KSP residual norm 1.566102e-04
 537 (restart 2) KSP residual norm 1.523233e-04
 538 (restart 2) KSP residual norm 1.502096e-04
 539 (restart 2) KSP residual norm 1.487256e-04
 540 (restart 2) KSP residual norm 1.477718e-04
 541 (restart 2) KSP residual norm 1.431863e-04
 542 (restart 2) KSP residual norm 1.425980e-04
 543 (restart 2) KSP residual norm 1.409103e-04
 544 (restart 2) KSP residual norm 1.395732e-04
 545 (restart 2) KSP residual norm 1.377919e-04
 546 (restart 2) KSP residual norm 1.376012e-04
 547 (restart 2) KSP residual norm 1.349063e-04
 548 (restart 2) KSP residual norm 1.344437e-04
 549 (restart 2) KSP residual norm 1.337870e-04
 550 (restart 2) KSP residual norm 1.324959e-04
 551 (restart 2) KSP residual norm 1.315934e-04
 552 (restart 2) KSP residual norm 1.309763e-04
 553 (restart 2) KSP residual norm 1.297492e-04
 554 (restart 2) KSP residual norm 1.285250e-04
 555 (restart 2) KSP residual norm 1.269868e-04
 556 (restart 2) KSP residual norm 1.265852e-04
 557 (restart 2) KSP residual norm 1.192634e-04
 558 (restart 2) KSP residual norm 1.183701e-04
 559 (restart 2) KSP residual norm 1.144053e-04
 560 (restart 2) KSP residual norm 1.113617e-04
 561 (restart 2) KSP residual norm 1.081157e-04
 562 (restart 2) KSP residual norm 1.066991e-04
 563 (restart 2) KSP residual norm 1.021508e-04
 564 (restart 2) KSP residual norm 1.020821e-04
 565 (restart 2) KSP residual norm 1.018728e-04
 566 (restart 2) KSP residual norm 1.004087e-04
 567 (restart 2) KSP residual norm 9.956830e-05
 568 (restart 2) KSP residual norm 9.903085e-05
 569 (restart 2) KSP residual norm 9.865290e-05
 570 (restart 2) KSP residual norm 9.840396e-05
 571 (restart 2) KSP residual norm 9.828055e-05
 572 (restart 2) KSP residual norm 9.816435e-05
 573 (restart 2) KSP residual norm 9.809756e-05
 574 (restart 2) KSP residual norm 9.802564e-05
 575 (restart 2) KSP residual norm 9.781964e-05
 576 (restart 2) KSP residual norm 9.755503e-05
 577 (restart 2) KSP residual norm 9.735573e-05
 578 (restart 2) KSP residual norm 9.704249e-05
 579 (restart 2) KSP residual norm 9.637986e-05
 580 (restart 2) KSP residual norm 9.629235e-05
 581 (restart 2) KSP residual norm 9.607959e-05
 582 (restart 2) KSP residual norm 9.503846e-05
 583 (restart 2) KSP residual norm 9.372640e-05
 584 (restart 2) KSP residual norm 9.337593e-05
 585 (restart 2) KSP residual norm 9.027254e-05
 586 (restart 2) KSP residual norm 8.952481e-05
 587 (restart 2) KSP residual norm 8.915183e-05
 588 (restart 2) KSP residual norm 8.566314e-05
 589 (restart 2) KSP residual norm 8.298520e-05
 590 (restart 2) KSP residual norm 8.262312e-05
 591 (restart 2) KSP residual norm 8.033784e-05
 592 (restart 2) KSP residual norm 7.856578e-05
 593 (restart 2) KSP residual norm 7.801801e-05
 594 (restart 2) KSP residual norm 7.525690e-05
 595 (restart 2) KSP residual norm 7.403070e-05
 596 (restart 2) KSP residual norm 7.387602e-05
 597 (restart 2) KSP residual norm 7.371223e-05
 598 (restart 2) KSP residual norm 7.301602e-05
 599 (restart 2) KSP residual norm 7.298978e-05
 600 (restart 3) KSP residual norm 7.278956e-05
 601 (restart 3) KSP residual norm 7.278929e-05
 602 (restart 3) KSP residual norm 7.278857e-05
 603 (restart 3) KSP residual norm 7.278512e-05
 604 (restart 3) KSP residual norm 7.278181e-05
 605 (restart 3) KSP residual norm 7.277738e-05
 606 (restart 3) KSP residual norm 7.277025e-05
 607 (restart 3) KSP residual norm 7.276347e-05
 608 (restart 3) KSP residual norm 7.275617e-05
 609 (restart 3) KSP residual norm 7.273681e-05
 610 (restart 3) KSP residual norm 7.272613e-05
 611 (restart 3) KSP residual norm 7.271457e-05
 612 (restart 3) KSP residual norm 7.268387e-05
 613 (restart 3) KSP residual norm 7.267156e-05
 614 (restart 3) KSP residual norm 7.266931e-05
 615 (restart 3) KSP residual norm 7.259553e-05
 616 (restart 3) KSP residual norm 7.257464e-05
 617 (restart 3) KSP residual norm 7.254049e-05
 618 (restart 3) KSP residual norm 7.250129e-05
 619 (restart 3) KSP residual norm 7.243821e-05
 620 (restart 3) KSP residual norm 7.236885e-05
 621 (restart 3) KSP residual norm 7.230949e-05
 622 (restart 3) KSP residual norm 7.224191e-05
 623 (restart 3) KSP residual norm 7.218804e-05
 624 (restart 3) KSP residual norm 7.210286e-05
 625 (restart 3) KSP residual norm 7.202282e-05
 626 (restart 3) KSP residual norm 7.197196e-05
 627 (restart 3) KSP residual norm 7.192646e-05
 628 (restart 3) KSP residual norm 7.187356e-05
 629 (restart 3) KSP residual norm 7.168333e-05
 630 (restart 3) KSP residual norm 7.162496e-05
 631 (restart 3) KSP residual norm 7.151527e-05
 632 (restart 3) KSP residual norm 7.138983e-05
 633 (restart 3) KSP residual norm 7.135167e-05
 634 (restart 3) KSP residual norm 7.117642e-05
 635 (restart 3) KSP residual norm 7.113761e-05
 636 (restart 3) KSP residual norm 7.108571e-05
 637 (restart 3) KSP residual norm 7.093933e-05
 638 (restart 3) KSP residual norm 7.092833e-05
 639 (restart 3) KSP residual norm 7.085864e-05
 640 (restart 3) KSP residual norm 7.080743e-05
 641 (restart 3) KSP residual norm 7.078969e-05
 642 (restart 3) KSP residual norm 7.064834e-05
 643 (restart 3) KSP residual norm 7.060414e-05
 644 (restart 3) KSP residual norm 7.050169e-05
 645 (restart 3) KSP residual norm 7.035744e-05
 646 (restart 3) KSP residual norm 7.034332e-05
 647 (restart 3) KSP residual norm 7.008827e-05
 648 (restart 3) KSP residual norm 7.006751e-05
 649 (restart 3) KSP residual norm 6.996406e-05
 650 (restart 3) KSP residual norm 6.970258e-05
 651 (restart 3) KSP residual norm 6.966741e-05
 652 (restart 3) KSP residual norm 6.926196e-05
 653 (restart 3) KSP residual norm 6.924020e-05
 654 (restart 3) KSP residual norm 6.916774e-05
 655 (restart 3) KSP residual norm 6.871225e-05
 656 (restart 3) KSP residual norm 6.871099e-05
 657 (restart 3) KSP residual norm 6.833749e-05
 658 (restart 3) KSP residual norm 6.826750e-05
 659 (restart 3) KSP residual norm 6.823258e-05
 660 (restart 3) KSP residual norm 6.777790e-05
 661 (restart 3) KSP residual norm 6.775671e-05
 662 (restart 3) KSP residual norm 6.746025e-05
 663 (restart 3) KSP residual norm 6.737170e-05
 664 (restart 3) KSP residual norm 6.733320e-05
 665 (restart 3) KSP residual norm 6.714492e-05
 666 (restart 3) KSP residual norm 6.709352e-05
 667 (restart 3) KSP residual norm 6.701815e-05
 668 (restart 3) KSP residual norm 6.696737e-05
 669 (restart 3) KSP residual norm 6.693859e-05
 670 (restart 3) KSP residual norm 6.678835e-05
 671 (restart 3) KSP residual norm 6.674997e-05
 672 (restart 3) KSP residual norm 6.656760e-05
 673 (restart 3) KSP residual norm 6.645666e-05
 674 (restart 3) KSP residual norm 6.641006e-05
 675 (restart 3) KSP residual norm 6.613873e-05
 676 (restart 3) KSP residual norm 6.602532e-05
 677 (restart 3) KSP residual norm 6.582355e-05
 678 (restart 3) KSP residual norm 6.577268e-05
 679 (restart 3) KSP residual norm 6.572713e-05
 680 (restart 3) KSP residual norm 6.561262e-05
 681 (restart 3) KSP residual norm 6.552939e-05
 682 (restart 3) KSP residual norm 6.520823e-05
 683 (restart 3) KSP residual norm 6.494314e-05
 684 (restart 3) KSP residual norm 6.460672e-05
 685 (restart 3) KSP residual norm 6.395194e-05
 686 (restart 3) KSP residual norm 6.305759e-05
 687 (restart 3) KSP residual norm 6.264809e-05
 688 (restart 3) KSP residual norm 6.201152e-05
 689 (restart 3) KSP residual norm 6.098460e-05
 690 (restart 3) KSP residual norm 6.095899e-05
 691 (restart 3) KSP residual norm 5.946220e-05
 692 (restart 3) KSP residual norm 5.919397e-05
 693 (restart 3) KSP residual norm 5.903359e-05
 694 (restart 3) KSP residual norm 5.835692e-05
 695 (restart 3) KSP residual norm 5.784911e-05
 696 (restart 3) KSP residual norm 5.756697e-05
 697 (restart 3) KSP residual norm 5.695988e-05
 698 (restart 3) KSP residual norm 5.672663e-05
 699 (restart 3) KSP residual norm 5.668118e-05
 700 (restart 3) KSP residual norm 5.630138e-05
 701 (restart 3) KSP residual norm 5.608653e-05
 702 (restart 3) KSP residual norm 5.597451e-05
 703 (restart 3) KSP residual norm 5.582088e-05
 704 (restart 3) KSP residual norm 5.505023e-05
 705 (restart 3) KSP residual norm 5.504487e-05
 706 (restart 3) KSP residual norm 5.466233e-05
 707 (restart 3) KSP residual norm 5.442936e-05
 708 (restart 3) KSP residual norm 5.425111e-05
 709 (restart 3) KSP residual norm 5.398510e-05
 710 (restart 3) KSP residual norm 5.336763e-05
 711 (restart 3) KSP residual norm 5.333220e-05
 712 (restart 3) KSP residual norm 5.318373e-05
 713 (restart 3) KSP residual norm 5.300572e-05
 714 (restart 3) KSP residual norm 5.290326e-05
 715 (restart 3) KSP residual norm 5.282670e-05
 716 (restart 3) KSP residual norm 5.264552e-05
 717 (restart 3) KSP residual norm 5.261010e-05
 718 (restart 3) KSP residual norm 5.259713e-05
 719 (restart 3) KSP residual norm 5.251264e-05
 720 (restart 3) KSP residual norm 5.205116e-05
 721 (restart 3) KSP residual norm 5.201772e-05
 722 (restart 3) KSP residual norm 5.153897e-05
 723 (restart 3) KSP residual norm 5.109739e-05
 724 (restart 3) KSP residual norm 5.099792e-05
 725 (restart 3) KSP residual norm 5.023072e-05
 726 (restart 3) KSP residual norm 4.921275e-05
 727 (restart 3) KSP residual norm 4.911871e-05
 728 (restart 3) KSP residual norm 4.874243e-05
 729 (restart 3) KSP residual norm 4.738133e-05
 730 (restart 3) KSP residual norm 4.722813e-05
 731 (restart 3) KSP residual norm 4.630010e-05
 732 (restart 3) KSP residual norm 4.593182e-05
 733 (restart 3) KSP residual norm 4.579485e-05
 734 (restart 3) KSP residual norm 4.570397e-05
 735 (restart 3) KSP residual norm 4.536932e-05
 736 (restart 3) KSP residual norm 4.535499e-05
 737 (restart 3) KSP residual norm 4.527221e-05
 738 (restart 3) KSP residual norm 4.521179e-05
 739 (restart 3) KSP residual norm 4.517950e-05
 740 (restart 3) KSP residual norm 4.514291e-05
 741 (restart 3) KSP residual norm 4.508685e-05
 742 (restart 3) KSP residual norm 4.497381e-05
 743 (restart 3) KSP residual norm 4.492172e-05
 744 (restart 3) KSP residual norm 4.488582e-05
 745 (restart 3) KSP residual norm 4.462382e-05
 746 (restart 3) KSP residual norm 4.440327e-05
 747 (restart 3) KSP residual norm 4.382054e-05
 748 (restart 3) KSP residual norm 4.323883e-05
 749 (restart 3) KSP residual norm 4.266096e-05
 750 (restart 3) KSP residual norm 4.242461e-05
 751 (restart 3) KSP residual norm 4.029820e-05
 752 (restart 3) KSP residual norm 4.018046e-05
 753 (restart 3) KSP residual norm 3.915136e-05
 754 (restart 3) KSP residual norm 3.853855e-05
 755 (restart 3) KSP residual norm 3.785487e-05
 756 (restart 3) KSP residual norm 3.757419e-05
 757 (restart 3) KSP residual norm 3.637209e-05
 758 (restart 3) KSP residual norm 3.627766e-05
 759 (restart 3) KSP residual norm 3.605540e-05
 760 (restart 3) KSP residual norm 3.551571e-05
 761 (restart 3) KSP residual norm 3.512282e-05
 762 (restart 3) KSP residual norm 3.502538e-05
 763 (restart 3) KSP residual norm 3.478473e-05
 764 (restart 3) KSP residual norm 3.472525e-05
 765 (restart 3) KSP residual norm 3.470981e-05
 766 (restart 3) KSP residual norm 3.460096e-05
 767 (restart 3) KSP residual norm 3.457741e-05
 768 (restart 3) KSP residual norm 3.454727e-05
 769 (restart 3) KSP residual norm 3.452390e-05
 770 (restart 3) KSP residual norm 3.448430e-05
 771 (restart 3) KSP residual norm 3.436958e-05
 772 (restart 3) KSP residual norm 3.435199e-05
 773 (restart 3) KSP residual norm 3.421549e-05
 774 (restart 3) KSP residual norm 3.415202e-05
 775 (restart 3) KSP residual norm 3.412020e-05
 776 (restart 3) KSP residual norm 3.402767e-05
 777 (restart 3) KSP residual norm 3.355747e-05
 778 (restart 3) KSP residual norm 3.355467e-05
 779 (restart 3) KSP residual norm 3.278029e-05
 780 (restart 3) KSP residual norm 3.244868e-05
 781 (restart 3) KSP residual norm 3.211555e-05
 782 (restart 3) KSP residual norm 3.154302e-05
 783 (restart 3) KSP residual norm 2.956558e-05
 784 (restart 3) KSP residual norm 2.954740e-05
 785 (restart 3) KSP residual norm 2.846986e-05
 786 (restart 3) KSP residual norm 2.782055e-05
 787 (restart 3) KSP residual norm 2.717310e-05
 788 (restart 3) KSP residual norm 2.666145e-05
 789 (restart 3) KSP residual norm 2.562235e-05
 790 (restart 3) KSP residual norm 2.554519e-05
 791 (restart 3) KSP residual norm 2.531940e-05
 792 (restart 3) KSP residual norm 2.469596e-05
 793 (restart 3) KSP residual norm 2.428590e-05
 794 (restart 3) KSP residual norm 2.417151e-05
 795 (restart 3) KSP residual norm 2.384306e-05
 796 (restart 3) KSP residual norm 2.374151e-05
 797 (restart 3) KSP residual norm 2.373344e-05
 798 (restart 3) KSP residual norm 2.356427e-05
 799 (restart 3) KSP residual norm 2.355789e-05
 800 (restart 4) KSP residual norm 2.352953e-05
 801 (restart 4) KSP residual norm 2.352953e-05
 802 (restart 4) KSP residual norm 2.352943e-05
 803 (restart 4) KSP residual norm 2.352859e-05
 804 (restart 4) KSP residual norm 2.352796e-05
 805 (restart 4) KSP residual norm 2.352789e-05
 806 (restart 4) KSP residual norm 2.352753e-05
 807 (restart 4) KSP residual norm 2.352568e-05
 808 (restart 4) KSP residual norm 2.352378e-05
 809 (restart 4) KSP residual norm 2.352060e-05
 810 (restart 4) KSP residual norm 2.352038e-05
 811 (restart 4) KSP residual norm 2.351854e-05
 812 (restart 4) KSP residual norm 2.351299e-05
 813 (restart 4) KSP residual norm 2.350997e-05
 814 (restart 4) KSP residual norm 2.350804e-05
 815 (restart 4) KSP residual norm 2.349995e-05
 816 (restart 4) KSP residual norm 2.349991e-05
 817 (restart 4) KSP residual norm 2.348518e-05
 818 (restart 4) KSP residual norm 2.348217e-05
 819 (restart 4) KSP residual norm 2.347867e-05
 820 (restart 4) KSP residual norm 2.346140e-05
 821 (restart 4) KSP residual norm 2.345796e-05
 822 (restart 4) KSP residual norm 2.345290e-05
 823 (restart 4) KSP residual norm 2.343702e-05
 824 (restart 4) KSP residual norm 2.342969e-05
 825 (restart 4) KSP residual norm 2.341155e-05
 826 (restart 4) KSP residual norm 2.339566e-05
 827 (restart 4) KSP residual norm 2.338496e-05
 828 (restart 4) KSP residual norm 2.336767e-05
 829 (restart 4) KSP residual norm 2.334573e-05
 830 (restart 4) KSP residual norm 2.330502e-05
 831 (restart 4) KSP residual norm 2.324533e-05
 832 (restart 4) KSP residual norm 2.320747e-05
 833 (restart 4) KSP residual norm 2.315894e-05
 834 (restart 4) KSP residual norm 2.306495e-05
 835 (restart 4) KSP residual norm 2.303877e-05
 836 (restart 4) KSP residual norm 2.299263e-05
 837 (restart 4) KSP residual norm 2.293037e-05
 838 (restart 4) KSP residual norm 2.292486e-05
 839 (restart 4) KSP residual norm 2.284558e-05
 840 (restart 4) KSP residual norm 2.282592e-05
 841 (restart 4) KSP residual norm 2.281574e-05
 842 (restart 4) KSP residual norm 2.276951e-05
 843 (restart 4) KSP residual norm 2.276508e-05
 844 (restart 4) KSP residual norm 2.270856e-05
 845 (restart 4) KSP residual norm 2.268064e-05
 846 (restart 4) KSP residual norm 2.267406e-05
 847 (restart 4) KSP residual norm 2.259281e-05
 848 (restart 4) KSP residual norm 2.257871e-05
 849 (restart 4) KSP residual norm 2.254660e-05
 850 (restart 4) KSP residual norm 2.251522e-05
 851 (restart 4) KSP residual norm 2.251025e-05
 852 (restart 4) KSP residual norm 2.249130e-05
 853 (restart 4) KSP residual norm 2.248864e-05
 854 (restart 4) KSP residual norm 2.246886e-05
 855 (restart 4) KSP residual norm 2.244797e-05
 856 (restart 4) KSP residual norm 2.244413e-05
 857 (restart 4) KSP residual norm 2.238456e-05
 858 (restart 4) KSP residual norm 2.237875e-05
 859 (restart 4) KSP residual norm 2.237030e-05
 860 (restart 4) KSP residual norm 2.231855e-05
 861 (restart 4) KSP residual norm 2.230926e-05
 862 (restart 4) KSP residual norm 2.227054e-05
 863 (restart 4) KSP residual norm 2.226123e-05
 864 (restart 4) KSP residual norm 2.225330e-05
 865 (restart 4) KSP residual norm 2.222555e-05
 866 (restart 4) KSP residual norm 2.220896e-05
 867 (restart 4) KSP residual norm 2.218737e-05
 868 (restart 4) KSP residual norm 2.217463e-05
 869 (restart 4) KSP residual norm 2.216513e-05
 870 (restart 4) KSP residual norm 2.212373e-05
 871 (restart 4) KSP residual norm 2.211475e-05
 872 (restart 4) KSP residual norm 2.201807e-05
 873 (restart 4) KSP residual norm 2.198212e-05
 874 (restart 4) KSP residual norm 2.194361e-05
 875 (restart 4) KSP residual norm 2.175013e-05
 876 (restart 4) KSP residual norm 2.170667e-05
 877 (restart 4) KSP residual norm 2.156344e-05
 878 (restart 4) KSP residual norm 2.147844e-05
 879 (restart 4) KSP residual norm 2.141979e-05
 880 (restart 4) KSP residual norm 2.133341e-05
 881 (restart 4) KSP residual norm 2.124379e-05
 882 (restart 4) KSP residual norm 2.121219e-05
 883 (restart 4) KSP residual norm 2.115102e-05
 884 (restart 4) KSP residual norm 2.109684e-05
 885 (restart 4) KSP residual norm 2.107045e-05
 886 (restart 4) KSP residual norm 2.091669e-05
 887 (restart 4) KSP residual norm 2.086383e-05
 888 (restart 4) KSP residual norm 2.074244e-05
 889 (restart 4) KSP residual norm 2.047619e-05
 890 (restart 4) KSP residual norm 2.044846e-05
 891 (restart 4) KSP residual norm 2.010989e-05
 892 (restart 4) KSP residual norm 2.005713e-05
 893 (restart 4) KSP residual norm 1.997458e-05
 894 (restart 4) KSP residual norm 1.979158e-05
 895 (restart 4) KSP residual norm 1.968384e-05
 896 (restart 4) KSP residual norm 1.959482e-05
 897 (restart 4) KSP residual norm 1.947426e-05
 898 (restart 4) KSP residual norm 1.944008e-05
 899 (restart 4) KSP residual norm 1.942451e-05
 900 (restart 4) KSP residual norm 1.923598e-05
 901 (restart 4) KSP residual norm 1.911351e-05
 902 (restart 4) KSP residual norm 1.898241e-05
 903 (restart 4) KSP residual norm 1.888345e-05
 904 (restart 4) KSP residual norm 1.869270e-05
 905 (restart 4) KSP residual norm 1.869020e-05
 906 (restart 4) KSP residual norm 1.831355e-05
 907 (restart 4) KSP residual norm 1.826615e-05
 908 (restart 4) KSP residual norm 1.819940e-05
 909 (restart 4) KSP residual norm 1.806333e-05
 910 (restart 4) KSP residual norm 1.797314e-05
 911 (restart 4) KSP residual norm 1.794673e-05
 912 (restart 4) KSP residual norm 1.790727e-05
 913 (restart 4) KSP residual norm 1.783173e-05
 914 (restart 4) KSP residual norm 1.776273e-05
 915 (restart 4) KSP residual norm 1.773417e-05
 916 (restart 4) KSP residual norm 1.755102e-05
 917 (restart 4) KSP residual norm 1.754308e-05
 918 (restart 4) KSP residual norm 1.751651e-05
 919 (restart 4) KSP residual norm 1.742123e-05
 920 (restart 4) KSP residual norm 1.720600e-05
 921 (restart 4) KSP residual norm 1.713256e-05
 922 (restart 4) KSP residual norm 1.689637e-05
 923 (restart 4) KSP residual norm 1.679152e-05
 924 (restart 4) KSP residual norm 1.678077e-05
 925 (restart 4) KSP residual norm 1.653275e-05
 926 (restart 4) KSP residual norm 1.625101e-05
 927 (restart 4) KSP residual norm 1.617994e-05
 928 (restart 4) KSP residual norm 1.605512e-05
 929 (restart 4) KSP residual norm 1.569283e-05
 930 (restart 4) KSP residual norm 1.567323e-05
 931 (restart 4) KSP residual norm 1.554268e-05
 932 (restart 4) KSP residual norm 1.546088e-05
 933 (restart 4) KSP residual norm 1.544243e-05
 934 (restart 4) KSP residual norm 1.541582e-05
 935 (restart 4) KSP residual norm 1.531588e-05
 936 (restart 4) KSP residual norm 1.528021e-05
 937 (restart 4) KSP residual norm 1.526207e-05
 938 (restart 4) KSP residual norm 1.519541e-05
 939 (restart 4) KSP residual norm 1.513320e-05
 940 (restart 4) KSP residual norm 1.512739e-05
 941 (restart 4) KSP residual norm 1.496535e-05
 942 (restart 4) KSP residual norm 1.489471e-05
 943 (restart 4) KSP residual norm 1.485576e-05
 944 (restart 4) KSP residual norm 1.481981e-05
 945 (restart 4) KSP residual norm 1.468533e-05
 946 (restart 4) KSP residual norm 1.467266e-05
 947 (restart 4) KSP residual norm 1.452035e-05
 948 (restart 4) KSP residual norm 1.442149e-05
 949 (restart 4) KSP residual norm 1.438348e-05
 950 (restart 4) KSP residual norm 1.432552e-05
 951 (restart 4) KSP residual norm 1.406782e-05
 952 (restart 4) KSP residual norm 1.404322e-05
 953 (restart 4) KSP residual norm 1.382759e-05
 954 (restart 4) KSP residual norm 1.377558e-05
 955 (restart 4) KSP residual norm 1.370234e-05
 956 (restart 4) KSP residual norm 1.366488e-05
 957 (restart 4) KSP residual norm 1.353452e-05
 958 (restart 4) KSP residual norm 1.351920e-05
 959 (restart 4) KSP residual norm 1.346197e-05
 960 (restart 4) KSP residual norm 1.340878e-05
 961 (restart 4) KSP residual norm 1.338713e-05
 962 (restart 4) KSP residual norm 1.336858e-05
 963 (restart 4) KSP residual norm 1.335235e-05
 964 (restart 4) KSP residual norm 1.332500e-05
 965 (restart 4) KSP residual norm 1.330956e-05
 966 (restart 4) KSP residual norm 1.329248e-05
 967 (restart 4) KSP residual norm 1.320549e-05
 968 (restart 4) KSP residual norm 1.320403e-05
 969 (restart 4) KSP residual norm 1.314507e-05
 970 (restart 4) KSP residual norm 1.310786e-05
 971 (restart 4) KSP residual norm 1.306452e-05
 972 (restart 4) KSP residual norm 1.304334e-05
 973 (restart 4) KSP residual norm 1.293090e-05
 974 (restart 4) KSP residual norm 1.291064e-05
 975 (restart 4) KSP residual norm 1.287097e-05
 976 (restart 4) KSP residual norm 1.280099e-05
 977 (restart 4) KSP residual norm 1.258467e-05
 978 (restart 4) KSP residual norm 1.257102e-05
 979 (restart 4) KSP residual norm 1.225733e-05
 980 (restart 4) KSP residual norm 1.213938e-05
 981 (restart 4) KSP residual norm 1.206052e-05
 982 (restart 4) KSP residual norm 1.188208e-05
 983 (restart 4) KSP residual norm 1.151010e-05
 984 (restart 4) KSP residual norm 1.150944e-05
 985 (restart 4) KSP residual norm 1.132592e-05
 986 (restart 4) KSP residual norm 1.120943e-05
 987 (restart 4) KSP residual norm 1.108533e-05
 988 (restart 4) KSP residual norm 1.100147e-05
 989 (restart 4) KSP residual norm 1.075082e-05
 990 (restart 4) KSP residual norm 1.073862e-05
 991 (restart 4) KSP residual norm 1.070202e-05
 992 (restart 4) KSP residual norm 1.060625e-05
 993 (restart 4) KSP residual norm 1.056112e-05
 994 (restart 4) KSP residual norm 1.054886e-05
 995 (restart 4) KSP residual norm 1.051092e-05
 996 (restart 4) KSP residual norm 1.050467e-05
 997 (restart 4) KSP residual norm 1.050267e-05
 998 (restart 4) KSP residual norm 1.049089e-05
 999 (restart 4) KSP residual norm 1.048238e-05
1000 (restart 5) KSP residual norm 1.048690e-05
1001 (restart 5) KSP residual norm 1.048670e-05
1002 (restart 5) KSP residual norm 1.048308e-05
1003 (restart 5) KSP residual norm 1.047610e-05
1004 (restart 5) KSP residual norm 1.047409e-05
1005 (restart 5) KSP residual norm 1.047351e-05
1006 (restart 5) KSP residual norm 1.047208e-05
1007 (restart 5) KSP residual norm 1.047012e-05
1008 (restart 5) KSP residual norm 1.046868e-05
1009 (restart 5) KSP residual norm 1.046796e-05
1010 (restart 5) KSP residual norm 1.046780e-05
1011 (restart 5) KSP residual norm 1.046711e-05
1012 (restart 5) KSP residual norm 1.046512e-05
1013 (restart 5) KSP residual norm 1.046390e-05
1014 (restart 5) KSP residual norm 1.046301e-05
1015 (restart 5) KSP residual norm 1.045970e-05
1016 (restart 5) KSP residual norm 1.045970e-05
1017 (restart 5) KSP residual norm 1.045460e-05
1018 (restart 5) KSP residual norm 1.045265e-05
1019 (restart 5) KSP residual norm 1.044969e-05
1020 (restart 5) KSP residual norm 1.044249e-05
1021 (restart 5) KSP residual norm 1.043879e-05
1022 (restart 5) KSP residual norm 1.043528e-05
1023 (restart 5) KSP residual norm 1.043234e-05
1024 (restart 5) KSP residual norm 1.042961e-05
1025 (restart 5) KSP residual norm 1.042347e-05
1026 (restart 5) KSP residual norm 1.041893e-05
1027 (restart 5) KSP residual norm 1.041493e-05
1028 (restart 5) KSP residual norm 1.041042e-05
1029 (restart 5) KSP residual norm 1.039816e-05
1030 (restart 5) KSP residual norm 1.039345e-05
1031 (restart 5) KSP residual norm 1.038181e-05
1032 (restart 5) KSP residual norm 1.037669e-05
1033 (restart 5) KSP residual norm 1.037142e-05
1034 (restart 5) KSP residual norm 1.035581e-05
1035 (restart 5) KSP residual norm 1.034888e-05
1036 (restart 5) KSP residual norm 1.033157e-05
1037 (restart 5) KSP residual norm 1.032369e-05
1038 (restart 5) KSP residual norm 1.032225e-05
1039 (restart 5) KSP residual norm 1.030134e-05
1040 (restart 5) KSP residual norm 1.029667e-05
1041 (restart 5) KSP residual norm 1.029353e-05
1042 (restart 5) KSP residual norm 1.028248e-05
1043 (restart 5) KSP residual norm 1.027484e-05
1044 (restart 5) KSP residual norm 1.026011e-05
1045 (restart 5) KSP residual norm 1.025130e-05
1046 (restart 5) KSP residual norm 1.024228e-05
1047 (restart 5) KSP residual norm 1.022184e-05
1048 (restart 5) KSP residual norm 1.021074e-05
1049 (restart 5) KSP residual norm 1.018716e-05
1050 (restart 5) KSP residual norm 1.016988e-05
1051 (restart 5) KSP residual norm 1.014932e-05
1052 (restart 5) KSP residual norm 1.013520e-05
1053 (restart 5) KSP residual norm 1.012107e-05
1054 (restart 5) KSP residual norm 1.010230e-05
1055 (restart 5) KSP residual norm 1.009097e-05
1056 (restart 5) KSP residual norm 1.007670e-05
1057 (restart 5) KSP residual norm 1.005597e-05
1058 (restart 5) KSP residual norm 1.005056e-05
1059 (restart 5) KSP residual norm 1.003968e-05
1060 (restart 5) KSP residual norm 1.002748e-05
1061 (restart 5) KSP residual norm 1.002329e-05
1062 (restart 5) KSP residual norm 9.995138e-06
1063 (restart 5) KSP residual norm 9.990689e-06
1064 (restart 5) KSP residual norm 9.982109e-06
1065 (restart 5) KSP residual norm 9.974708e-06
1066 (restart 5) KSP residual norm 9.971212e-06
1067 (restart 5) KSP residual norm 9.966447e-06
1068 (restart 5) KSP residual norm 9.957608e-06
1069 (restart 5) KSP residual norm 9.949188e-06
1070 (restart 5) KSP residual norm 9.945747e-06
1071 (restart 5) KSP residual norm 9.939758e-06
1072 (restart 5) KSP residual norm 9.926172e-06
1073 (restart 5) KSP residual norm 9.925173e-06
1074 (restart 5) KSP residual norm 9.910379e-06
1075 (restart 5) KSP residual norm 9.874644e-06
1076 (restart 5) KSP residual norm 9.871897e-06
1077 (restart 5) KSP residual norm 9.805302e-06
1078 (restart 5) KSP residual norm 9.797961e-06
1079 (restart 5) KSP residual norm 9.780059e-06
1080 (restart 5) KSP residual norm 9.748075e-06
1081 (restart 5) KSP residual norm 9.744256e-06
1082 (restart 5) KSP residual norm 9.698085e-06
1083 (restart 5) KSP residual norm 9.685360e-06
1084 (restart 5) KSP residual norm 9.657211e-06
1085 (restart 5) KSP residual norm 9.586605e-06
1086 (restart 5) KSP residual norm 9.562934e-06
1087 (restart 5) KSP residual norm 9.469748e-06
1088 (restart 5) KSP residual norm 9.401130e-06
1089 (restart 5) KSP residual norm 9.345689e-06
1090 (restart 5) KSP residual norm 9.284922e-06
1091 (restart 5) KSP residual norm 9.144788e-06
1092 (restart 5) KSP residual norm 9.139498e-06
1093 (restart 5) KSP residual norm 9.056764e-06
1094 (restart 5) KSP residual norm 8.962775e-06
1095 (restart 5) KSP residual norm 8.951834e-06
1096 (restart 5) KSP residual norm 8.828620e-06
1097 (restart 5) KSP residual norm 8.773437e-06
1098 (restart 5) KSP residual norm 8.750649e-06
1099 (restart 5) KSP residual norm 8.719951e-06
1100 (restart 5) KSP residual norm 8.656687e-06
1101 (restart 5) KSP residual norm 8.653761e-06
1102 (restart 5) KSP residual norm 8.582597e-06
1103 (restart 5) KSP residual norm 8.548823e-06
1104 (restart 5) KSP residual norm 8.510282e-06
1105 (restart 5) KSP residual norm 8.471882e-06
1106 (restart 5) KSP residual norm 8.394908e-06
1107 (restart 5) KSP residual norm 8.392134e-06
1108 (restart 5) KSP residual norm 8.373882e-06
1109 (restart 5) KSP residual norm 8.337859e-06
1110 (restart 5) KSP residual norm 8.318902e-06
1111 (restart 5) KSP residual norm 8.292400e-06
1112 (restart 5) KSP residual norm 8.287399e-06
1113 (restart 5) KSP residual norm 8.276350e-06
1114 (restart 5) KSP residual norm 8.269785e-06
1115 (restart 5) KSP residual norm 8.266408e-06
1116 (restart 5) KSP residual norm 8.241371e-06
1117 (restart 5) KSP residual norm 8.239202e-06
1118 (restart 5) KSP residual norm 8.228312e-06
1119 (restart 5) KSP residual norm 8.210233e-06
1120 (restart 5) KSP residual norm 8.200795e-06
1121 (restart 5) KSP residual norm 8.174556e-06
1122 (restart 5) KSP residual norm 8.131359e-06
1123 (restart 5) KSP residual norm 8.110183e-06
1124 (restart 5) KSP residual norm 8.103409e-06
1125 (restart 5) KSP residual norm 7.999740e-06
1126 (restart 5) KSP residual norm 7.964352e-06
1127 (restart 5) KSP residual norm 7.877915e-06
1128 (restart 5) KSP residual norm 7.807416e-06
1129 (restart 5) KSP residual norm 7.699356e-06
1130 (restart 5) KSP residual norm 7.673967e-06
1131 (restart 5) KSP residual norm 7.567410e-06
1132 (restart 5) KSP residual norm 7.553968e-06
1133 (restart 5) KSP residual norm 7.537105e-06
1134 (restart 5) KSP residual norm 7.512489e-06
1135 (restart 5) KSP residual norm 7.484798e-06
1136 (restart 5) KSP residual norm 7.480104e-06
1137 (restart 5) KSP residual norm 7.470992e-06
1138 (restart 5) KSP residual norm 7.468028e-06
1139 (restart 5) KSP residual norm 7.466592e-06
1140 (restart 5) KSP residual norm 7.463243e-06
1141 (restart 5) KSP residual norm 7.454785e-06
1142 (restart 5) KSP residual norm 7.451255e-06
1143 (restart 5) KSP residual norm 7.444558e-06
1144 (restart 5) KSP residual norm 7.436161e-06
1145 (restart 5) KSP residual norm 7.422126e-06
1146 (restart 5) KSP residual norm 7.419331e-06
1147 (restart 5) KSP residual norm 7.383091e-06
1148 (restart 5) KSP residual norm 7.360801e-06
1149 (restart 5) KSP residual norm 7.350642e-06
1150 (restart 5) KSP residual norm 7.332872e-06
1151 (restart 5) KSP residual norm 7.218899e-06
1152 (restart 5) KSP residual norm 7.218226e-06
1153 (restart 5) KSP residual norm 7.108884e-06
1154 (restart 5) KSP residual norm 7.087296e-06
1155 (restart 5) KSP residual norm 7.054012e-06
1156 (restart 5) KSP residual norm 7.011030e-06
1157 (restart 5) KSP residual norm 6.892513e-06
1158 (restart 5) KSP residual norm 6.886554e-06
1159 (restart 5) KSP residual norm 6.836167e-06
1160 (restart 5) KSP residual norm 6.779557e-06
1161 (restart 5) KSP residual norm 6.746653e-06
1162 (restart 5) KSP residual norm 6.716811e-06
1163 (restart 5) KSP residual norm 6.692652e-06
1164 (restart 5) KSP residual norm 6.688196e-06
1165 (restart 5) KSP residual norm 6.684863e-06
1166 (restart 5) KSP residual norm 6.680541e-06
1167 (restart 5) KSP residual norm 6.674530e-06
1168 (restart 5) KSP residual norm 6.669943e-06
1169 (restart 5) KSP residual norm 6.657010e-06
1170 (restart 5) KSP residual norm 6.646501e-06
1171 (restart 5) KSP residual norm 6.639177e-06
1172 (restart 5) KSP residual norm 6.633970e-06
1173 (restart 5) KSP residual norm 6.580096e-06
1174 (restart 5) KSP residual norm 6.579342e-06
1175 (restart 5) KSP residual norm 6.516230e-06
1176 (restart 5) KSP residual norm 6.446659e-06
1177 (restart 5) KSP residual norm 6.413522e-06
1178 (restart 5) KSP residual norm 6.325232e-06
1179 (restart 5) KSP residual norm 6.179544e-06
1180 (restart 5) KSP residual norm 6.172421e-06
1181 (restart 5) KSP residual norm 6.133240e-06
1182 (restart 5) KSP residual norm 5.995980e-06
1183 (restart 5) KSP residual norm 5.921810e-06
1184 (restart 5) KSP residual norm 5.862642e-06
1185 (restart 5) KSP residual norm 5.743133e-06
1186 (restart 5) KSP residual norm 5.713675e-06
1187 (restart 5) KSP residual norm 5.711338e-06
1188 (restart 5) KSP residual norm 5.612592e-06
1189 (restart 5) KSP residual norm 5.569062e-06
1190 (restart 5) KSP residual norm 5.553671e-06
1191 (restart 5) KSP residual norm 5.524516e-06
1192 (restart 5) KSP residual norm 5.496841e-06
1193 (restart 5) KSP residual norm 5.495638e-06
1194 (restart 5) KSP residual norm 5.469686e-06
1195 (restart 5) KSP residual norm 5.459946e-06
1196 (restart 5) KSP residual norm 5.458714e-06
1197 (restart 5) KSP residual norm 5.456591e-06
1198 (restart 5) KSP residual norm 5.452989e-06
1199 (restart 5) KSP residual norm 5.452143e-06
1200 (restart 6) KSP residual norm 5.451824e-06
GMRES solver did NOT converge in 1200 iterations (avg. reduction factor: 9.903e-01)

[38;2;255;255;000m--> Warning![0m
Linear solver did not converge, norm(Ax-b)/norm(b) = 8.837e-06 (norm(b) = 6.169e-01)!

 Sol. ||E|| = 2.361958e+01 (||RHS|| = 2.657167e-02)
 Field energy E (1.816e-01 J) + H (1.246e-01 J) = 3.062e-01 J
 S[1][1] = -2.035e-01-1.433e-01i, |S[1][1]| = -1.208e+01, arg(S[1][1]) = -1.448e+02
 S[2][1] = +6.145e-01-6.886e-01i, |S[2][1]| = -6.962e-01, arg(S[2][1]) = -4.825e+01
 S[3][1] = +1.982e-01+1.280e-01i, |S[3][1]| = -1.254e+01, arg(S[3][1]) = +3.286e+01
 S[4][1] = +1.103e-01+1.221e-02i, |S[4][1]| = -1.909e+01, arg(S[4][1]) = +6.313e+00
 Updating solution error estimates
