>> /usr/bin/mpirun -n 2 /opt/palace/bin/palace-x86_64.bin palace-1.json

_____________     _______
_____   __   \____ __   /____ ____________
____   /_/  /  __ ` /  /  __ ` /  ___/  _ \
___   _____/  /_/  /  /  /_/  /  /__/  ___/
  /__/     \___,__/__/\___,__/\_____\_____/

Git changeset ID: v0.14.0
Running with 2 MPI processes, 1 OpenMP thread
Device configuration: omp,cpu
Memory configuration: host-std
libCEED backend: /cpu/self/xsmm/blocked

Added 2014 boundary elements for material interfaces to the mesh
Finished partitioning mesh into 2 subdomains

Characteristic length and time scales:
 L₀ = 1.000e-03 m, t₀ = 3.336e-03 ns

Mesh curvature order: 1
Mesh bounding box:
 (Xmin, Ymin, Zmin) = (-5.000e-03, -4.000e-03, -1.035e-03) m
 (Xmax, Ymax, Zmax) = (+5.000e-03, +4.000e-03, +1.940e-03) m

Parallel Mesh Stats:

                minimum     average     maximum       total
 vertices          6284        6426        6568       12852
 edges            37605       37939       38273       75878
 faces            60107       60274       60442      120549
 elements         28739       28762       28786       57525
 neighbors            1           1           1

            minimum     maximum
 h       0.00505776    0.926434
 kappa      1.08417     899.069

Configuring Robin absorbing BC (order 1) at attributes:
 1000001

Configuring Robin impedance BC for lumped ports at attributes:
 100001: Rs = 5.141e+00 Ω/sq, n = (-0.0,+0.0,+1.0)
 100002: Rs = 5.141e+00 Ω/sq, n = (+0.0,-0.0,+1.0)

Configuring lumped port circuit properties:
 Index = 1: R = 5.000e+01 Ω
 Index = 2: R = 5.000e+01 Ω

Configuring lumped port excitation source term at attributes:
 100001: Index = 1

Configuring Dirichlet PEC BC at attributes:
 1000000

Computing frequency response for:
Excitation with index 1 has contributions from:
 Lumped port  1

Assembling system matrices, number of global unknowns:
 H1 (p = 1): 12852, ND (p = 1): 75878, RT (p = 1): 120549
 Operator assembly level: Partial
 Mesh geometries:
  Tetrahedron: P = 6, Q = 4 (quadrature order = 2)

Assembling multigrid hierarchy:
 Level 0 (p = 1): 75878 unknowns
 Level 0 (auxiliary) (p = 1): 12852 unknowns
 ** ERROR RETURN ** FROM DMUMPS INFO(1)=  -40
 ** INFO(2)=             122
 ** ERROR RETURN ** FROM DMUMPS INFO(1)=  -40
 ** INFO(2)=             122
 On return from DMUMPS, INFOG(1)=             -40
 On return from DMUMPS, INFOG(2)=             122


MFEM abort: Error during MUMPS numerical factorization
 ... in function: virtual void mfem::MUMPSSolver::SetOperator(const mfem::Operator&)
 ... in file: /opt/palace-build/extern/mfem/linalg/mumps.cpp:277

Abort(1) on node 0 (rank 0 in comm 0): application called MPI_Abort(MPI_COMM_WORLD, 1) - process 0


MFEM abort: Error during MUMPS numerical factorization
 ... in function: virtual void mfem::MUMPSSolver::SetOperator(const mfem::Operator&)
 ... in file: /opt/palace-build/extern/mfem/linalg/mumps.cpp:277

Abort(1) on node 1 (rank 1 in comm 0): application called MPI_Abort(MPI_COMM_WORLD, 1) - process 1
