>> /usr/bin/mpirun -n 4 /opt/palace/bin/palace-x86_64.bin palace-1.json

_____________     _______
_____   __   \____ __   /____ ____________
____   /_/  /  __ ` /  /  __ ` /  ___/  _ \
___   _____/  /_/  /  /  /_/  /  /__/  ___/
  /__/     \___,__/__/\___,__/\_____\_____/

Git changeset ID: v0.14.0
Running with 4 MPI processes, 1 OpenMP thread
Device configuration: omp,cpu
Memory configuration: host-std
libCEED backend: /cpu/self/xsmm/blocked

Added 29869 boundary elements for material interfaces to the mesh
Finished partitioning mesh into 4 subdomains

Characteristic length and time scales:
 L₀ = 1.000e-03 m, t₀ = 3.336e-03 ns

Mesh curvature order: 1
Mesh bounding box:
 (Xmin, Ymin, Zmin) = (-1.055e-02, -3.305e-02, -1.035e-03) m
 (Xmax, Ymax, Zmax) = (+6.200e-03, -4.250e-03, +2.529e-03) m

Parallel Mesh Stats:

                minimum     average     maximum       total
 vertices         37968       41474       43874      165897
 edges           245331      256783      264364     1027135
 faces           407555      415548      420961     1662194
 elements        200074      200230      200458      800920
 neighbors            2           2           3

            minimum     maximum
 h        0.0012246    0.747864
 kappa      1.02514     12237.3

Configuring Robin absorbing BC (order 1) at attributes:
 1000001

Configuring Robin impedance BC for lumped ports at attributes:
 100001: Rs = 1.526e+01 Ω/sq, n = (+0.0,+0.0,+1.0)
 100002: Rs = 3.022e+01 Ω/sq, n = (+0.0,+0.0,+1.0)
 100003: Rs = 7.909e+00 Ω/sq, n = (+0.0,+0.0,+1.0)
 100004: Rs = 3.022e+01 Ω/sq, n = (+0.0,+0.0,+1.0)

Configuring lumped port circuit properties:
 Index = 1: R = 5.000e+01 Ω
 Index = 2: R = 5.000e+01 Ω
 Index = 3: R = 5.000e+01 Ω
 Index = 4: R = 5.000e+01 Ω

Configuring lumped port excitation source term at attributes:
 100001: Index = 1

Configuring Dirichlet PEC BC at attributes:
 1000000

Computing frequency response for:
Excitation with index 1 has contributions from:
 Lumped port  1

Assembling system matrices, number of global unknowns:
 H1 (p = 1): 165897, ND (p = 1): 1027135, RT (p = 1): 1662194
 Operator assembly level: Partial
 Mesh geometries:
  Tetrahedron: P = 6, Q = 4 (quadrature order = 2)

Assembling multigrid hierarchy:
 Level 0 (p = 1): 1027135 unknowns
 Level 0 (auxiliary) (p = 1): 165897 unknowns

It 1/1: ω/2π = 4.000e-01 GHz (total elapsed time = 2.75e+01 s)

  Residual norms for GMRES solve
  0 (restart 0) KSP residual norm 2.657167e-02
  1 (restart 0) KSP residual norm 1.285292e-02
  2 (restart 0) KSP residual norm 4.832606e-03
  3 (restart 0) KSP residual norm 4.771796e-03
  4 (restart 0) KSP residual norm 4.868307e-04
  5 (restart 0) KSP residual norm 2.012170e-04
  6 (restart 0) KSP residual norm 6.596353e-05
  7 (restart 0) KSP residual norm 2.796509e-05
  8 (restart 0) KSP residual norm 1.666453e-05
  9 (restart 0) KSP residual norm 5.174687e-06
 10 (restart 0) KSP residual norm 1.699332e-06
 11 (restart 0) KSP residual norm 3.267820e-07
 12 (restart 0) KSP residual norm 2.364709e-07
 13 (restart 0) KSP residual norm 1.481014e-07
 14 (restart 0) KSP residual norm 5.911072e-08
 15 (restart 0) KSP residual norm 2.208405e-08
 16 (restart 0) KSP residual norm 6.923713e-09
 17 (restart 0) KSP residual norm 5.878272e-09
 18 (restart 0) KSP residual norm 2.438505e-09
 19 (restart 0) KSP residual norm 4.103188e-10
 20 (restart 0) KSP residual norm 2.101918e-10
GMRES solver converged in 20 iterations (avg. reduction factor: 3.935e-01)
 Sol. ||E|| = 2.359260e+01 (||RHS|| = 2.657167e-02)
 Field energy E (1.819e-01 J) + H (1.241e-01 J) = 3.060e-01 J
 S[1][1] = -2.050e-01-1.451e-01i, |S[1][1]| = -1.200e+01, arg(S[1][1]) = -1.447e+02
 S[2][1] = +6.130e-01-6.883e-01i, |S[2][1]| = -7.083e-01, arg(S[2][1]) = -4.831e+01
 S[3][1] = +1.998e-01+1.286e-01i, |S[3][1]| = -1.248e+01, arg(S[3][1]) = +3.277e+01
 S[4][1] = +1.120e-01+1.221e-02i, |S[4][1]| = -1.896e+01, arg(S[4][1]) = +6.221e+00
 Updating solution error estimates

Completed 0 iterations of adaptive mesh refinement (AMR):
 Indicator norm = 6.223e-01, global unknowns = 1027135
 Max. iterations = 0, tol. = 1.000e-02

Elapsed Time Report (s)           Min.        Max.        Avg.
==============================================================
Initialization                   0.466       0.485       0.477
  Mesh Preprocessing             8.867       8.868       8.867
Operator Construction            0.985       1.010       0.995
Linear Solve                    15.710      15.792      15.740
  Setup                         27.480      27.486      27.483
  Preconditioner                23.195      23.278      23.241
Estimation                       0.456       0.492       0.471
  Construction                  24.908      24.917      24.912
  Solve                        118.007     118.024     118.014
Postprocessing                   0.585       0.614       0.599
Disk IO                          3.511       3.511       3.511
--------------------------------------------------------------
Total                          224.353     224.359     224.356

