>> /usr/bin/mpirun -n 4 /opt/palace/bin/palace-x86_64.bin palace-4.json

_____________     _______
_____   __   \____ __   /____ ____________
____   /_/  /  __ ` /  /  __ ` /  ___/  _ \
___   _____/  /_/  /  /  /_/  /  /__/  ___/
  /__/     \___,__/__/\___,__/\_____\_____/

Git changeset ID: v0.14.0
Running with 4 MPI processes, 1 OpenMP thread
Device configuration: omp,cpu
Memory configuration: host-std
libCEED backend: /cpu/self/xsmm/blocked

Added 29869 boundary elements for material interfaces to the mesh
Finished partitioning mesh into 4 subdomains

Characteristic length and time scales:
 L₀ = 1.000e-03 m, t₀ = 3.336e-03 ns

Mesh curvature order: 1
Mesh bounding box:
 (Xmin, Ymin, Zmin) = (-1.055e-02, -3.305e-02, -1.035e-03) m
 (Xmax, Ymax, Zmax) = (+6.200e-03, -4.250e-03, +2.529e-03) m

Parallel Mesh Stats:

                minimum     average     maximum       total
 vertices         37968       41474       43874      165897
 edges           245331      256783      264364     1027135
 faces           407555      415548      420961     1662194
 elements        200074      200230      200458      800920
 neighbors            2           2           3

            minimum     maximum
 h        0.0012246    0.747864
 kappa      1.02514     12237.3

Configuring Robin absorbing BC (order 1) at attributes:
 1000001

Configuring Robin impedance BC for lumped ports at attributes:
 100001: Rs = 1.526e+01 Ω/sq, n = (+0.0,+0.0,+1.0)
 100002: Rs = 3.022e+01 Ω/sq, n = (+0.0,+0.0,+1.0)
 100003: Rs = 7.909e+00 Ω/sq, n = (+0.0,+0.0,+1.0)
 100004: Rs = 3.022e+01 Ω/sq, n = (+0.0,+0.0,+1.0)

Configuring lumped port circuit properties:
 Index = 1: R = 5.000e+01 Ω
 Index = 2: R = 5.000e+01 Ω
 Index = 3: R = 5.000e+01 Ω
 Index = 4: R = 5.000e+01 Ω

Configuring lumped port excitation source term at attributes:
 100004: Index = 4

Configuring Dirichlet PEC BC at attributes:
 1000000

Computing frequency response for:
Excitation with index 4 has contributions from:
 Lumped port  4

Assembling system matrices, number of global unknowns:
 H1 (p = 1): 165897, ND (p = 1): 1027135, RT (p = 1): 1662194
 Operator assembly level: Partial
 Mesh geometries:
  Tetrahedron: P = 6, Q = 4 (quadrature order = 2)

Assembling multigrid hierarchy:
 Level 0 (p = 1): 1027135 unknowns
 Level 0 (auxiliary) (p = 1): 165897 unknowns

It 1/1: ω/2π = 4.000e-01 GHz (total elapsed time = 2.58e+01 s)

  Residual norms for GMRES solve
  0 (restart 0) KSP residual norm 3.254351e-02
  1 (restart 0) KSP residual norm 1.450619e-02
  2 (restart 0) KSP residual norm 4.756613e-03
  3 (restart 0) KSP residual norm 4.465936e-03
  4 (restart 0) KSP residual norm 3.836707e-04
  5 (restart 0) KSP residual norm 1.997626e-04
  6 (restart 0) KSP residual norm 5.126847e-05
  7 (restart 0) KSP residual norm 2.701370e-05
  8 (restart 0) KSP residual norm 1.506924e-05
  9 (restart 0) KSP residual norm 4.981281e-06
 10 (restart 0) KSP residual norm 1.897979e-06
 11 (restart 0) KSP residual norm 3.352654e-07
 12 (restart 0) KSP residual norm 2.238492e-07
 13 (restart 0) KSP residual norm 1.594646e-07
 14 (restart 0) KSP residual norm 5.499141e-08
 15 (restart 0) KSP residual norm 2.957520e-08
 16 (restart 0) KSP residual norm 4.243542e-09
 17 (restart 0) KSP residual norm 4.149159e-09
 18 (restart 0) KSP residual norm 2.774465e-09
 19 (restart 0) KSP residual norm 2.693239e-10
GMRES solver converged in 19 iterations (avg. reduction factor: 3.755e-01)
 Sol. ||E|| = 2.331525e+01 (||RHS|| = 3.254351e-02)
 Field energy E (1.847e-01 J) + H (1.295e-01 J) = 3.142e-01 J
 S[1][4] = +1.120e-01+1.221e-02i, |S[1][4]| = -1.896e+01, arg(S[1][4]) = +6.221e+00
 S[2][4] = +1.929e-01+1.374e-01i, |S[2][4]| = -1.251e+01, arg(S[2][4]) = +3.547e+01
 S[3][4] = +5.973e-01-7.038e-01i, |S[3][4]| = -6.950e-01, arg(S[3][4]) = -4.968e+01
 S[4][4] = -2.031e-01-1.387e-01i, |S[4][4]| = -1.218e+01, arg(S[4][4]) = -1.457e+02
 Updating solution error estimates

Completed 0 iterations of adaptive mesh refinement (AMR):
 Indicator norm = 6.185e-01, global unknowns = 1027135
 Max. iterations = 0, tol. = 1.000e-02

Elapsed Time Report (s)           Min.        Max.        Avg.
==============================================================
Initialization                   0.977       1.067       1.018
  Mesh Preprocessing            10.442      10.469      10.457
Operator Construction            1.795       1.887       1.847
Linear Solve                     8.631       8.647       8.636
  Setup                         25.810      25.814      25.812
  Preconditioner                 7.335       7.352       7.346
Estimation                       0.442       0.456       0.448
  Construction                  28.039      28.084      28.063
  Solve                        110.073     110.096     110.086
Postprocessing                   0.446       0.454       0.450
Disk IO                          3.505       3.507       3.506
--------------------------------------------------------------
Total                          197.790     197.798     197.793

