>> /usr/bin/mpirun -n 2 /opt/palace/bin/palace-x86_64.bin palace-2.json

_____________     _______
_____   __   \____ __   /____ ____________
____   /_/  /  __ ` /  /  __ ` /  ___/  _ \
___   _____/  /_/  /  /  /_/  /  /__/  ___/
  /__/     \___,__/__/\___,__/\_____\_____/

Git changeset ID: v0.14.0
Running with 2 MPI processes, 1 OpenMP thread
Device configuration: omp,cpu
Memory configuration: host-std
libCEED backend: /cpu/self/xsmm/blocked

Added 2014 boundary elements for material interfaces to the mesh
Finished partitioning mesh into 2 subdomains

Characteristic length and time scales:
 L₀ = 1.000e-03 m, t₀ = 3.336e-03 ns

Mesh curvature order: 1
Mesh bounding box:
 (Xmin, Ymin, Zmin) = (-5.000e-03, -4.000e-03, -1.035e-03) m
 (Xmax, Ymax, Zmax) = (+5.000e-03, +4.000e-03, +1.940e-03) m

Parallel Mesh Stats:

                minimum     average     maximum       total
 vertices          6284        6426        6568       12852
 edges            37605       37939       38273       75878
 faces            60107       60274       60442      120549
 elements         28739       28762       28786       57525
 neighbors            1           1           1

            minimum     maximum
 h       0.00505776    0.926434
 kappa      1.08417     899.069

Configuring Robin absorbing BC (order 1) at attributes:
 1000001

Configuring Robin impedance BC for lumped ports at attributes:
 100001: Rs = 5.141e+00 Ω/sq, n = (-0.0,+0.0,+1.0)
 100002: Rs = 5.141e+00 Ω/sq, n = (+0.0,-0.0,+1.0)

Configuring lumped port circuit properties:
 Index = 1: R = 5.000e+01 Ω
 Index = 2: R = 5.000e+01 Ω

Configuring lumped port excitation source term at attributes:
 100002: Index = 2

Configuring Dirichlet PEC BC at attributes:
 1000000

Computing frequency response for:
Excitation with index 2 has contributions from:
 Lumped port  2

Assembling system matrices, number of global unknowns:
 H1 (p = 1): 12852, ND (p = 1): 75878, RT (p = 1): 120549
 Operator assembly level: Partial
 Mesh geometries:
  Tetrahedron: P = 6, Q = 4 (quadrature order = 2)

Assembling multigrid hierarchy:
 Level 0 (p = 1): 75878 unknowns
 Level 0 (auxiliary) (p = 1): 12852 unknowns

It 1/1: ω/2π = 4.000e-01 GHz (total elapsed time = 3.81e-01 s)

  Residual norms for GMRES solve
  0 (restart 0) KSP residual norm 5.258684e-02
  1 (restart 0) KSP residual norm 6.309111e-05
  2 (restart 0) KSP residual norm 1.156251e-06
  3 (restart 0) KSP residual norm 3.356821e-08
  4 (restart 0) KSP residual norm 1.011931e-09
  5 (restart 0) KSP residual norm 1.570394e-11
GMRES solver converged in 5 iterations (avg. reduction factor: 1.245e-02)
 Sol. ||E|| = 7.149101e+00 (||RHS|| = 5.258684e-02)
 Field energy E (1.326e-02 J) + H (3.550e-02 J) = 4.877e-02 J
 S[1][2] = +9.902e-01-1.224e-01i, |S[1][2]| = -1.937e-02, arg(S[1][2]) = -7.045e+00
 S[2][2] = +6.079e-03+5.589e-02i, |S[2][2]| = -2.500e+01, arg(S[2][2]) = +8.379e+01
 Updating solution error estimates

Completed 0 iterations of adaptive mesh refinement (AMR):
 Indicator norm = 4.628e-01, global unknowns = 75878
 Max. iterations = 0, tol. = 1.000e-02

Elapsed Time Report (s)           Min.        Max.        Avg.
==============================================================
Initialization                   0.061       0.063       0.062
  Mesh Preprocessing             0.585       0.585       0.585
Operator Construction            0.157       0.158       0.158
Linear Solve                     0.397       0.397       0.397
  Setup                          0.379       0.380       0.379
  Preconditioner                 3.775       3.776       3.775
Estimation                       0.052       0.054       0.053
  Construction                   2.983       2.983       2.983
  Solve                          4.840       4.841       4.841
Postprocessing                   0.061       0.064       0.063
Disk IO                          0.213       0.213       0.213
--------------------------------------------------------------
Total                           13.524      13.526      13.525

