>> /usr/bin/mpirun -n 2 /opt/palace/bin/palace-x86_64.bin palace.json

_____________     _______
_____   __   \____ __   /____ ____________
____   /_/  /  __ ` /  /  __ ` /  ___/  _ \
___   _____/  /_/  /  /  /_/  /  /__/  ___/
  /__/     \___,__/__/\___,__/\_____\_____/

Git changeset ID: v0.14.0
Running with 2 MPI processes, 1 OpenMP thread
Device configuration: omp,cpu
Memory configuration: host-std
libCEED backend: /cpu/self/xsmm/blocked


[38;2;255;255;000m--> Warning![0m
80 mesh faces with no associated boundary element exist on the domain boundary!

Added 80 boundary elements for exterior boundaries to the mesh
Finished partitioning mesh into 2 subdomains

Characteristic length and time scales:
 L₀ = 1.000e-03 m, t₀ = 3.336e-03 ns

Mesh curvature order: 1
Mesh bounding box:
 (Xmin, Ymin, Zmin) = (+0.000e+00, +0.000e+00, +0.000e+00) m
 (Xmax, Ymax, Zmax) = (+1.000e-02, +5.000e-03, +2.000e-04) m

Parallel Mesh Stats:

                minimum     average     maximum       total
 vertices           252         270         288         540
 edges             1221        1266        1311        2532
 faces             1686        1724        1762        3448
 elements           717         727         738        1455
 neighbors            1           1           1

            minimum     maximum
 h        0.0321796    0.447352
 kappa      1.79054     4243.31

Configuring Robin impedance BC for lumped ports at attributes:
 2001: Rs = 1.884e+02 Ω/sq, n = (-1.0,+0.0,+0.0)
 2002: Rs = 1.884e+02 Ω/sq, n = (+1.0,+0.0,+0.0)

Configuring lumped port circuit properties:
 Index = 1: R = 7.535e+00 Ω
 Index = 2: R = 7.535e+00 Ω

Configuring lumped port excitation source term at attributes:
 2001: Index = 1

Configuring Dirichlet PEC BC at attributes:
 2100

Computing frequency response for:
Excitation with index 1 has contributions from:
 Lumped port  1

Assembling system matrices, number of global unknowns:
 H1 (p = 1): 540, ND (p = 1): 2532, RT (p = 1): 3448
 Operator assembly level: Partial
 Mesh geometries:
  Tetrahedron: P = 6, Q = 4 (quadrature order = 2)

Assembling multigrid hierarchy:
 Level 0 (p = 1): 2532 unknowns
 Level 0 (auxiliary) (p = 1): 540 unknowns

It 1/5: ω/2π = 1.000e-01 GHz (total elapsed time = 5.74e-03 s)

  Residual norms for GMRES solve
  0 (restart 0) KSP residual norm 4.655552e+00
  1 (restart 0) KSP residual norm 7.673475e-02
  2 (restart 0) KSP residual norm 1.348379e-11
GMRES solver converged in 2 iterations (avg. reduction factor: 1.702e-06)
 Sol. ||E|| = 4.556314e+00 (||RHS|| = 6.845001e-03)
 Field energy E (3.336e-02 J) + H (3.336e-02 J) = 6.671e-02 J
 S[1][1] = +7.510e-10+1.699e-08i, |S[1][1]| = -1.554e+02, arg(S[1][1]) = +8.747e+01
 S[2][1] = +9.991e-01-4.190e-02i, |S[2][1]| = -3.645e-13, arg(S[2][1]) = -2.402e+00
 Updating solution error estimates

It 2/5: ω/2π = 4.000e-01 GHz (total elapsed time = 1.05e-01 s)

  Residual norms for GMRES solve
  0 (restart 0) KSP residual norm 3.602081e-01
  1 (restart 0) KSP residual norm 1.884914e-01
  2 (restart 0) KSP residual norm 7.785574e-04
  3 (restart 0) KSP residual norm 7.480480e-10
  4 (restart 0) KSP residual norm 4.724621e-12
GMRES solver converged in 4 iterations (avg. reduction factor: 9.863e-04)
 Sol. ||E|| = 4.556308e+00 (||RHS|| = 2.738000e-02)
 Field energy E (3.336e-02 J) + H (3.336e-02 J) = 6.671e-02 J
 S[1][1] = +1.912e-07+1.070e-06i, |S[1][1]| = -1.193e+02, arg(S[1][1]) = +7.987e+01
 S[2][1] = +9.860e-01-1.669e-01i, |S[2][1]| = -9.398e-12, arg(S[2][1]) = -9.607e+00
 Updating solution error estimates

It 3/5: ω/2π = 1.000e+00 GHz (total elapsed time = 1.90e-01 s)

  Residual norms for GMRES solve
  0 (restart 0) KSP residual norm 8.582074e-01
  1 (restart 0) KSP residual norm 3.318881e-01
  2 (restart 0) KSP residual norm 1.054667e-02
  3 (restart 0) KSP residual norm 2.412295e-08
  4 (restart 0) KSP residual norm 3.677598e-10
GMRES solver converged in 4 iterations (avg. reduction factor: 2.810e-03)
 Sol. ||E|| = 4.556285e+00 (||RHS|| = 6.845001e-02)
 Field energy E (3.336e-02 J) + H (3.336e-02 J) = 6.672e-02 J
 S[1][1] = +7.184e-06+1.517e-05i, |S[1][1]| = -9.550e+01, arg(S[1][1]) = +6.466e+01
 S[2][1] = +9.134e-01-4.070e-01i, |S[2][1]| = -1.427e-09, arg(S[2][1]) = -2.402e+01
 Updating solution error estimates

It 4/5: ω/2π = 2.000e+00 GHz (total elapsed time = 2.79e-01 s)

  Residual norms for GMRES solve
  0 (restart 0) KSP residual norm 2.243025e+00
  1 (restart 0) KSP residual norm 4.802503e-01
  2 (restart 0) KSP residual norm 6.519151e-02
  3 (restart 0) KSP residual norm 3.021638e-07
  4 (restart 0) KSP residual norm 1.228760e-08
  5 (restart 0) KSP residual norm 7.643113e-10
GMRES solver converged in 5 iterations (avg. reduction factor: 9.727e-03)
 Sol. ||E|| = 4.556309e+00 (||RHS|| = 1.369000e-01)
 Field energy E (3.336e-02 J) + H (3.337e-02 J) = 6.673e-02 J
 S[1][1] = +9.978e-05+8.131e-05i, |S[1][1]| = -7.781e+01, arg(S[1][1]) = +3.917e+01
 S[2][1] = +6.686e-01-7.436e-01i, |S[2][1]| = -7.424e-08, arg(S[2][1]) = -4.804e+01
 Updating solution error estimates

It 5/5: ω/2π = 5.000e+00 GHz (total elapsed time = 3.72e-01 s)

  Residual norms for GMRES solve
  0 (restart 0) KSP residual norm 9.721102e+00
  1 (restart 0) KSP residual norm 1.458456e+00
  2 (restart 0) KSP residual norm 5.414258e-01
  3 (restart 0) KSP residual norm 1.036933e-05
  4 (restart 0) KSP residual norm 1.298981e-06
  5 (restart 0) KSP residual norm 1.005281e-07
  6 (restart 0) KSP residual norm 5.362494e-09
  7 (restart 0) KSP residual norm 3.470868e-10
GMRES solver converged in 7 iterations (avg. reduction factor: 3.183e-02)
 Sol. ||E|| = 4.558794e+00 (||RHS|| = 3.422501e-01)
 Field energy E (3.344e-02 J) + H (3.340e-02 J) = 6.684e-02 J
 S[1][1] = +1.164e-03-9.819e-04i, |S[1][1]| = -5.635e+01, arg(S[1][1]) = -4.015e+01
 S[2][1] = -5.023e-01-8.647e-01i, |S[2][1]| = -1.020e-05, arg(S[2][1]) = -1.202e+02
 Updating solution error estimates

Completed 0 iterations of adaptive mesh refinement (AMR):
 Indicator norm = 1.883e-02, global unknowns = 2532
 Max. iterations = 0, tol. = 1.000e-02

Elapsed Time Report (s)           Min.        Max.        Avg.
==============================================================
Initialization                   0.003       0.003       0.003
  Mesh Preprocessing             0.039       0.039       0.039
Operator Construction            0.011       0.011       0.011
Linear Solve                     0.031       0.032       0.032
  Setup                          0.028       0.028       0.028
  Preconditioner                 0.057       0.058       0.057
Estimation                       0.005       0.006       0.006
  Construction                   0.032       0.032       0.032
  Solve                          0.353       0.353       0.353
Postprocessing                   0.010       0.011       0.011
Disk IO                          0.004       0.004       0.004
--------------------------------------------------------------
Total                            0.637       0.640       0.638

